01-01 06:17:46.271   532  2068 I chatty  : uid=1047(cameraserver) provider@2.4-se expire 21 lines
01-01 06:17:46.274   664   803 I ThermalEngine: Thermal-Server: Adding thermal event listener on fd 35
01-01 06:17:46.274   532  2097 I chatty  : uid=1047(cameraserver) provider@2.4-se expire 2 lines
01-01 06:17:46.277   532  1171 I chatty  : uid=1047(cameraserver) HwBinder:532_1 expire 8 lines
01-01 06:17:46.280   532  2068 I mm-camera: <ISP   >< INFO> 7490: isp_util_handle_stream_info: streams_desc num_streams is 0 
01-01 06:17:46.280   532  2068 I mm-camera: <IFACE >< INFO> 6379: iface_util_handle_meta_stream_info: iface_util_handle_meta_stream_info: ms_type 0 num streams 0
01-01 06:17:46.281   532  1004 E mm-camera: <IMGLIB><ERROR> 297: AllocateBuffers: Invalid dimensions 0x0
01-01 06:17:46.281   532  1004 E mm-camera: <IMGLIB><ERROR> 197: img_algo_preload: Preload: Failed to allocate buffer, rc -4
01-01 06:17:46.281   532  1004 E mm-camera: <IMGLIB><ERROR> 121: module_imgbase_client_preload_exec: IMG_CORE_PRELOAD failed -4
01-01 06:17:46.281   532  1171 I Thermal-Lib: Thermal-Lib-Client: Unregisteration is successfull for handle:1
01-01 06:17:46.282   664   803 I ThermalEngine: Thermal-Server: removing client on fd 35
01-01 06:17:46.282   532  1171 I Thermal-Lib: Thermal-Lib-Client: Unregisteration is successfull for handle:2
01-01 06:17:46.284   532  1171 I mm-camera: <MCT   >< INFO> 310: mct_controller_destroy: Initiating destroy sequence for session = 1
01-01 06:17:46.286   532  1171 I mm-camera: <MCT   >< INFO> 328: mct_controller_destroy: serv_thread closed
01-01 06:17:46.286   532  1171 I mm-camera: <MCT   >< INFO> 343: mct_controller_destroy: bus_handler thread closed
01-01 06:17:46.286   532  1171 I mm-camera: <MCT   >< INFO> 5236: mct_pipeline_stop_session: Initiating stop_session on session 1
01-01 06:17:46.286   532  1171 I mm-camera: <MCT   >< INFO> 4150: mct_pipeline_process_set: command=800000b
01-01 06:17:46.286   532  1171 I mm-camera: <MCT   >< INFO> 4369: mct_pipeline_process_set: Issuing DEL_STREAM on stream 0x1000f and stream type=10
01-01 06:17:46.286   532  1171 I mm-camera: <IFACE >< INFO> 699: iface_unreserve_sink_port: stream_id f mode 0 
01-01 06:17:46.286   532  1171 I mm-camera: <ISP   >< INFO> 939: isp_port_check_caps_unreserve: ide 1000f port 0xe6176800
01-01 06:17:46.289   532  1171 I mm-camera: <MCT   >< INFO> 4392: mct_pipeline_process_set: Stream 0x1000f and stream type=10, successfully deleted
01-01 06:17:46.291   532  2102 I mm-camera: <MCT   >< INFO> 4970: mct_pipeline_stop_session_thread: Stop module name: sensor - E
01-01 06:17:46.291   532  2102 I mm-camera: <MCT   >< INFO> 4978: mct_pipeline_stop_session_thread: Stop module name: sensor - X
01-01 06:17:46.292   532  2103 I mm-camera: <MCT   >< INFO> 4970: mct_pipeline_stop_session_thread: Stop module name: iface - E
01-01 06:17:46.292   532  2103 I mm-camera: <MCT   >< INFO> 4978: mct_pipeline_stop_session_thread: Stop module name: iface - X
01-01 06:17:46.293   532  2104 I mm-camera: <MCT   >< INFO> 4970: mct_pipeline_stop_session_thread: Stop module name: isp - E
01-01 06:17:46.293   532  2104 I mm-camera: <ISP   >< INFO> 510: isp_module_stop_session: session id 1
01-01 06:17:46.293   532  2104 I mm-camera: <MCT   >< INFO> 4978: mct_pipeline_stop_session_thread: Stop module name: isp - X
01-01 06:17:46.294   532  2105 I mm-camera: <MCT   >< INFO> 4970: mct_pipeline_stop_session_thread: Stop module name: stats - E
01-01 06:17:46.296   532  2105 I mm-camera: <MCT   >< INFO> 4978: mct_pipeline_stop_session_thread: Stop module name: stats - X
01-01 06:17:46.296   532  2106 I mm-camera: <MCT   >< INFO> 4970: mct_pipeline_stop_session_thread: Stop module name: pproc - E
01-01 06:17:46.296   532  1171 I mm-camera: <MCT   >< INFO> 5258: mct_pipeline_stop_session: Modules left: 5
01-01 06:17:46.297   532  1171 I mm-camera: <MCT   >< INFO> 5258: mct_pipeline_stop_session: Modules left: 4
01-01 06:17:46.297   532  1171 I mm-camera: <MCT   >< INFO> 5258: mct_pipeline_stop_session: Modules left: 3
01-01 06:17:46.297   532  1171 I mm-camera: <MCT   >< INFO> 5258: mct_pipeline_stop_session: Modules left: 2
01-01 06:17:46.297   532  2107 I mm-camera: <MCT   >< INFO> 4970: mct_pipeline_stop_session_thread: Stop module name: imglib - E
01-01 06:17:46.297   532  2107 I mm-camera: <MCT   >< INFO> 4978: mct_pipeline_stop_session_thread: Stop module name: imglib - X
01-01 06:17:46.297   532  1171 I mm-camera: <MCT   >< INFO> 5258: mct_pipeline_stop_session: Modules left: 1
01-01 06:17:46.298   532  2106 E mm-camera: <IMGLIB><ERROR> 328: AllocateBuffers: Nothing allocated or already freed!
01-01 06:17:46.298   532  2106 I mm-camera: <MCT   >< INFO> 4978: mct_pipeline_stop_session_thread: Stop module name: pproc - X
01-01 06:17:46.298   532  1171 I mm-camera: <MCT   >< INFO> 5258: mct_pipeline_stop_session: Modules left: 0
01-01 06:17:46.298   532  1171 I mm-camera: <MCT   >< INFO> 5268: mct_pipeline_stop_session: Stopped session 1 successfully
01-01 06:17:46.298   532  1171 I mm-camera: <MCT   >< INFO> 5570: mct_pipeline_destroy: E: session:1
01-01 06:17:46.298   532  1171 E mm-camera: <MCT   ><ERROR> 179: stop_sof_check_thread: Returning as SOF timer thread not yet initialized
01-01 06:17:46.298   532  1171 I mm-camera: <MCT   >< INFO> 5647: mct_pipeline_destroy: X: Pipeline destroyed successfully session =1
01-01 06:17:46.298   532  1171 I mm-camera: <MCT   >< INFO> 422: mct_controller_destroy: X Successfully closed mct_controller session 1
01-01 06:17:46.300   539   574 I SDM     : ResourceImpl::SetMaxBandwidthMode: new bandwidth mode=0
01-01 06:17:46.300   532  1171 I QCamera : <HAL><INFO> closeCamera: 2406: [KPI Perf]: X PROFILE_CLOSE_CAMERA camera id 0, rc: 0
01-01 06:17:46.301   532  1171 I QCamera : <HAL><INFO> close_camera_device: 1545: [KPI Perf]: X
01-01 06:17:46.301  1994  1994 I CameraProviderManager: Enumerating new camera device: device@3.3/legacy/0
01-01 06:17:46.302  1994  1994 I CameraProviderManager: Enumerating new camera device: device@1.0/legacy/1
01-01 06:17:46.303  2047  2047 I Perf    : Connecting to perf service.
01-01 06:17:46.305   532  1171 I CamDev@1.0-impl: Opening camera 1
01-01 06:17:46.305   532  1171 I QCamera : <HAL><INFO> openLegacy: 517: openLegacy halVersion: 256 cameraId = 1
01-01 06:17:46.307   532  1171 I QCamera : <HAL><INFO> openCamera: 1898: [KPI Perf]: E PROFILE_OPEN_CAMERA camera id 1
01-01 06:17:46.307   532  1171 E QCamera : <HAL><ERROR> acquirePerfLock: 528: Failed to acquire the perf lock
01-01 06:17:46.307   532  1171 D QCamera : Debug log file is not enabled
01-01 06:17:46.307   532  1171 I mm-camera: <MCT   >< INFO> 118: mct_controller_new: Creating new mct_controller with session-id 2
01-01 06:17:46.310   532  2113 I mm-camera: <MCT   >< INFO> 5158: mct_pipeline_start_session_thread: E sensor
01-01 06:17:46.310   532  2113 I mm-camera: <MCT   >< INFO> 5165: mct_pipeline_start_session_thread: Calling start_session on Module sensor
01-01 06:17:46.311   532  2114 I mm-camera: <MCT   >< INFO> 5158: mct_pipeline_start_session_thread: E iface
01-01 06:17:46.311   532  2114 I mm-camera: <MCT   >< INFO> 5165: mct_pipeline_start_session_thread: Calling start_session on Module iface
01-01 06:17:46.312   532  2116 I mm-camera: <MCT   >< INFO> 5158: mct_pipeline_start_session_thread: E isp
01-01 06:17:46.313   532  2116 I mm-camera: <MCT   >< INFO> 5165: mct_pipeline_start_session_thread: Calling start_session on Module isp
01-01 06:17:46.313   532  2116 I mm-camera: <ISP   >< INFO> 214: isp_module_start_session: session id 2 
01-01 06:17:46.317   532  2114 I mm-camera: <MCT   >< INFO> 5168: mct_pipeline_start_session_thread: Module iface start_session rc = 1
01-01 06:17:46.317   532  2114 I mm-camera: <MCT   >< INFO> 5176: mct_pipeline_start_session_thread: started_num = 1, success = 1
01-01 06:17:46.317   532  2114 I mm-camera: <MCT   >< INFO> 5183: mct_pipeline_start_session_thread: X iface
01-01 06:17:46.319   532  2116 I mm-camera: <MCT   >< INFO> 5168: mct_pipeline_start_session_thread: Module isp start_session rc = 1
01-01 06:17:46.319   532  2118 I mm-camera: <MCT   >< INFO> 5158: mct_pipeline_start_session_thread: E stats
01-01 06:17:46.319   532  2116 I mm-camera: <MCT   >< INFO> 5176: mct_pipeline_start_session_thread: started_num = 2, success = 2
01-01 06:17:46.319   532  2116 I mm-camera: <MCT   >< INFO> 5183: mct_pipeline_start_session_thread: X isp
01-01 06:17:46.319   532  2118 I mm-camera: <MCT   >< INFO> 5165: mct_pipeline_start_session_thread: Calling start_session on Module stats
01-01 06:17:46.319   532  2113 I mm-camera: <MCT   >< INFO> 5168: mct_pipeline_start_session_thread: Module sensor start_session rc = 1
01-01 06:17:46.321   532  2113 I mm-camera: <MCT   >< INFO> 5176: mct_pipeline_start_session_thread: started_num = 3, success = 3
01-01 06:17:46.321   532  2113 I mm-camera: <MCT   >< INFO> 5183: mct_pipeline_start_session_thread: X sensor
01-01 06:17:46.323   532  2118 I mm-camera: <MCT   >< INFO> 5168: mct_pipeline_start_session_thread: Module stats start_session rc = 1
01-01 06:17:46.323   532  2118 I mm-camera: <MCT   >< INFO> 5176: mct_pipeline_start_session_thread: started_num = 4, success = 4
01-01 06:17:46.323   532  2118 I mm-camera: <MCT   >< INFO> 5183: mct_pipeline_start_session_thread: X stats
01-01 06:17:46.331   532  2123 I mm-camera: <MCT   >< INFO> 5158: mct_pipeline_start_session_thread: E pproc
01-01 06:17:46.332   532  2123 I mm-camera: <MCT   >< INFO> 5165: mct_pipeline_start_session_thread: Calling start_session on Module pproc
01-01 06:17:46.333   532  2124 I mm-camera: <MCT   >< INFO> 5158: mct_pipeline_start_session_thread: E imglib
01-01 06:17:46.333   532  2124 I mm-camera: <MCT   >< INFO> 5165: mct_pipeline_start_session_thread: Calling start_session on Module imglib
01-01 06:17:46.333   532  2124 I mm-camera: <MCT   >< INFO> 5168: mct_pipeline_start_session_thread: Module imglib start_session rc = 1
01-01 06:17:46.333   532  2124 I mm-camera: <MCT   >< INFO> 5176: mct_pipeline_start_session_thread: started_num = 5, success = 5
01-01 06:17:46.333   532  2124 I mm-camera: <MCT   >< INFO> 5183: mct_pipeline_start_session_thread: X imglib
01-01 06:17:46.335   532  2123 I mm-camera: <MCT   >< INFO> 5168: mct_pipeline_start_session_thread: Module pproc start_session rc = 1
01-01 06:17:46.335   532  2123 I mm-camera: <MCT   >< INFO> 5176: mct_pipeline_start_session_thread: started_num = 6, success = 6
01-01 06:17:46.337   532  2123 I mm-camera: <MCT   >< INFO> 5183: mct_pipeline_start_session_thread: X pproc
01-01 06:17:46.347   532  1171 I mm-camera: <MCT   >< INFO> 5079: mct_pipeline_start_stream_internal: Adding session stream streamid= 0xf for session=2
01-01 06:17:46.348   532  1171 I mm-camera: <MCT   >< INFO> 5127: mct_pipeline_start_stream_internal: Linking session stream for session 2
01-01 06:17:46.348   532  1171 I mm-camera: <MCT   >< INFO> 524: mct_stream_start_link: Start linking Session-stream 0x2000f
01-01 06:17:46.348   532  1171 I mm-camera: <IFACE >< INFO> 344: iface_util_find_primary_cid: iface_util_find_primary_cid:344 error cannot find primary sensor format cids 1
01-01 06:17:46.348   532  1171 I mm-camera: <ISP   >< INFO> 849: isp_port_check_caps_reserve: port 0xe6176800 ide 2000f type 10 dim 0 0
01-01 06:17:46.348   532  1171 I mm-camera: <PPROC >< INFO> 449: pproc_port_add_modules_to_stream: in identity 2000f stream 10 int_link = 0xe60f5e00
01-01 06:17:46.348   532  1171 I mm-camera: <PPROC >< INFO> 461: pproc_port_add_modules_to_stream: :LINK linking mods tmod and paaf for identity 2000f
01-01 06:17:46.350   532  1171 I mm-camera: <PPROC >< INFO> 461: pproc_port_add_modules_to_stream: :LINK linking mods paaf and c2d for identity 2000f
01-01 06:17:46.350   532  1171 I mm-camera: <C2D   >< INFO> 1557: c2d_module_notify_add_stream: width 0, height 0, stride 0, scanline 0, is_type 0
01-01 06:17:46.350   532  1171 I mm-camera: <PPROC >< INFO> 461: pproc_port_add_modules_to_stream: :LINK linking mods c2d and cpp for identity 2000f
01-01 06:17:46.351   532  1171 I mm-camera: <CPP   >< INFO> 2458: cpp_module_notify_add_stream: :stream 10, width 0, height 0, stride 0,scanline 0, framelen 0
01-01 06:17:46.351   532  1171 I mm-camera: <CPP   >< INFO> 2615: cpp_module_notify_add_stream: : stream 10, fmt 1, asf_mode 0, sharpness_level 0.000000,asf mask 0, denoise 0, denoise_mask 0, dsdn mask 0,dsdn enable 0, tnr mask 0, tnr enable 0, ds_mask 0, luma dsdn 0
01-01 06:17:46.351   532  1171 I mm-camera: <PPROC >< INFO> 461: pproc_port_add_modules_to_stream: :LINK linking mods cpp and rtbdm for identity 2000f
01-01 06:17:46.352   532  1171 I mm-camera: <PPROC >< INFO> 461: pproc_port_add_modules_to_stream: :LINK linking mods rtbdm and depth_map for identity 2000f
01-01 06:17:46.352   532  1171 I mm-camera: <PPROC >< INFO> 461: pproc_port_add_modules_to_stream: :LINK linking mods depth_map and ezt for identity 2000f
01-01 06:17:46.353   532  1171 I mm-camera: <PPROC >< INFO> 461: pproc_port_add_modules_to_stream: :LINK linking mods ezt and quadracfa for identity 2000f
01-01 06:17:46.355   532  1171 E mm-camera: <STATS ><ERROR> 3011: stats_port_check_caps_reserve: Invalid Port capability type!
01-01 06:17:46.355   532  1171 E mm-camera: <STATS ><ERROR> 3011: stats_port_check_caps_reserve: Invalid Port capability type!
01-01 06:17:46.360   532  1171 I mm-camera: <MCT   >< INFO> 5136: mct_pipeline_start_stream_internal: Session stream linked successfully session 2
01-01 06:17:46.369   532  2115 E mm-camera: <SENSOR><ERROR> 249: module_sensor_offload_init_config: func_tbl for submodule 4 is NULL
01-01 06:17:46.369   532  2115 E mm-camera: <SENSOR><ERROR> 251: module_sensor_offload_init_config: failed to get led off frame skip time
01-01 06:17:46.370   539   574 I SDM     : ResourceImpl::SetMaxBandwidthMode: new bandwidth mode=1
01-01 06:17:46.376  2047  2047 I AlarmClock: AlarmInitReceiver android.intent.action.LOCKED_BOOT_COMPLETED
01-01 06:17:46.378   532  1171 I Thermal-Lib: Thermal-Lib-Client: Registration successful for camera with handle:1
01-01 06:17:46.378   532  1171 I Thermal-Lib: Thermal-Lib-Client: Registration successful for camcorder with handle:2
01-01 06:17:46.378   532  1171 I QCamera : <HAL><INFO> openCamera: 1928: [KPI Perf]: X PROFILE_OPEN_CAMERA camera id 1, rc: 0
01-01 06:17:46.378   532  1171 I CamDev@1.0-impl: could not cast ICameraDeviceCallback to IQCameraDeviceCallback
01-01 06:17:46.378   532  2111 E mm-camera: <IMGLIB><ERROR> 322: module_depth_map_handle_ctrl_parm: E
01-01 06:17:46.378   532  2111 E mm-camera: <IMGLIB><ERROR> 430: module_depth_map_set_config_param: X
01-01 06:17:46.378   532  2111 E mm-camera: <IMGLIB><ERROR> 254: module_depth_map_send_config_data: CAM_STREAM_TYPE_DEPTH not set !!
01-01 06:17:46.378   532  2111 E mm-camera: <IMGLIB><ERROR> 369: module_depth_map_handle_ctrl_parm: Error module_depth_map_send_config_data
01-01 06:17:46.378   532  2111 E mm-camera: <IMGLIB><ERROR> 373: module_depth_map_handle_ctrl_parm: X
01-01 06:17:46.378   532  2111 E mm-camera: <IMGLIB><ERROR> 880: module_imgbase_process_param: [depth_map] handle_ctrl_parm error : type=10, rc=-5
01-01 06:17:46.378   532  2111 I mm-camera: <IFACE >< INFO> 6269: iface_util_set_dis_enable_flag: iface_util_set_dis_enable_flag:6269 DIS enable flag = 0
01-01 06:17:46.379   532  2111 E mm-camera: <SENSOR><ERROR> 5395: module_sensor_event_control_set_parm: func_tbl for submodule 4 is NULL
01-01 06:17:46.380   664   803 I ThermalEngine: Thermal-Server: Adding thermal event listener on fd 35
01-01 06:17:46.382   532  1171 I CamDev@1.0-impl: Closing camera 1
01-01 06:17:46.382   532  1171 I QCamera : <HAL><INFO> close_camera_device: 1527: [KPI Perf]: E camera id 1
01-01 06:17:46.382   532  2141 I Thermal-Lib: Thermal-Lib-Client: Client received msg camera 0
01-01 06:17:46.382   532  2111 E mm-camera: <IMGLIB><ERROR> 322: module_depth_map_handle_ctrl_parm: E
01-01 06:17:46.382   532  2111 E mm-camera: <IMGLIB><ERROR> 430: module_depth_map_set_config_param: X
01-01 06:17:46.382   532  2111 E mm-camera: <IMGLIB><ERROR> 254: module_depth_map_send_config_data: CAM_STREAM_TYPE_DEPTH not set !!
01-01 06:17:46.382   532  2111 E mm-camera: <IMGLIB><ERROR> 369: module_depth_map_handle_ctrl_parm: Error module_depth_map_send_config_data
01-01 06:17:46.382   532  2111 E mm-camera: <IMGLIB><ERROR> 373: module_depth_map_handle_ctrl_parm: X
01-01 06:17:46.382   532  2111 E mm-camera: <IMGLIB><ERROR> 880: module_imgbase_process_param: [depth_map] handle_ctrl_parm error : type=10, rc=-5
01-01 06:17:46.383   532  1171 E QCamera : <HAL><ERROR> acquirePerfLock: 528: Failed to acquire the perf lock
01-01 06:17:46.383   532  2141 I Thermal-Lib: Thermal-Lib-Client: Client received msg camcorder 0
01-01 06:17:46.383   532  1171 I QCamera : <HAL><INFO> closeCamera: 2330: E
01-01 06:17:46.383   532  1171 I QCamera : <HAL><INFO> closeCamera: 2335: [KPI Perf]: E PROFILE_CLOSE_CAMERA camera id 1
01-01 06:17:46.383   532  1004 E mm-camera: <IMGLIB><ERROR> 297: AllocateBuffers: Invalid dimensions 0x0
01-01 06:17:46.383   532  2111 I mm-camera: <ISP   >< INFO> 7159: isp_util_print_meta_stream_info: Deallocate resources
01-01 06:17:46.383   532  1004 E mm-camera: <IMGLIB><ERROR> 197: img_algo_preload: Preload: Failed to allocate buffer, rc -4
01-01 06:17:46.384   532  1004 E mm-camera: <IMGLIB><ERROR> 121: module_imgbase_client_preload_exec: IMG_CORE_PRELOAD failed -4
01-01 06:17:46.384   532  2111 I mm-camera: <ISP   >< INFO> 7490: isp_util_handle_stream_info: streams_desc num_streams is 0 
01-01 06:17:46.384   532  2111 I mm-camera: <IFACE >< INFO> 6379: iface_util_handle_meta_stream_info: iface_util_handle_meta_stream_info: ms_type 0 num streams 0
01-01 06:17:46.386   532  1171 I Thermal-Lib: Thermal-Lib-Client: Unregisteration is successfull for handle:1
01-01 06:17:46.386   664   803 I ThermalEngine: Thermal-Server: removing client on fd 35
01-01 06:17:46.386   532  1171 I Thermal-Lib: Thermal-Lib-Client: Unregisteration is successfull for handle:2
01-01 06:17:46.387   532  1171 I mm-camera: <MCT   >< INFO> 310: mct_controller_destroy: Initiating destroy sequence for session = 2
01-01 06:17:46.387   532  1171 I mm-camera: <MCT   >< INFO> 328: mct_controller_destroy: serv_thread closed
01-01 06:17:46.387   532  1171 I mm-camera: <MCT   >< INFO> 343: mct_controller_destroy: bus_handler thread closed
01-01 06:17:46.387   532  1171 I mm-camera: <MCT   >< INFO> 5236: mct_pipeline_stop_session: Initiating stop_session on session 2
01-01 06:17:46.387   532  1171 I mm-camera: <MCT   >< INFO> 4150: mct_pipeline_process_set: command=800000b
01-01 06:17:46.387   532  1171 I mm-camera: <MCT   >< INFO> 4369: mct_pipeline_process_set: Issuing DEL_STREAM on stream 0x2000f and stream type=10
01-01 06:17:46.387   532  1171 I mm-camera: <IFACE >< INFO> 699: iface_unreserve_sink_port: stream_id f mode 0 
01-01 06:17:46.387   532  1171 I mm-camera: <ISP   >< INFO> 939: isp_port_check_caps_unreserve: ide 2000f port 0xe6176800
01-01 06:17:46.388  2047  2144 I AlarmClock: Fixing alarm instances
01-01 06:17:46.389   532  1171 I mm-camera: <MCT   >< INFO> 4392: mct_pipeline_process_set: Stream 0x2000f and stream type=10, successfully deleted
01-01 06:17:46.389   532  2145 I mm-camera: <MCT   >< INFO> 4970: mct_pipeline_stop_session_thread: Stop module name: sensor - E
01-01 06:17:46.390   532  2145 I mm-camera: <MCT   >< INFO> 4978: mct_pipeline_stop_session_thread: Stop module name: sensor - X
01-01 06:17:46.390   532  2146 I mm-camera: <MCT   >< INFO> 4970: mct_pipeline_stop_session_thread: Stop module name: iface - E
01-01 06:17:46.390   532  2147 I mm-camera: <MCT   >< INFO> 4970: mct_pipeline_stop_session_thread: Stop module name: isp - E
01-01 06:17:46.390   532  2147 I mm-camera: <ISP   >< INFO> 510: isp_module_stop_session: session id 2
01-01 06:17:46.390   532  2148 I mm-camera: <MCT   >< INFO> 4970: mct_pipeline_stop_session_thread: Stop module name: stats - E
01-01 06:17:46.391   532  2146 I mm-camera: <MCT   >< INFO> 4978: mct_pipeline_stop_session_thread: Stop module name: iface - X
01-01 06:17:46.391   532  2149 I mm-camera: <MCT   >< INFO> 4970: mct_pipeline_stop_session_thread: Stop module name: pproc - E
01-01 06:17:46.401   532  2150 I mm-camera: <MCT   >< INFO> 4970: mct_pipeline_stop_session_thread: Stop module name: imglib - E
01-01 06:17:46.401   532  1171 I mm-camera: <MCT   >< INFO> 5258: mct_pipeline_stop_session: Modules left: 5
01-01 06:17:46.401   532  1171 I mm-camera: <MCT   >< INFO> 5258: mct_pipeline_stop_session: Modules left: 4
01-01 06:17:46.402   532  2147 I mm-camera: <MCT   >< INFO> 4978: mct_pipeline_stop_session_thread: Stop module name: isp - X
01-01 06:17:46.402   532  2149 E mm-camera: <IMGLIB><ERROR> 328: AllocateBuffers: Nothing allocated or already freed!
01-01 06:17:46.402   532  2149 I mm-camera: <MCT   >< INFO> 4978: mct_pipeline_stop_session_thread: Stop module name: pproc - X
01-01 06:17:46.402   532  1171 I mm-camera: <MCT   >< INFO> 5258: mct_pipeline_stop_session: Modules left: 3
01-01 06:17:46.402   532  1171 I mm-camera: <MCT   >< INFO> 5258: mct_pipeline_stop_session: Modules left: 2
01-01 06:17:46.403   532  2150 I mm-camera: <MCT   >< INFO> 4978: mct_pipeline_stop_session_thread: Stop module name: imglib - X
01-01 06:17:46.403   532  1171 I mm-camera: <MCT   >< INFO> 5258: mct_pipeline_stop_session: Modules left: 1
01-01 06:17:46.407   532  2148 I mm-camera: <MCT   >< INFO> 4978: mct_pipeline_stop_session_thread: Stop module name: stats - X
01-01 06:17:46.407   532  1171 I mm-camera: <MCT   >< INFO> 5258: mct_pipeline_stop_session: Modules left: 0
01-01 06:17:46.407   532  1171 I mm-camera: <MCT   >< INFO> 5268: mct_pipeline_stop_session: Stopped session 2 successfully
01-01 06:17:46.407   532  1171 I mm-camera: <MCT   >< INFO> 5570: mct_pipeline_destroy: E: session:2
01-01 06:17:46.407   532  1171 E mm-camera: <MCT   ><ERROR> 179: stop_sof_check_thread: Returning as SOF timer thread not yet initialized
01-01 06:17:46.407   532  1171 I mm-camera: <MCT   >< INFO> 5647: mct_pipeline_destroy: X: Pipeline destroyed successfully session =2
01-01 06:17:46.407   532  1171 I mm-camera: <MCT   >< INFO> 422: mct_controller_destroy: X Successfully closed mct_controller session 2
01-01 06:17:46.408   539   574 I SDM     : ResourceImpl::SetMaxBandwidthMode: new bandwidth mode=0
01-01 06:17:46.409   532  1171 I QCamera : <HAL><INFO> closeCamera: 2406: [KPI Perf]: X PROFILE_CLOSE_CAMERA camera id 1, rc: 0
01-01 06:17:46.409   532  1171 I QCamera : <HAL><INFO> close_camera_device: 1545: [KPI Perf]: X
01-01 06:17:46.409  1994  1994 I CameraProviderManager: Enumerating new camera device: device@3.3/legacy/1
01-01 06:17:46.410  1994  1994 I CameraProviderManager: Camera provider legacy/0 ready with 4 camera devices
01-01 06:17:46.411   445   445 W hwservicemanager: getTransport: Cannot find entry android.hardware.camera.provider@2.4::ICameraProvider/external/0 in either framework or device manifest.
01-01 06:17:46.411  1994  2065 W CameraProviderManager: addProviderLocked: Camera provider HAL with name 'legacy/0' already registered
01-01 06:17:46.413  1994  1994 I CameraService: onDeviceStatusChanged: Status changed for cameraId=1, newStatus=1
01-01 06:17:46.413  1994  1994 I CameraService: onDeviceStatusChanged: Unknown camera ID 1, a new camera is added
01-01 06:17:46.414  1994  2065 I CameraService: onDeviceStatusChanged: Status changed for cameraId=1, newStatus=1
01-01 06:17:46.415  1994  2065 I CameraService: onDeviceStatusChanged: Status changed for cameraId=0, newStatus=1
01-01 06:17:46.415  1994  2065 I CameraService: onDeviceStatusChanged: Unknown camera ID 0, a new camera is added
01-01 06:17:46.415  1994  1994 I CameraService: onDeviceStatusChanged: Status changed for cameraId=0, newStatus=1
01-01 06:17:46.416  2047  2144 V AlarmClock: AlarmInitReceiver finished
01-01 06:17:46.418  1253  1649 W CameraService_proxy: Could not notify mediaserver, camera service not available.
01-01 06:17:46.418  1253  1649 I CameraService_proxy: Could not notify camera service of user switch, retrying...
01-01 06:17:46.426  1253  1649 I chatty  : uid=1000(system) Binder:1253_7 expire 140 lines
01-01 06:17:46.429  1904  1904 D QcrilMsgTunnelAutoboot: ComponentInfo{com.qualcomm.qcrilmsgtunnel/com.qualcomm.qcrilmsgtunnel.QcrilMsgTunnelService} started successfully
01-01 06:17:46.445   568  1467 D AudioPolicyManagerCustom: setForceUse() usage 0, config 0, mPhoneState 0
01-01 06:17:46.445   568  1467 D AudioPolicyManagerCustom: setForceUse() usage 2, config 0, mPhoneState 0
01-01 06:17:46.445   568  1467 D AudioPolicyManagerCustom: setForceUse() usage 7, config 0, mPhoneState 0
01-01 06:17:46.474  1659  1659 I .dataservices: The ClassLoaderContext is a special shared library.
01-01 06:17:46.511  1659  1659 D RCSService BC-Receiver: Boot Complete Event Received
01-01 06:17:46.512  1659  1659 D RCSService BC-Receiver: START RCS SERVICE ON BOOTUP
01-01 06:17:46.513  1659  1659 W ContextImpl: Calling a method in the system process without a qualified user: android.app.ContextImpl.startService:1531 android.content.ContextWrapper.startService:664 android.content.ContextWrapper.startService:664 com.qualcomm.qti.uceShimService.RCSReceiver.onReceive:41 android.app.ActivityThread.handleReceiver:3380 
01-01 06:17:46.520  1659  1659 I QRCSService: onCreate: Attempt to start service
01-01 06:17:46.527  1659  1659 I QRCSService: onStartCommand- Call
01-01 06:17:46.531  1659  2159 I android_os_HwBinder: HwBinder: Starting thread pool for default::android.hidl.manager@1.0::IServiceManager
01-01 06:17:46.533  1659  1740 I QRCSService: IServiceNotification.onRegistration
01-01 06:17:46.533  1659  1740 I QRCSService: Trying to get HIDL-IUceService
01-01 06:17:46.537  1659  1740 I android_os_HwBinder: HwBinder: Starting thread pool for com.qualcomm.qti.uceservice::com.qualcomm.qti.uceservice@2.0::IUceService
01-01 06:17:46.539  1659  1740 I QRCSService: Received HIDL-UCEService
01-01 06:17:46.542  1659  1740 I QRCSService: setHidlUceService failed
01-01 06:17:46.574  1253  1274 W ProcessCpuTracker: Skipping unknown process pid 2157
01-01 06:17:46.632  1253  1281 V PackageManager: reconcileAppsData finished 120 packages
01-01 06:17:46.632  1253  1281 I ActivityManager: User 0 state changed from RUNNING_LOCKED to RUNNING_UNLOCKING
01-01 06:17:46.632  1253  1281 D ActivityManager: Unlocking user 0 progress 20
01-01 06:17:46.633  1253  1281 W Looper  : Slow dispatch took 775ms android.fg h=android.os.Handler c=com.android.server.am.-$$Lambda$UserController$o6oQFjGYYIfx-I94cSakTLPLt6s@ee39a9c m=0
01-01 06:17:46.633  1253  1281 W Looper  : Slow delivery took 704ms android.fg h=com.android.server.AppStateTracker$MyHandler c=null m=12
01-01 06:17:46.633  1253  1275 I SystemServiceManager: Calling onUnlockUser u0
01-01 06:17:46.633  1253  1281 W Looper  : Drained
01-01 06:17:46.633  1253  1275 D BluetoothManagerService: User 0 unlocked
01-01 06:17:46.633  1253  1275 D StorageManagerService: onUnlockUser 0
01-01 06:17:46.634   468   468 D vold    : Linking /storage/emulated/0 to /mnt/user/0/primary
01-01 06:17:46.634  1253  1282 D BluetoothManagerService: MESSAGE_USER_UNLOCKED
01-01 06:17:46.651  1253  1357 D StorageManagerService: Volume public:179_65 broadcasting mounted to UserHandle{0}
01-01 06:17:46.655  1253  1357 D StorageManagerService: Volume emulated broadcasting mounted to UserHandle{0}
01-01 06:17:46.658  1253  1275 V UsbDeviceManager: onKeyguardStateChanged: isShowing:false secure:false user:0
01-01 06:17:46.660  1253  1366 I chatty  : uid=1000(system) WifiStateMachin expire 8 lines
01-01 06:17:46.667  1253  1275 W VoiceInteractionManagerService: no available voice interaction services found for user 0
01-01 06:17:46.667  1253  1275 W VoiceInteractionManagerService: no available voice recognition services found for user 0
01-01 06:17:46.669  1253  2166 V BackupManagerService: Starting with transport android/com.android.internal.backup.LocalTransport
01-01 06:17:46.671  1552  1552 W InputAttributes: No editor info for this field. Bug?
01-01 06:17:46.682  1253  1275 D AutofillManagerServiceImpl: Reset component for user 0 ()
01-01 06:17:46.683  1253  1275 D AutofillManagerServiceImpl: Reset component for user 0 ()
01-01 06:17:46.683  1253  1276 D AutofillUI: destroySaveUiUiThread(): already destroyed
01-01 06:17:46.683  1253  1275 D FieldClassificationStrategy: reset(): service is not bound. Do nothing.
01-01 06:17:46.683  1253  1275 I ActivityManager: User 0 state changed from RUNNING_UNLOCKING to RUNNING_UNLOCKED
01-01 06:17:46.683  1253  1275 D SystemServerTiming: SystemUserUnlock took to complete: 826ms
01-01 06:17:46.700  1253  1275 I ActivityManager: Sending BOOT_COMPLETE user #0
01-01 06:17:46.713  2173  2173 I Zygote  : seccomp disabled by setenforce 0
01-01 06:17:46.723   554   554 E ANDR-PERF-MPCTL: Request not accepted, as target initialization is not complete.
01-01 06:17:46.738  1676  1676 D CarrierSvcBindHelper: Received android.intent.action.USER_UNLOCKED
01-01 06:17:46.739  1253  1277 W ActivityManager: Slow operation: 53ms so far, now at startProcess: done updating battery stats
01-01 06:17:46.740  1253  1277 W ActivityManager: Slow operation: 53ms so far, now at startProcess: building log message
01-01 06:17:46.740  1253  1277 I ActivityManager: Start proc 2173:com.dolby.daxservice/u0a50 for added application com.dolby.daxservice
01-01 06:17:46.740  1253  1277 W ActivityManager: Slow operation: 54ms so far, now at startProcess: starting to update pids map
01-01 06:17:46.740  1253  1277 W ActivityManager: Slow operation: 54ms so far, now at startProcess: done updating pids map
01-01 06:17:46.740  1253  1277 W ActivityManager: Slow operation: 53ms so far, now at startProcess: asking zygote to start proc
01-01 06:17:46.740  1253  1253 V NotificationListeners: enabling notification listener for 0: ComponentInfo{com.android.launcher3/com.android.launcher3.notification.NotificationListener}
01-01 06:17:46.741  1253  1253 V NotificationListeners: binding: Intent { act=android.service.notification.NotificationListenerService cmp=com.android.launcher3/.notification.NotificationListener (has extras) }
01-01 06:17:46.748  1253  1253 V NotificationAssistants: disabling notification assistant for user 0: ComponentInfo{android.ext.services/android.ext.services.notification.Assistant}
01-01 06:17:46.749  1253  1253 D NotificationListeners: Removing active service ComponentInfo{android.ext.services/android.ext.services.notification.Assistant}
01-01 06:17:46.750   554   597 E ANDR-PERF-LM: Core: lmMain() 354: Unable to load library libadaptlaunch.so: dlopen failed: library "libadaptlaunch.so" not found
01-01 06:17:46.750   554   597 E ANDR-PERF-LM: Core: lmMain() 386: No features enabled, exiting..
01-01 06:17:46.760  1574  1814 I chatty  : uid=10034(com.android.systemui) expire 2 lines
01-01 06:17:46.766   554   554 E ANDR-PERF-MPCTL: Request not accepted, as target initialization is not complete.
01-01 06:17:46.766  1253  1277 W ActivityManager: Slow operation: 79ms so far, now at startProcess: returned from zygote!
01-01 06:17:46.776  2191  2191 I Zygote  : seccomp disabled by setenforce 0
01-01 06:17:46.777  1253  1253 V NotificationAssistants: enabling notification assistant for 0: ComponentInfo{android.ext.services/android.ext.services.notification.Assistant}
01-01 06:17:46.778  1253  1277 W ActivityManager: Slow operation: 91ms so far, now at startProcess: done updating battery stats
01-01 06:17:46.778  1253  1277 W ActivityManager: Slow operation: 91ms so far, now at startProcess: building log message
01-01 06:17:46.778  1253  1277 I ActivityManager: Start proc 2191:com.Lct.Ext.Feature/1000 for added application com.Lct.Ext.Feature
01-01 06:17:46.778  1253  1277 W ActivityManager: Slow operation: 91ms so far, now at startProcess: starting to update pids map
01-01 06:17:46.778  1253  1277 W ActivityManager: Slow operation: 91ms so far, now at startProcess: done updating pids map
01-01 06:17:46.779  1253  1277 W ActivityManager: Slow operation: 88ms so far, now at startProcess: asking zygote to start proc
01-01 06:17:46.779  1253  2166 I chatty  : uid=1000(system) backup expire 4 lines
01-01 06:17:46.790  1253  2166 E BackupPasswordManager: Unable to read backup pw version
01-01 06:17:46.791  1253  2166 E BackupPasswordManager: Unable to read saved backup pw hash
01-01 06:17:46.797  1253  1253 V NotificationAssistants: binding: Intent { act=android.service.notification.NotificationAssistantService cmp=android.ext.services/.notification.Assistant (has extras) }
01-01 06:17:46.805   554   554 E ANDR-PERF-MPCTL: Request not accepted, as target initialization is not complete.
01-01 06:17:46.805  1253  1277 W ActivityManager: Slow operation: 115ms so far, now at startProcess: returned from zygote!
01-01 06:17:46.805   571  1289 W SurfaceFlinger: Attempting to destroy on removed layer: AppWindowToken{a1770f9 token=Token{e5ccbc0 ActivityRecord{3dd4943 u0 com.android.settings/.FallbackHome t1}}}#0
01-01 06:17:46.811  2200  2200 I Zygote  : seccomp disabled by setenforce 0
01-01 06:17:46.816  1253  2196 I ActivityManager: START u0 {act=android.intent.action.MAIN cat=[android.intent.category.HOME] flg=0x10000100 cmp=com.android.launcher3/.Launcher} from uid 0
01-01 06:17:46.846   554   554 E ANDR-PERF-MPCTL: Request not accepted, as target initialization is not complete.
01-01 06:17:46.847   554   554 I chatty  : uid=0(root) perf@1.0-servic identical 1 line
01-01 06:17:46.849   554   554 E ANDR-PERF-MPCTL: Request not accepted, as target initialization is not complete.
01-01 06:17:46.851   445   445 W hwservicemanager: getTransport: Cannot find entry vendor.qti.hardware.iop@2.0::IIop/default in either framework or device manifest.
01-01 06:17:46.851  1253  2196 I chatty  : uid=1000(system) Binder:1253_A expire 52 lines
01-01 06:17:46.852   554   554 E ANDR-PERF-MPCTL: Request not accepted, as target initialization is not complete.
01-01 06:17:46.881  1253  1253 W Looper  : Slow dispatch took 141ms main h=android.app.ActivityThread$H c=android.app.-$$Lambda$LoadedApk$ReceiverDispatcher$Args$_BumDX2UKsnxLVrE6UJsJZkotuA@2d24edf m=0
01-01 06:17:46.884  1253  1277 W ActivityManager: Slow operation: 193ms so far, now at startProcess: done updating battery stats
01-01 06:17:46.884  1253  1277 W ActivityManager: Slow operation: 194ms so far, now at startProcess: building log message
01-01 06:17:46.884  1253  1277 I ActivityManager: Start proc 2200:com.android.se/1068 for added application com.android.se
01-01 06:17:46.884  1253  1277 W ActivityManager: Slow operation: 194ms so far, now at startProcess: starting to update pids map
01-01 06:17:46.884  1253  1277 W ActivityManager: Slow operation: 194ms so far, now at startProcess: done updating pids map
01-01 06:17:46.884  2173  2173 I Perf    : Connecting to perf service.
01-01 06:17:46.889  1253  1325 I chatty  : uid=1000(system) android.anim expire 1 line
01-01 06:17:46.897  1253  1277 W ActivityManager: Slow operation: 206ms so far, now at startProcess: asking zygote to start proc
01-01 06:17:46.900  1253  1325 W WindowManager: sjj_wm ------Add window package : com.android.launcher3
01-01 06:17:46.906  1253  2166 V BackupManagerService: No ancestral data
01-01 06:17:46.908  1253  1281 I AppWidgetServiceImpl: Async processing of onUserUnlocked u0 took 243 ms
01-01 06:17:46.909  1253  1281 W Looper  : Slow dispatch took 247ms android.fg h=android.os.Handler c=com.android.server.appwidget.-$$Lambda$AppWidgetService$HIwvoPMyKqEhLVIiysgUKH8QJg8@a83435c m=0
01-01 06:17:46.909  1253  1281 I ActivityManager: Loading recents for user 0 into memory.
01-01 06:17:46.917  2230  2230 I Zygote  : seccomp disabled by setenforce 0
01-01 06:17:46.918   554   554 E ANDR-PERF-MPCTL: Request not accepted, as target initialization is not complete.
01-01 06:17:46.918  1253  1277 W ActivityManager: Slow operation: 227ms so far, now at startProcess: returned from zygote!
01-01 06:17:46.941  2173  2173 I DaxService: onCreate() executed
01-01 06:17:46.946  1253  1281 W Looper  : Slow delivery took 225ms android.fg h=android.os.Handler c=com.android.server.am.-$$Lambda$UserController$Eh5Od1-6teHInq04bnfmHhMt3-E@ebfe506 m=0
01-01 06:17:46.947  1253  1281 W Looper  : Drained
01-01 06:17:46.947  2173  2173 I android_os_HwBinder: HwBinder: Starting thread pool for default::vendor.dolby.hardware.dms@1.0::IDms
01-01 06:17:46.948  1253  1649 W ActivityManager: Slow operation: 257ms so far, now at startProcess: done updating battery stats
01-01 06:17:46.948  1253  1649 W ActivityManager: Slow operation: 257ms so far, now at startProcess: building log message
01-01 06:17:46.948  1253  1649 I ActivityManager: Start proc 2230:com.longcheertel.runintest2/1000 for added application com.longcheertel.runintest2
01-01 06:17:46.948  1253  1649 W ActivityManager: Slow operation: 257ms so far, now at startProcess: starting to update pids map
01-01 06:17:46.949  1253  1649 W ActivityManager: Slow operation: 257ms so far, now at startProcess: done updating pids map
01-01 06:17:46.951   785   785 I DMSService: registerClient type = 3, uid = d0a5a10
01-01 06:17:46.951   785   785 V DolbyManagerService: registerClient() client 0x79d74410e0, uid 218782227
01-01 06:17:46.954  1253  1277 W ActivityManager: Slow operation: 261ms so far, now at startProcess: asking zygote to start proc
01-01 06:17:46.960  2200  2200 I Perf    : Connecting to perf service.
01-01 06:17:46.970  2248  2248 I Zygote  : seccomp disabled by setenforce 0
01-01 06:17:46.972  1253  2166 I BackupManagerService: Unlocking system user; mService=com.android.server.backup.BackupManagerService@4c1e960
01-01 06:17:46.972   568   568 D PermissionCache: checking android.permission.MODIFY_AUDIO_SETTINGS for uid=10050 => granted (385 us)
01-01 06:17:46.976   554   554 E ANDR-PERF-MPCTL: Request not accepted, as target initialization is not complete.
01-01 06:17:46.976  1253  1277 W ActivityManager: Slow operation: 283ms so far, now at startProcess: returned from zygote!
01-01 06:17:46.977  1253  1277 W ActivityManager: Slow operation: 284ms so far, now at startProcess: done updating battery stats
01-01 06:17:46.977  1253  1277 W ActivityManager: Slow operation: 284ms so far, now at startProcess: building log message
01-01 06:17:46.977  1253  1277 I ActivityManager: Start proc 2248:com.qualcomm.qti.services.secureui:sui_service/1000 for added application com.qualcomm.qti.services.secureui:sui_service
01-01 06:17:46.977  1253  1277 W ActivityManager: Slow operation: 284ms so far, now at startProcess: starting to update pids map
01-01 06:17:46.977  1253  1277 W ActivityManager: Slow operation: 284ms so far, now at startProcess: done updating pids map
01-01 06:17:46.977  1253  1277 W ActivityManager: Slow operation: 270ms so far, now at startProcess: asking zygote to start proc
01-01 06:17:46.981  2200  2200 I SecureElementService: main onCreate
01-01 06:17:46.984   445   445 W hwservicemanager: getTransport: Cannot find entry android.hardware.secure_element@1.0::ISecureElement/eSE1 in either framework or device manifest.
01-01 06:17:46.984  2200  2200 I SecureElementService: No HAL implementation for eSE1
01-01 06:17:46.985   445   445 W hwservicemanager: getTransport: Cannot find entry android.hardware.secure_element@1.0::ISecureElement/SIM1 in either framework or device manifest.
01-01 06:17:46.985  2200  2200 I SecureElementService: No HAL implementation for SIM1
01-01 06:17:46.988  1253  2166 I BackupManagerService: Backup enabled => false
01-01 06:17:46.990  1253  1253 W Looper  : Slow dispatch took 109ms main h=android.app.ActivityThread$H c=android.app.-$$Lambda$LoadedApk$ReceiverDispatcher$Args$_BumDX2UKsnxLVrE6UJsJZkotuA@c888ede m=0
01-01 06:17:46.990  1253  1253 W Looper  : Slow delivery took 257ms main h=com.android.server.accessibility.AccessibilityManagerService$MainHandler c=<recycled PooledLambda@f60a8bf> m=0
01-01 06:17:46.994  1253  1534 I SyncManager: Loaded persisted syncs: 0 periodic syncs, 0 oneshot syncs, 9 total system server jobs, JobStats: FirstLoad: 3/2/0 LastSave: -1/-1/-1
01-01 06:17:46.994  2230  2230 I rtel.runintest: The ClassLoaderContext is a special shared library.
01-01 06:17:46.995   554   554 E ANDR-PERF-MPCTL: Request not accepted, as target initialization is not complete.
01-01 06:17:46.995  1253  1277 W ActivityManager: Slow operation: 288ms so far, now at startProcess: returned from zygote!
01-01 06:17:46.996  1253  1277 W ActivityManager: Slow operation: 289ms so far, now at startProcess: done updating battery stats
01-01 06:17:46.996  1253  1277 W ActivityManager: Slow operation: 289ms so far, now at startProcess: building log message
01-01 06:17:46.996  1253  1277 I ActivityManager: Start proc 2263:android.process.media/u0a18 for broadcast com.android.providers.downloads/.DownloadReceiver
01-01 06:17:46.996  1253  1277 W ActivityManager: Slow operation: 289ms so far, now at startProcess: starting to update pids map
01-01 06:17:46.996  1253  1277 W ActivityManager: Slow operation: 289ms so far, now at startProcess: done updating pids map
01-01 06:17:46.996  1253  1277 W ActivityManager: Slow operation: 250ms so far, now at startProcess: asking zygote to start proc
01-01 06:17:46.998  2263  2263 I Zygote  : seccomp disabled by setenforce 0
01-01 06:17:47.000  2191  2191 I chatty  : uid=1000(system) com.Lct.Ext.Feature expire 5 lines
01-01 06:17:47.008  1253  2166 V BackupManagerConstants: getKeyValueBackupIntervalMilliseconds(...) returns 14400000
01-01 06:17:47.008  1253  2166 V BackupManagerConstants: getKeyValueBackupFuzzMilliseconds(...) returns 600000
01-01 06:17:47.008  1253  2166 V BackupManagerConstants: getKeyValueBackupRequiredNetworkType(...) returns 1
01-01 06:17:47.008  1253  2166 V BackupManagerConstants: getKeyValueBackupRequireCharging(...) returns true
01-01 06:17:47.008  1253  2166 V KeyValueBackupJob: Scheduling k/v pass in 241 minutes
01-01 06:17:47.015   554   554 E ANDR-PERF-MPCTL: Request not accepted, as target initialization is not complete.
01-01 06:17:47.015  1253  1277 W ActivityManager: Slow operation: 269ms so far, now at startProcess: returned from zygote!
01-01 06:17:47.015  1253  1277 W ActivityManager: Slow operation: 269ms so far, now at startProcess: done updating battery stats
01-01 06:17:47.015  1253  1277 W ActivityManager: Slow operation: 269ms so far, now at startProcess: building log message
01-01 06:17:47.015  1253  1277 I ActivityManager: Start proc 2273:com.android.launcher3/u0a30 for service com.android.launcher3/.notification.NotificationListener
01-01 06:17:47.015  1253  1277 W ActivityManager: Slow operation: 269ms so far, now at startProcess: starting to update pids map
01-01 06:17:47.016  1253  1277 W ActivityManager: Slow operation: 269ms so far, now at startProcess: done updating pids map
01-01 06:17:47.016  1253  1277 W ActivityManager: Slow operation: 265ms so far, now at startProcess: asking zygote to start proc
01-01 06:17:47.018  2273  2273 I Zygote  : seccomp disabled by setenforce 0
01-01 06:17:47.026  2230  2230 I Perf    : Connecting to perf service.
01-01 06:17:47.031   554   554 E ANDR-PERF-MPCTL: Request not accepted, as target initialization is not complete.
01-01 06:17:47.032  1253  1277 W ActivityManager: Slow operation: 282ms so far, now at startProcess: returned from zygote!
01-01 06:17:47.032  1253  1277 W ActivityManager: Slow operation: 282ms so far, now at startProcess: done updating battery stats
01-01 06:17:47.032  1253  1277 W ActivityManager: Slow operation: 282ms so far, now at startProcess: building log message
01-01 06:17:47.032  1253  1277 I ActivityManager: Start proc 2286:com.android.smspush/u0a68 for service com.android.smspush/.WapPushManager
01-01 06:17:47.032  1253  1277 W ActivityManager: Slow operation: 282ms so far, now at startProcess: starting to update pids map
01-01 06:17:47.032  1253  1277 W ActivityManager: Slow operation: 282ms so far, now at startProcess: done updating pids map
01-01 06:17:47.032  1253  1277 W ActivityManager: Slow operation: 151ms so far, now at startProcess: asking zygote to start proc
01-01 06:17:47.037  2286  2286 I Zygote  : seccomp disabled by setenforce 0
01-01 06:17:47.038   528   528 E EffectsFactoryConfigLoader: Error querying effect 7d1580bd-297f-4683-9239-e475b6d1d69f on lib offload_bundle
01-01 06:17:47.042   528   528 I DlbDlbEffect: getDescriptor(uuid=9D4921DA-8225-4F29-AEFA-39537A04BCAA, pDescriptor=0xefb4f680)
01-01 06:17:47.042   528   528 I DlbDlbEffect: getDescriptor() Returning descriptor for DAP FULL
01-01 06:17:47.042  1253  1253 W Looper  : Drained
01-01 06:17:47.043   528   528 E EffectsFactoryConfigLoader: 1 errors during loading of configuration: /vendor/etc/audio_effects.xml
01-01 06:17:47.043   528   528 E EffectsFactory: Effect config is partially invalid, skipped 1 elements
01-01 06:17:47.044   568   568 E AudioFlinger: createEffect() unknown output thread
01-01 06:17:47.044  2173  2173 E AudioEffect: set(): AudioFlinger could not create effect ec7178ec-e5e1-4432-a3f4-4657e6795210 / 9d4921da-8225-4f29-aefa-39537a04bcaa, status: -22
01-01 06:17:47.044  2173  2173 E AudioEffects-JNI: AudioEffect initCheck failed -3
01-01 06:17:47.044  2173  2173 E AudioEffect-JAVA: Error code -3 when initializing AudioEffect.
01-01 06:17:47.045  2173  2173 E DaxService: Failed to init HIDL client: java.lang.RuntimeException: Cannot initialize effect engine for type: ec7178ec-e5e1-4432-a3f4-4657e6795210 Error: -3
01-01 06:17:47.045  2173  2173 E DaxService: Initial connect to Dolby service failed, retry 1s later.
01-01 06:17:47.053   554   554 E ANDR-PERF-MPCTL: Request not accepted, as target initialization is not complete.
01-01 06:17:47.053  1253  1277 W ActivityManager: Slow operation: 172ms so far, now at startProcess: returned from zygote!
01-01 06:17:47.053  1253  1277 W ActivityManager: Slow operation: 172ms so far, now at startProcess: done updating battery stats
01-01 06:17:47.053  1253  1277 W ActivityManager: Slow operation: 172ms so far, now at startProcess: building log message
01-01 06:17:47.053  1253  1277 I ActivityManager: Start proc 2304:com.dolby.daxappui/u0a49 for service com.dolby.daxappui/.DaxTileService
01-01 06:17:47.053  1253  1277 W ActivityManager: Slow operation: 172ms so far, now at startProcess: starting to update pids map
01-01 06:17:47.053  1253  1277 W ActivityManager: Slow operation: 172ms so far, now at startProcess: done updating pids map
01-01 06:17:47.056  2304  2304 I Zygote  : seccomp disabled by setenforce 0
01-01 06:17:47.061  2173  2173 D DaxService: setDaxSettingsForUser: mUserId = 0
01-01 06:17:47.067   568   568 E AudioFlinger: createEffect() unknown output thread
01-01 06:17:47.068  2173  2173 E AudioEffect: set(): AudioFlinger could not create effect ec7178ec-e5e1-4432-a3f4-4657e6795210 / 9d4921da-8225-4f29-aefa-39537a04bcaa, status: -22
01-01 06:17:47.068  2173  2173 E AudioEffects-JNI: AudioEffect initCheck failed -3
01-01 06:17:47.068  2173  2173 E AudioEffect-JAVA: Error code -3 when initializing AudioEffect.
01-01 06:17:47.068  2173  2173 E DaxService: Exception found in intentReceiver_::onReceive()
01-01 06:17:47.068  2173  2173 W System.err: java.lang.RuntimeException: Cannot initialize effect engine for type: ec7178ec-e5e1-4432-a3f4-4657e6795210 Error: -3
01-01 06:17:47.069  2173  2173 W System.err: 	at android.media.audiofx.AudioEffect.<init>(AudioEffect.java:423)
01-01 06:17:47.069  2173  2173 W System.err: 	at com.dolby.dax.DolbyAudioEffect.<init>(DolbyAudioEffect.java:107)
01-01 06:17:47.069  2173  2173 W System.err: 	at com.dolby.daxservice.DaxService.setDaxSettingsForUser(DaxService.java:427)
01-01 06:17:47.069  2173  2173 W System.err: 	at com.dolby.daxservice.DaxService.initDaxSettings(DaxService.java:548)
01-01 06:17:47.069  2173  2173 W System.err: 	at com.dolby.daxservice.DaxService.onCreate(DaxService.java:568)
01-01 06:17:47.069  2173  2173 W System.err: 	at android.app.ActivityThread.handleCreateService(ActivityThread.java:3533)
01-01 06:17:47.069  2173  2173 W System.err: 	at android.app.ActivityThread.access$1300(ActivityThread.java:200)
01-01 06:17:47.069  2173  2173 W System.err: 	at android.app.ActivityThread$H.handleMessage(ActivityThread.java:1667)
01-01 06:17:47.069  2173  2173 W System.err: 	at android.os.Handler.dispatchMessage(Handler.java:106)
01-01 06:17:47.069  2173  2173 W System.err: 	at android.os.Looper.loop(Looper.java:193)
01-01 06:17:47.069  2173  2173 W System.err: 	at android.app.ActivityThread.main(ActivityThread.java:6697)
01-01 06:17:47.069  2173  2173 W System.err: 	at java.lang.reflect.Method.invoke(Native Method)
01-01 06:17:47.069  2173  2173 W System.err: 	at com.android.internal.os.RuntimeInit$MethodAndArgsCaller.run(RuntimeInit.java:493)
01-01 06:17:47.069  2173  2173 W System.err: 	at com.android.internal.os.ZygoteInit.main(ZygoteInit.java:858)
01-01 06:17:47.070  2248  2248 I Perf    : Connecting to perf service.
01-01 06:17:47.080  2286  2303 E android.smspus: Unable to peek into adb socket due to error. Closing socket.: Connection reset by peer
01-01 06:17:47.094  2263  2263 I Perf    : Connecting to perf service.
01-01 06:17:47.120  2173  2173 I DaxService: onStartCommand() executed
01-01 06:17:47.156  2273  2273 I Perf    : Connecting to perf service.
01-01 06:17:47.165  2286  2286 I Perf    : Connecting to perf service.
01-01 06:17:47.178  2304  2304 I Perf    : Connecting to perf service.
01-01 06:17:47.200   568  2333 D PermissionCache: checking android.permission.MODIFY_AUDIO_SETTINGS for uid=10049 => granted (432 us)
01-01 06:17:47.200   568  2333 E AudioFlinger: createEffect() unknown output thread
01-01 06:17:47.201  2304  2304 E AudioEffect: set(): AudioFlinger could not create effect ec7178ec-e5e1-4432-a3f4-4657e6795210 / 9d4921da-8225-4f29-aefa-39537a04bcaa, status: -22
01-01 06:17:47.201  2304  2304 E AudioEffects-JNI: AudioEffect initCheck failed -3
