01-01 06:17:44.065  1535  1778 D AdapterProperties: Name is: Yoga Smart Tab
01-01 06:17:44.065  1535  1535 I bt_btif : get_profile_interface: id = sdp
01-01 06:17:44.069  1535  1535 I BluetoothAdapterService: Phone policy enabled
01-01 06:17:44.072  1535  1535 D BluetoothBondStateMachine: make
01-01 06:17:44.075  1535  1535 D BluetoothActiveDeviceManager: start()
01-01 06:17:44.076  1535  1781 I BluetoothBondStateMachine: StableState(): Entering Off State
01-01 06:17:44.083  1535  1535 D BluetoothAdapterService: setAdapterService() - trying to set service to com.android.bluetooth.btservice.AdapterService@b8c261a
01-01 06:17:44.083  1535  1782 D BluetoothActiveDeviceManager: onAudioDevicesAdded
01-01 06:17:44.084  1535  1535 I bt_btif : get_profile_interface: id = vendor
01-01 06:17:44.084  1535  1535 I bt_btif_vendor: init
01-01 06:17:44.084  1535  1535 I bt_btif_vendor: init done
01-01 06:17:44.084  1535  1535 D BluetoothVendorService: Qti Stack enabled status: true
01-01 06:17:44.084  1535  1535 I bt_btif : get_profile_interface: id = vendorSocket
01-01 06:17:44.087  1535  1535 I AdapterProperties: overwriting mMaxConnectedAudioDevices to 2 for vendor stack
01-01 06:17:44.087  1535  1535 I AdapterProperties: init(), maxConnectedAudioDevices, default=5, propertyOverlayed=5, finalValue=2
01-01 06:17:44.089  1535  1535 D BluetoothAdapterService: onBind()
01-01 06:17:44.103  1574  1574 D SystemUIBootTiming: StartServicescom.android.systemui.volume.VolumeUI took to complete: 87ms
01-01 06:17:44.109  1676  1676 D TelephonyProvider: dbh.onOpen: ok, queried table=siminfo
01-01 06:17:44.110  1676  1676 D TelephonyProvider: dbh.onOpen: ok, queried table=carriers
01-01 06:17:44.123  1676  1676 D CarrierIdProvider: onCreate
01-01 06:17:44.130  1253  1253 V WiredAccessoryManager: notifyWiredAccessoryChanged: when=0 bits= mask=54
01-01 06:17:44.130  1253  1253 V WiredAccessoryManager: newName=h2w newState=0 headsetState=0 prev headsetState=0
01-01 06:17:44.130  1253  1253 V WiredAccessoryManager: init()
01-01 06:17:44.133  1676  1676 D CarrierIdProvider: update database from pb file
01-01 06:17:44.140  1253  1264 W WindowManager: sjj_wm ------Add window package : com.android.settings
01-01 06:17:44.143  1253  1263 I chatty  : uid=1000(system) HeapTaskDaemon expire 3 lines
01-01 06:17:44.144  1676  1676 E CarrierIdProvider: read carrier list from ota pb failure: java.io.FileNotFoundException: /data/misc/carrierid/carrier_list.pb (No such file or directory)
01-01 06:17:44.144  1676  1676 D CarrierIdProvider: latest version: 2 need update: false
01-01 06:17:44.145  1253  1253 V NotificationListeners: enabling notification listener for 0: ComponentInfo{com.android.launcher3/com.android.launcher3.notification.NotificationListener}
01-01 06:17:44.146  1676  1676 D CarrierProvider: onCreate
01-01 06:17:44.146  1253  1253 V NotificationListeners: binding: Intent { act=android.service.notification.NotificationListenerService cmp=com.android.launcher3/.notification.NotificationListener (has extras) }
01-01 06:17:44.146  1253  1253 W ActivityManager: Unable to start service Intent { act=android.service.notification.NotificationListenerService cmp=com.android.launcher3/.notification.NotificationListener } U=0: not found
01-01 06:17:44.146  1253  1253 W NotificationListeners: Unable to bind notification listener service: Intent { act=android.service.notification.NotificationListenerService cmp=com.android.launcher3/.notification.NotificationListener (has extras) }
01-01 06:17:44.147  1253  1253 V NotificationAssistants: enabling notification assistant for 0: ComponentInfo{android.ext.services/android.ext.services.notification.Assistant}
01-01 06:17:44.147  1253  1253 V NotificationAssistants: binding: Intent { act=android.service.notification.NotificationAssistantService cmp=android.ext.services/.notification.Assistant (has extras) }
01-01 06:17:44.152  1695  1798 I chatty  : uid=1000(system) RenderThread expire 12 lines
01-01 06:17:44.159  1676  1676 W System  : ClassLoader referenced unknown path: /system/framework/qti-telephony-common.jar
01-01 06:17:44.160  1676  1676 W System.err: java.lang.ClassNotFoundException: com.qualcomm.qti.internal.telephony.QtiTelephonyComponentFactory
01-01 06:17:44.161  1676  1676 W System.err: 	at java.lang.Class.classForName(Native Method)
01-01 06:17:44.161  1676  1676 W System.err: 	at java.lang.Class.forName(Class.java:453)
01-01 06:17:44.161  1676  1676 W System.err: 	at com.android.internal.telephony.TelephonyComponentFactory.getInstance(TelephonyComponentFactory.java:70)
01-01 06:17:44.161  1676  1676 W System.err: 	at com.android.internal.telephony.PhoneFactory.makeDefaultPhone(PhoneFactory.java:140)
01-01 06:17:44.161  1676  1676 W System.err: 	at com.android.internal.telephony.PhoneFactory.makeDefaultPhones(PhoneFactory.java:99)
01-01 06:17:44.161  1676  1676 W System.err: 	at com.android.phone.PhoneGlobals.onCreate(PhoneGlobals.java:312)
01-01 06:17:44.161  1676  1676 W System.err: 	at com.android.phone.PhoneApp.onCreate(PhoneApp.java:41)
01-01 06:17:44.161  1676  1676 W System.err: 	at android.app.Instrumentation.callApplicationOnCreate(Instrumentation.java:1155)
01-01 06:17:44.161  1676  1676 W System.err: 	at android.app.ActivityThread.handleBindApplication(ActivityThread.java:5890)
01-01 06:17:44.161  1676  1676 W System.err: 	at android.app.ActivityThread.access$1100(ActivityThread.java:200)
01-01 06:17:44.161  1676  1676 W System.err: 	at android.app.ActivityThread$H.handleMessage(ActivityThread.java:1651)
01-01 06:17:44.161  1676  1676 W System.err: 	at android.os.Handler.dispatchMessage(Handler.java:106)
01-01 06:17:44.161  1676  1676 W System.err: 	at android.os.Looper.loop(Looper.java:193)
01-01 06:17:44.161  1676  1676 W System.err: 	at android.app.ActivityThread.main(ActivityThread.java:6697)
01-01 06:17:44.161  1676  1676 W System.err: 	at java.lang.reflect.Method.invoke(Native Method)
01-01 06:17:44.161  1676  1676 W System.err: 	at com.android.internal.os.RuntimeInit$MethodAndArgsCaller.run(RuntimeInit.java:493)
01-01 06:17:44.161  1676  1676 W System.err: 	at com.android.internal.os.ZygoteInit.main(ZygoteInit.java:858)
01-01 06:17:44.161  1676  1676 W System.err: Caused by: java.lang.ClassNotFoundException: Didn't find class "com.qualcomm.qti.internal.telephony.QtiTelephonyComponentFactory" on path: DexPathList[[],nativeLibraryDirectories=[/system/lib64]]
01-01 06:17:44.161  1676  1676 W System.err: 	at dalvik.system.BaseDexClassLoader.findClass(BaseDexClassLoader.java:134)
01-01 06:17:44.161  1676  1676 W System.err: 	at java.lang.ClassLoader.loadClass(ClassLoader.java:379)
01-01 06:17:44.161  1676  1676 W System.err: 	at java.lang.ClassLoader.loadClass(ClassLoader.java:312)
01-01 06:17:44.161  1676  1676 W System.err: 	... 17 more
01-01 06:17:44.163  1253  1649 W WindowManager: sjj_wm ------Add window package : com.android.systemui
01-01 06:17:44.165  1676  1676 I ImsResolver: Initializing cache and binding.
01-01 06:17:44.166  1253  1253 D ConditionProviders.SCP: onSubscribe condition://android/schedule?days=1.2.3.4.5.6.7&start=22.0&end=7.0&exitAtAlarm=true
01-01 06:17:44.167  1253  1253 D ConditionProviders.SCP: setRegistered true
01-01 06:17:44.168  1574  1574 D SystemUIBootTiming: StartServicescom.android.systemui.stackdivider.Divider took to complete: 64ms
01-01 06:17:44.170  1253  1253 D ConditionProviders.SCP: evaluateSubscriptionLocked cal=ScheduleCalendar[mDays={1, 2, 3, 4, 5, 6, 7}, mSchedule=ScheduleInfo{days=[1, 2, 3, 4, 5, 6, 7], startHour=22, startMinute=0, endHour=7, endMinute=0, exitAtAlarm=true, nextAlarm=Thu Jan 01 09:00:00 GMT+09:00 1970 (0)}], now=Thu Jan 01 06:17:44 GMT+09:00 2009 (1230758264167), nextUserAlarmTime=Thu Jan 01 09:00:00 GMT+09:00 1970 (0)
01-01 06:17:44.170  1253  1253 D ConditionProviders.SCP: notifyCondition condition://android/schedule?days=1.2.3.4.5.6.7&start=22.0&end=7.0&exitAtAlarm=true STATE_TRUE reason=meetsSchedule
01-01 06:17:44.172  1253  1253 D ConditionProviders.SCP: Scheduling evaluate for Thu Jan 01 07:00:00 GMT+09:00 2009 (1230760800000), in +42m15s833ms, now=Thu Jan 01 06:17:44 GMT+09:00 2009 (1230758264167)
01-01 06:17:44.172  1253  1380 E ActivityThread: Failed to find provider info for com.android.calendar
01-01 06:17:44.173  1253  1380 E ActivityThread: Failed to find provider info for com.android.calendar
01-01 06:17:44.178  1253  1647 W UsageStatsService: Event reported without a package name
01-01 06:17:44.182  1253  1253 I Telecom : WiredHeadsetManager: ACTION_HEADSET_PLUG event, plugged in: false, : WHC.oADA@AAE
01-01 06:17:44.186   714  1755 E OMX-VDEC-1080P: set_parameter: Error: 0x80001019, setting param 0x7f00005d
01-01 06:17:44.187   714  1755 E OMXNodeInstance: setParameter(0xee6031c4:qcom.decoder.avc, OMX.google.android.index.allocateNativeHandle(0x7f00005d): Output:1 en=0) ERROR: UnsupportedSetting(0x80001019)
01-01 06:17:44.187   714  1755 I OMX-VDEC-1080P: omx_vdec::component_deinit() complete
01-01 06:17:44.189  1253  1275 V UsbDeviceManager: onKeyguardStateChanged: isShowing:true secure:false user:0
01-01 06:17:44.190   714  1755 I OMX-VDEC-1080P: Exit OMX vdec Destructor: fd=7
01-01 06:17:44.190   714  1755 I OMX-VDEC-1080P: Video slvp perflock released
01-01 06:17:44.190   468   468 V vold    : /system/bin/sgdisk
01-01 06:17:44.190   468   468 V vold    :     --android-dump
01-01 06:17:44.190   468   468 V vold    :     /dev/block/vold/disk:179_64
01-01 06:17:44.194   708   935 I OMXClient: IOmx service obtained
01-01 06:17:44.194   714  1755 I OMXMaster: makeComponentInstance(OMX.google.h264.decoder) in omx@1.0-service process
01-01 06:17:44.196  1253  1534 I SyncManager: Got SyncJobService instance.
01-01 06:17:44.196  1253  1253 D BluetoothManagerService: Bluetooth Adapter name changed to Yoga Smart Tab
01-01 06:17:44.196  1253  1253 D BluetoothManagerService: Stored Bluetooth name: Yoga Smart Tab
01-01 06:17:44.196  1253  1253 D BluetoothManagerService: BluetoothServiceConnection: com.android.bluetooth.btservice.AdapterService
01-01 06:17:44.197  1253  1282 D BluetoothManagerService: MESSAGE_BLUETOOTH_SERVICE_CONNECTED: 1
01-01 06:17:44.197  1253  1282 D BluetoothManagerService: MESSAGE_GET_NAME_AND_ADDRESS
01-01 06:17:44.197  1253  1253 D AutofillManagerService: Autofill restriction did not change for user 0
01-01 06:17:44.201  1253  1265 D ConnectivityService: requestNetwork for uid/pid:10034/1574 NetworkRequest [ TRACK_DEFAULT id=12, [ Capabilities: INTERNET&NOT_RESTRICTED&TRUSTED Unwanted:  Uid: 10034] ]
01-01 06:17:44.203  1253  1282 D BluetoothManagerService: Stored Bluetooth name: Yoga Smart Tab
01-01 06:17:44.203  1253  1282 D BluetoothManagerService: unbindAndFinish(): android.bluetooth.IBluetooth$Stub$Proxy@ae758c mBinding = false mUnbinding = false
01-01 06:17:44.203   714  1755 E OMXNodeInstance: getExtensionIndex(0xeed9cc60:google.h264.decoder, OMX.google.android.index.configureVideoTunnelMode) ERROR: UnsupportedIndex(0x8000101a)
01-01 06:17:44.203   714  1755 E OMXNodeInstance: getExtensionIndex(0xeed9cc60:google.h264.decoder, OMX.google.android.index.enableAndroidNativeBuffers) ERROR: UnsupportedIndex(0x8000101a)
01-01 06:17:44.206  1535  1535 W BluetoothAdapterService: onUnbind, calling cleanup
01-01 06:17:44.206  1535  1535 D BluetoothAdapterService: cleanup()
01-01 06:17:44.207  1253  1253 W Looper  : Drained
01-01 06:17:44.209   708   935 I OMXClient: IOmx service obtained
01-01 06:17:44.210   714  1755 I OMXMaster: makeComponentInstance(OMX.qti.video.decoder.divxsw) in omx@1.0-service process
01-01 06:17:44.213  1535  1535 W BluetoothSdpJni: Cleaning up Bluetooth SDP Interface...
01-01 06:17:44.213  1535  1535 W BluetoothSdpJni: Cleaning up Bluetooth SDP object
01-01 06:17:44.213  1535  1535 D BluetoothAdapterService: cleanup() - Cleaning up adapter native
01-01 06:17:44.213  1535  1730 I bt_stack_manager: event_clean_up_stack is cleaning up the stack
01-01 06:17:44.213  1535  1730 I bt_btif_core: btif_cleanup_bluetooth entered
01-01 06:17:44.213  1535  1730 E BluetoothServiceJni: Callback: 'callback_thread_event' is not called on the correct thread
01-01 06:17:44.213  1535  1730 I bt_btif_queue: btif_queue_release
01-01 06:17:44.213  1535  1778 I bt_btif_core: run_message_loop finished
01-01 06:17:44.213  1535  1778 W bt_osi_thread: run_thread: thread id 1778, thread name bt_jni_workqueue exited
01-01 06:17:44.214  1535  1730 I bt_core_module: module_clean_up Cleaning up module "stack_config_module"
01-01 06:17:44.214  1535  1730 I bt_core_module: module_clean_up Cleanup of module "stack_config_module" completed
01-01 06:17:44.215  1535  1730 I bt_core_module: module_clean_up Cleaning up module "interop_module"
01-01 06:17:44.219   714  1755 I OMX_SWVDEC: >>> component_init(): 'OMX.qti.video.decoder.divxsw', version date: 2017-10-06T11:32:51+0530
01-01 06:17:44.219   714  1755 I SWVDEC  : >>> swvdec_init(): MPEG-4 codec, version date: 2016-06-21T15:09:36+0530
01-01 06:17:44.220  1676  1676 I zj      :    mVersionRead   ==     false
01-01 06:17:44.220  1676  1676 D Phone   : first_boot:complete
01-01 06:17:44.220  1676  1676 D Phone   : readWriteExternalVersionInformation1FACTORY_LLD35023_T506_0508_FUSED
01-01 06:17:44.221   714  1755 I SWVDEC  : --- set_state(): SWVDEC_STATE_INVALID -> SWVDEC_STATE_INIT
01-01 06:17:44.222  1574  1814 I chatty  : uid=10034(com.android.systemui) expire 2 lines
01-01 06:17:44.222   714  1755 I OMX_SWVDEC: --- set_frame_dimensions(): 1920 x 1080
01-01 06:17:44.222   714  1755 I SWVDEC  : >>> swvdec_setproperty(): 
01-01 06:17:44.222   714  1755 I SWVDEC  : --- set_frame_dimensions(): 1920 x 1080
01-01 06:17:44.222   714  1755 I OMX_SWVDEC: --- set_frame_attributes(): 'OMX_QCOM_COLOR_FormatYUV420PackedSemiPlanar32m': stride 1920, scanlines 1088, size 3133440
01-01 06:17:44.222   714  1755 I SWVDEC  : >>> swvdec_setproperty(): 
01-01 06:17:44.222   714  1755 I SWVDEC  : --- set_frame_attributes(): semiplanar NV12, stride 1920, scanlines 1088, size 3133440
01-01 06:17:44.222   714  1755 I SWVDEC  : >>> swvdec_getproperty(): 
01-01 06:17:44.222   714  1755 I SWVDEC  : --- get_property(): buffer requirements ip: 3133440 bytes x (1 to 32), 128-byte aligned
01-01 06:17:44.222   714  1755 I OMX_SWVDEC: --- get_buffer_requirements_swvdec(): ip port: 3133440 bytes x 5, 128-byte aligned
01-01 06:17:44.222   714  1755 I SWVDEC  : >>> swvdec_getproperty(): 
01-01 06:17:44.222   714  1755 I SWVDEC  : --- get_property(): buffer requirements op: 3133440 bytes x (3 to 32), 128-byte aligned
01-01 06:17:44.222   714  1755 I OMX_SWVDEC: --- get_buffer_requirements_swvdec(): op port: 3133440 bytes x 3, 128-byte aligned
01-01 06:17:44.223   714  1819 I OMX_SWVDEC: --- async_thread(): created
01-01 06:17:44.223   714  1755 I OMX_SWVDEC: --- component_init(): OMX_StateInvalid -> OMX_StateLoaded
01-01 06:17:44.223   714  1755 I OMX_SWVDEC: >>> set_callbacks(): 
01-01 06:17:44.224   714  1755 I OMX_SWVDEC: >>> set_parameter(): OMX_IndexParamStandardComponentRole 'video_decoder.divx'
01-01 06:17:44.224   714  1755 I OMX_SWVDEC: >>> get_parameter(): OMX_IndexParamVideoProfileLevelQuerySupported, port index 0, profile index 0
01-01 06:17:44.224   714  1755 I OMX_SWVDEC: --- get_supported_profilelevel(): MPEG-4 simple profile, level 5
01-01 06:17:44.224   714  1755 I OMX_SWVDEC: >>> get_parameter(): OMX_IndexParamVideoProfileLevelQuerySupported, port index 0, profile index 1
01-01 06:17:44.224   714  1755 I OMX_SWVDEC: --- get_supported_profilelevel(): MPEG-4 advanced simple profile, level 5
01-01 06:17:44.224   714  1755 I OMX_SWVDEC: >>> get_parameter(): OMX_IndexParamVideoProfileLevelQuerySupported, port index 0, profile index 2
01-01 06:17:44.224   714  1755 I OMX_SWVDEC: --- get_supported_profilelevel(): profile index '2' unsupported; no more profiles
01-01 06:17:44.225   714  1755 I OMX_SWVDEC: >>> get_parameter(): OMX_IndexParamVideoPortFormat, port index 1, index 0
01-01 06:17:44.225   714  1755 I OMX_SWVDEC: --- get_video_port_format(): color format 0x7fa30c04, compression format 0x00000000
01-01 06:17:44.225   714  1755 I OMX_SWVDEC: >>> get_extension_index(): 'OMX.google.android.index.describeColorFormat'
01-01 06:17:44.226  1676  1676 D Phone   : send command is:LctReadWriteNV 7236 FACTORY_LLD35023_T506_0508_FUSED
01-01 06:17:44.226   714  1755 I OMX_SWVDEC: >>> get_extension_index(): 'OMX.google.android.index.storeMetaDataInBuffers'
01-01 06:17:44.226   714  1755 I OMX_SWVDEC: >>> get_extension_index(): 'OMX.google.android.index.storeANWBufferInMetadata'
01-01 06:17:44.226   714  1755 E OMX_SWVDEC: !!! get_extension_index(): 'OMX.google.android.index.storeANWBufferInMetadata': not implemented
01-01 06:17:44.226   714  1755 I OMX_SWVDEC: >>> get_extension_index(): 'OMX.google.android.index.prepareForAdaptivePlayback'
01-01 06:17:44.226   714  1755 I OMX_SWVDEC: >>> get_extension_index(): 'OMX.google.android.index.configureVideoTunnelMode'
01-01 06:17:44.226   714  1755 E OMX_SWVDEC: !!! get_extension_index(): 'OMX.google.android.index.configureVideoTunnelMode': not implemented
01-01 06:17:44.226   714  1755 I OMX_SWVDEC: >>> get_extension_index(): 'OMX.google.android.index.useAndroidNativeBuffer2'
01-01 06:17:44.226   714  1755 I OMX_SWVDEC: >>> get_extension_index(): 'OMX.google.android.index.useAndroidNativeBuffer'
01-01 06:17:44.226   714  1755 I OMX_SWVDEC: >>> get_extension_index(): 'OMX.google.android.index.enableAndroidNativeBuffers'
01-01 06:17:44.226   714  1755 I OMX_SWVDEC: >>> get_extension_index(): 'OMX.google.android.index.allocateNativeHandle'
01-01 06:17:44.226   714  1755 E OMX_SWVDEC: !!! get_extension_index(): 'OMX.google.android.index.allocateNativeHandle': not implemented
01-01 06:17:44.226   714  1755 I OMX_SWVDEC: >>> get_extension_index(): 'OMX.google.android.index.getAndroidNativeBufferUsage'
01-01 06:17:44.226   714  1755 I OMX_SWVDEC: >>> get_parameter(): OMX_QcomIndexFlexibleYUVDescription
01-01 06:17:44.227   714  1755 I OMX_SWVDEC: >>> get_parameter(): OMX_IndexParamVideoPortFormat, port index 1, index 1
01-01 06:17:44.227   714  1755 I OMX_SWVDEC: --- get_video_port_format(): color format 0x00000015, compression format 0x00000000
01-01 06:17:44.227   714  1755 I OMX_SWVDEC: >>> get_extension_index(): 'OMX.google.android.index.describeColorFormat'
01-01 06:17:44.227   714  1755 I OMX_SWVDEC: >>> get_parameter(): OMX_QcomIndexFlexibleYUVDescription
01-01 06:17:44.227   714  1755 E OMXNodeInstance: getParameter(0xeedf4004:qti.decoder.divxsw, ??(0x7f000044)) ERROR: UnsupportedSetting(0x80001019)
01-01 06:17:44.227   714  1755 I OMX_SWVDEC: >>> get_parameter(): OMX_IndexParamVideoPortFormat, port index 1, index 2
01-01 06:17:44.227   714  1755 I OMX_SWVDEC: --- get_video_port_format(): index '2' unsupported; no more color formats
01-01 06:17:44.227   714  1755 I OMX_SWVDEC: >>> get_extension_index(): 'OMX.google.android.index.configureVideoTunnelMode'
01-01 06:17:44.227   714  1755 E OMX_SWVDEC: !!! get_extension_index(): 'OMX.google.android.index.configureVideoTunnelMode': not implemented
01-01 06:17:44.227   714  1755 E OMXNodeInstance: getExtensionIndex(0xeedf4004:qti.decoder.divxsw, OMX.google.android.index.configureVideoTunnelMode) ERROR: NotImplemented(0x80001006)
01-01 06:17:44.227   714  1755 I OMX_SWVDEC: >>> get_extension_index(): 'OMX.google.android.index.enableAndroidNativeBuffers'
01-01 06:17:44.227   714  1755 I OMX_SWVDEC: >>> set_parameter(): OMX_GoogleAndroidIndexEnableAndroidNativeBuffers, enable
01-01 06:17:44.227   714  1755 I OMX_SWVDEC: >>> get_extension_index(): 'OMX.google.android.index.allocateNativeHandle'
01-01 06:17:44.227   714  1755 E OMX_SWVDEC: !!! get_extension_index(): 'OMX.google.android.index.allocateNativeHandle': not implemented
01-01 06:17:44.227   714  1755 I OMX_SWVDEC: >>> get_extension_index(): 'OMX.google.android.index.storeANWBufferInMetadata'
01-01 06:17:44.227   714  1755 E OMX_SWVDEC: !!! get_extension_index(): 'OMX.google.android.index.storeANWBufferInMetadata': not implemented
01-01 06:17:44.227   714  1755 I OMX_SWVDEC: >>> get_extension_index(): 'OMX.google.android.index.storeMetaDataInBuffers'
01-01 06:17:44.227   714  1755 I OMX_SWVDEC: >>> set_parameter(): OMX_QcomIndexParamVideoMetaBufferMode, port index 1, enable
01-01 06:17:44.227   714  1755 I OMX_SWVDEC: >>> get_state(): OMX_StateLoaded
01-01 06:17:44.228   714  1755 I OMX_SWVDEC: >>> get_state(): OMX_StateLoaded
01-01 06:17:44.228   714  1755 I OMX_SWVDEC: >>> component_deinit(): 
01-01 06:17:44.228   714  1819 I OMX_SWVDEC: --- async_thread(): exiting
01-01 06:17:44.228   714  1755 I SWVDEC  : >>> swvdec_deinit(): 
01-01 06:17:44.228   714  1755 I SWVDEC  : --- set_state(): SWVDEC_STATE_INIT -> SWVDEC_STATE_INVALID
01-01 06:17:44.228   714  1818 I SWVDEC  : --- thread_eventd(): SWVDEC_THREAD_SIGNAL_EXIT
01-01 06:17:44.228   714  1817 I SWVDEC  : --- thread_decoder(): SWVDEC_THREAD_SIGNAL_EXIT
01-01 06:17:44.228   714  1815 I SWVDEC  : --- thread_parser(): SWVDEC_THREAD_SIGNAL_EXIT
01-01 06:17:44.229   714  1755 I SWVDEC  : --- swvdec_deinit(): all done, goodbye!
01-01 06:17:44.229   714  1755 I OMX_SWVDEC: --- component_deinit(): all done, goodbye!
01-01 06:17:44.235   708   935 I OMXClient: IOmx service obtained
01-01 06:17:44.235   714  1755 I OMXMaster: makeComponentInstance(OMX.qti.video.decoder.divx4sw) in omx@1.0-service process
01-01 06:17:44.237   714  1755 I OMX_SWVDEC: >>> component_init(): 'OMX.qti.video.decoder.divx4sw', version date: 2017-10-06T11:32:51+0530
01-01 06:17:44.237   714  1755 I SWVDEC  : >>> swvdec_init(): MPEG-4 codec, version date: 2016-06-21T15:09:36+0530
01-01 06:17:44.238   714  1755 I SWVDEC  : --- set_state(): SWVDEC_STATE_INVALID -> SWVDEC_STATE_INIT
01-01 06:17:44.238   714  1755 I OMX_SWVDEC: --- set_frame_dimensions(): 1920 x 1080
01-01 06:17:44.238   714  1755 I SWVDEC  : >>> swvdec_setproperty(): 
01-01 06:17:44.238   714  1755 I SWVDEC  : --- set_frame_dimensions(): 1920 x 1080
01-01 06:17:44.238   714  1755 I OMX_SWVDEC: --- set_frame_attributes(): 'OMX_QCOM_COLOR_FormatYUV420PackedSemiPlanar32m': stride 1920, scanlines 1088, size 3133440
01-01 06:17:44.238   714  1755 I SWVDEC  : >>> swvdec_setproperty(): 
01-01 06:17:44.238   714  1755 I SWVDEC  : --- set_frame_attributes(): semiplanar NV12, stride 1920, scanlines 1088, size 3133440
01-01 06:17:44.238   714  1755 I SWVDEC  : >>> swvdec_getproperty(): 
01-01 06:17:44.238   714  1755 I SWVDEC  : --- get_property(): buffer requirements ip: 3133440 bytes x (1 to 32), 128-byte aligned
01-01 06:17:44.238   714  1755 I OMX_SWVDEC: --- get_buffer_requirements_swvdec(): ip port: 3133440 bytes x 5, 128-byte aligned
01-01 06:17:44.238   714  1755 I SWVDEC  : >>> swvdec_getproperty(): 
01-01 06:17:44.238   714  1755 I SWVDEC  : --- get_property(): buffer requirements op: 3133440 bytes x (3 to 32), 128-byte aligned
01-01 06:17:44.238   714  1755 I OMX_SWVDEC: --- get_buffer_requirements_swvdec(): op port: 3133440 bytes x 3, 128-byte aligned
01-01 06:17:44.238   714  1826 I OMX_SWVDEC: --- async_thread(): created
01-01 06:17:44.238   714  1755 I OMX_SWVDEC: --- component_init(): OMX_StateInvalid -> OMX_StateLoaded
01-01 06:17:44.238   714  1755 I OMX_SWVDEC: >>> set_callbacks(): 
01-01 06:17:44.239   714  1755 I OMX_SWVDEC: >>> set_parameter(): OMX_IndexParamStandardComponentRole 'video_decoder.divx4'
01-01 06:17:44.239   714  1755 I OMX_SWVDEC: >>> get_parameter(): OMX_IndexParamVideoProfileLevelQuerySupported, port index 0, profile index 0
01-01 06:17:44.239   714  1755 I OMX_SWVDEC: --- get_supported_profilelevel(): MPEG-4 simple profile, level 5
01-01 06:17:44.239   714  1755 I OMX_SWVDEC: >>> get_parameter(): OMX_IndexParamVideoProfileLevelQuerySupported, port index 0, profile index 1
01-01 06:17:44.239   714  1755 I OMX_SWVDEC: --- get_supported_profilelevel(): MPEG-4 advanced simple profile, level 5
01-01 06:17:44.239   714  1755 I OMX_SWVDEC: >>> get_parameter(): OMX_IndexParamVideoProfileLevelQuerySupported, port index 0, profile index 2
01-01 06:17:44.239   714  1755 I OMX_SWVDEC: --- get_supported_profilelevel(): profile index '2' unsupported; no more profiles
01-01 06:17:44.239   714  1755 I OMX_SWVDEC: >>> get_parameter(): OMX_IndexParamVideoPortFormat, port index 1, index 0
01-01 06:17:44.239   714  1755 I OMX_SWVDEC: --- get_video_port_format(): color format 0x7fa30c04, compression format 0x00000000
01-01 06:17:44.239   714  1755 I OMX_SWVDEC: >>> get_extension_index(): 'OMX.google.android.index.describeColorFormat'
01-01 06:17:44.240   714  1755 I OMX_SWVDEC: >>> get_extension_index(): 'OMX.google.android.index.storeMetaDataInBuffers'
01-01 06:17:44.240   714  1755 I OMX_SWVDEC: >>> get_extension_index(): 'OMX.google.android.index.storeANWBufferInMetadata'
01-01 06:17:44.240   714  1755 E OMX_SWVDEC: !!! get_extension_index(): 'OMX.google.android.index.storeANWBufferInMetadata': not implemented
01-01 06:17:44.240   714  1755 I OMX_SWVDEC: >>> get_extension_index(): 'OMX.google.android.index.prepareForAdaptivePlayback'
01-01 06:17:44.240   714  1755 I OMX_SWVDEC: >>> get_extension_index(): 'OMX.google.android.index.configureVideoTunnelMode'
01-01 06:17:44.240   714  1755 E OMX_SWVDEC: !!! get_extension_index(): 'OMX.google.android.index.configureVideoTunnelMode': not implemented
01-01 06:17:44.240   714  1755 I OMX_SWVDEC: >>> get_extension_index(): 'OMX.google.android.index.useAndroidNativeBuffer2'
01-01 06:17:44.240   714  1755 I OMX_SWVDEC: >>> get_extension_index(): 'OMX.google.android.index.useAndroidNativeBuffer'
01-01 06:17:44.240   714  1755 I OMX_SWVDEC: >>> get_extension_index(): 'OMX.google.android.index.enableAndroidNativeBuffers'
01-01 06:17:44.240   714  1755 I OMX_SWVDEC: >>> get_extension_index(): 'OMX.google.android.index.allocateNativeHandle'
01-01 06:17:44.240   714  1755 E OMX_SWVDEC: !!! get_extension_index(): 'OMX.google.android.index.allocateNativeHandle': not implemented
01-01 06:17:44.240   714  1755 I OMX_SWVDEC: >>> get_extension_index(): 'OMX.google.android.index.getAndroidNativeBufferUsage'
01-01 06:17:44.240   714  1755 I OMX_SWVDEC: >>> get_parameter(): OMX_QcomIndexFlexibleYUVDescription
01-01 06:17:44.240   714  1755 I OMX_SWVDEC: >>> get_parameter(): OMX_IndexParamVideoPortFormat, port index 1, index 1
01-01 06:17:44.240   714  1755 I OMX_SWVDEC: --- get_video_port_format(): color format 0x00000015, compression format 0x00000000
01-01 06:17:44.240   714  1755 I OMX_SWVDEC: >>> get_extension_index(): 'OMX.google.android.index.describeColorFormat'
01-01 06:17:44.240   714  1755 I OMX_SWVDEC: >>> get_parameter(): OMX_QcomIndexFlexibleYUVDescription
01-01 06:17:44.240   714  1755 E OMXNodeInstance: getParameter(0xeedf4004:qti.decoder.divx4sw, ??(0x7f000044)) ERROR: UnsupportedSetting(0x80001019)
01-01 06:17:44.241  1253  1647 W WindowManager: sjj_wm ------Add window package : com.android.systemui
01-01 06:17:44.241   714  1755 I OMX_SWVDEC: >>> get_parameter(): OMX_IndexParamVideoPortFormat, port index 1, index 2
01-01 06:17:44.241   714  1755 I OMX_SWVDEC: --- get_video_port_format(): index '2' unsupported; no more color formats
01-01 06:17:44.242   714  1755 I OMX_SWVDEC: >>> get_extension_index(): 'OMX.google.android.index.configureVideoTunnelMode'
01-01 06:17:44.242   714  1755 E OMX_SWVDEC: !!! get_extension_index(): 'OMX.google.android.index.configureVideoTunnelMode': not implemented
01-01 06:17:44.242   714  1755 E OMXNodeInstance: getExtensionIndex(0xeedf4004:qti.decoder.divx4sw, OMX.google.android.index.configureVideoTunnelMode) ERROR: NotImplemented(0x80001006)
01-01 06:17:44.242   714  1755 I OMX_SWVDEC: >>> get_extension_index(): 'OMX.google.android.index.enableAndroidNativeBuffers'
01-01 06:17:44.242   714  1755 I OMX_SWVDEC: >>> set_parameter(): OMX_GoogleAndroidIndexEnableAndroidNativeBuffers, enable
01-01 06:17:44.242   714  1755 I OMX_SWVDEC: >>> get_extension_index(): 'OMX.google.android.index.allocateNativeHandle'
01-01 06:17:44.242   714  1755 E OMX_SWVDEC: !!! get_extension_index(): 'OMX.google.android.index.allocateNativeHandle': not implemented
01-01 06:17:44.242   714  1755 I OMX_SWVDEC: >>> get_extension_index(): 'OMX.google.android.index.storeANWBufferInMetadata'
01-01 06:17:44.242   714  1755 E OMX_SWVDEC: !!! get_extension_index(): 'OMX.google.android.index.storeANWBufferInMetadata': not implemented
01-01 06:17:44.242   714  1755 I OMX_SWVDEC: >>> get_extension_index(): 'OMX.google.android.index.storeMetaDataInBuffers'
01-01 06:17:44.242   714  1755 I OMX_SWVDEC: >>> set_parameter(): OMX_QcomIndexParamVideoMetaBufferMode, port index 1, enable
01-01 06:17:44.242   714  1755 I OMX_SWVDEC: >>> get_state(): OMX_StateLoaded
01-01 06:17:44.242   714  1755 I OMX_SWVDEC: >>> get_state(): OMX_StateLoaded
01-01 06:17:44.242   714  1755 I OMX_SWVDEC: >>> component_deinit(): 
01-01 06:17:44.242   714  1826 I OMX_SWVDEC: --- async_thread(): exiting
01-01 06:17:44.243   714  1755 I SWVDEC  : >>> swvdec_deinit(): 
01-01 06:17:44.243   714  1755 I SWVDEC  : --- set_state(): SWVDEC_STATE_INIT -> SWVDEC_STATE_INVALID
01-01 06:17:44.243  1574  1828 I chatty  : uid=10034(com.android.systemui) expire 2 lines
01-01 06:17:44.245   714  1825 I SWVDEC  : --- thread_eventd(): SWVDEC_THREAD_SIGNAL_EXIT
01-01 06:17:44.245   714  1824 I SWVDEC  : --- thread_decoder(): SWVDEC_THREAD_SIGNAL_EXIT
01-01 06:17:44.245  1253  1378 I chatty  : uid=1000(system) notification-sq expire 1 line
01-01 06:17:44.246   714  1823 I SWVDEC  : --- thread_parser(): SWVDEC_THREAD_SIGNAL_EXIT
01-01 06:17:44.246   714  1755 I SWVDEC  : --- swvdec_deinit(): all done, goodbye!
01-01 06:17:44.246   714  1755 I OMX_SWVDEC: --- component_deinit(): all done, goodbye!
01-01 06:17:44.249   708   935 I OMXClient: IOmx service obtained
01-01 06:17:44.249   714   918 I OMXMaster: makeComponentInstance(OMX.qti.video.decoder.h263sw) in omx@1.0-service process
01-01 06:17:44.250   714   918 I OMX_SWVDEC: >>> component_init(): 'OMX.qti.video.decoder.h263sw', version date: 2017-10-06T11:32:51+0530
01-01 06:17:44.250   714   918 I SWVDEC  : >>> swvdec_init(): H.263 codec, version date: 2016-06-21T15:09:36+0530
01-01 06:17:44.250  1816  1816 E Diag_Lib:  Diag_LSM_Init: Failed to open handle to diag driver, error = 13
01-01 06:17:44.250  1816  1816 E Diag_Lib:  Couldn't register with Diag LSM, errno: 13
01-01 06:17:44.251   714   918 I SWVDEC  : --- set_state(): SWVDEC_STATE_INVALID -> SWVDEC_STATE_INIT
01-01 06:17:44.251   714   918 I OMX_SWVDEC: --- set_frame_dimensions(): 1920 x 1080
01-01 06:17:44.251   714   918 I SWVDEC  : >>> swvdec_setproperty(): 
01-01 06:17:44.251   714   918 I SWVDEC  : --- set_frame_dimensions(): 1920 x 1080
01-01 06:17:44.251   714   918 I OMX_SWVDEC: --- set_frame_attributes(): 'OMX_QCOM_COLOR_FormatYUV420PackedSemiPlanar32m': stride 1920, scanlines 1088, size 3133440
01-01 06:17:44.251   714   918 I SWVDEC  : >>> swvdec_setproperty(): 
01-01 06:17:44.251   714   918 I SWVDEC  : --- set_frame_attributes(): semiplanar NV12, stride 1920, scanlines 1088, size 3133440
01-01 06:17:44.251   714   918 I SWVDEC  : >>> swvdec_getproperty(): 
01-01 06:17:44.251   714   918 I SWVDEC  : --- get_property(): buffer requirements ip: 3133440 bytes x (1 to 32), 128-byte aligned
01-01 06:17:44.251   714   918 I OMX_SWVDEC: --- get_buffer_requirements_swvdec(): ip port: 3133440 bytes x 5, 128-byte aligned
01-01 06:17:44.251   714   918 I SWVDEC  : >>> swvdec_getproperty(): 
01-01 06:17:44.251   714   918 I SWVDEC  : --- get_property(): buffer requirements op: 3133440 bytes x (3 to 32), 128-byte aligned
01-01 06:17:44.252   714   918 I OMX_SWVDEC: --- get_buffer_requirements_swvdec(): op port: 3133440 bytes x 3, 128-byte aligned
01-01 06:17:44.252  1676  1676 D Phone   : readWriteInternalVersionInformation1FACTORY_LXF_P407_E01_SPF.1.0_1.0.0.015.0_T506_0508_FUSED
01-01 06:17:44.252   714  1832 I OMX_SWVDEC: --- async_thread(): created
01-01 06:17:44.252   714   918 I OMX_SWVDEC: --- component_init(): OMX_StateInvalid -> OMX_StateLoaded
01-01 06:17:44.252   714   918 I OMX_SWVDEC: >>> set_callbacks(): 
01-01 06:17:44.253   714   918 I OMX_SWVDEC: >>> set_parameter(): OMX_IndexParamStandardComponentRole 'video_decoder.h263'
01-01 06:17:44.253   714   918 I OMX_SWVDEC: >>> get_parameter(): OMX_IndexParamVideoProfileLevelQuerySupported, port index 0, profile index 0
01-01 06:17:44.253   714   918 I OMX_SWVDEC: --- get_supported_profilelevel(): H.263 baseline profile, level 70
01-01 06:17:44.253   714   918 I OMX_SWVDEC: >>> get_parameter(): OMX_IndexParamVideoProfileLevelQuerySupported, port index 0, profile index 1
01-01 06:17:44.253   714   918 I OMX_SWVDEC: --- get_supported_profilelevel(): profile index '1' unsupported; no more profiles
01-01 06:17:44.253   714   918 I OMX_SWVDEC: >>> get_parameter(): OMX_IndexParamVideoPortFormat, port index 1, index 0
01-01 06:17:44.253   714   918 I OMX_SWVDEC: --- get_video_port_format(): color format 0x7fa30c04, compression format 0x00000000
01-01 06:17:44.253   714   918 I OMX_SWVDEC: >>> get_extension_index(): 'OMX.google.android.index.describeColorFormat'
01-01 06:17:44.253   714   918 I OMX_SWVDEC: >>> get_extension_index(): 'OMX.google.android.index.storeMetaDataInBuffers'
01-01 06:17:44.253  1676  1676 D Phone   : send command is:LctReadWriteNV 7237 FACTORY_LXF_P407_E01_SPF.1.0_1.0.0.015.0_T506_0508_FUSED
01-01 06:17:44.253   714   918 I OMX_SWVDEC: >>> get_extension_index(): 'OMX.google.android.index.storeANWBufferInMetadata'
01-01 06:17:44.253   714   918 E OMX_SWVDEC: !!! get_extension_index(): 'OMX.google.android.index.storeANWBufferInMetadata': not implemented
01-01 06:17:44.253   714   918 I OMX_SWVDEC: >>> get_extension_index(): 'OMX.google.android.index.prepareForAdaptivePlayback'
01-01 06:17:44.253   714   918 I OMX_SWVDEC: >>> get_extension_index(): 'OMX.google.android.index.configureVideoTunnelMode'
01-01 06:17:44.253   714   918 E OMX_SWVDEC: !!! get_extension_index(): 'OMX.google.android.index.configureVideoTunnelMode': not implemented
01-01 06:17:44.253   714   918 I OMX_SWVDEC: >>> get_extension_index(): 'OMX.google.android.index.useAndroidNativeBuffer2'
01-01 06:17:44.253   714   918 I OMX_SWVDEC: >>> get_extension_index(): 'OMX.google.android.index.useAndroidNativeBuffer'
01-01 06:17:44.253   714   918 I OMX_SWVDEC: >>> get_extension_index(): 'OMX.google.android.index.enableAndroidNativeBuffers'
01-01 06:17:44.253   714   918 I OMX_SWVDEC: >>> get_extension_index(): 'OMX.google.android.index.allocateNativeHandle'
01-01 06:17:44.253   714   918 E OMX_SWVDEC: !!! get_extension_index(): 'OMX.google.android.index.allocateNativeHandle': not implemented
01-01 06:17:44.253   714   918 I OMX_SWVDEC: >>> get_extension_index(): 'OMX.google.android.index.getAndroidNativeBufferUsage'
01-01 06:17:44.253   714   918 I OMX_SWVDEC: >>> get_parameter(): OMX_QcomIndexFlexibleYUVDescription
01-01 06:17:44.253   714   918 I OMX_SWVDEC: >>> get_parameter(): OMX_IndexParamVideoPortFormat, port index 1, index 1
01-01 06:17:44.253   714   918 I OMX_SWVDEC: --- get_video_port_format(): color format 0x00000015, compression format 0x00000000
01-01 06:17:44.253   714   918 I OMX_SWVDEC: >>> get_extension_index(): 'OMX.google.android.index.describeColorFormat'
01-01 06:17:44.254   714   918 I OMX_SWVDEC: >>> get_parameter(): OMX_QcomIndexFlexibleYUVDescription
01-01 06:17:44.254   714   918 E OMXNodeInstance: getParameter(0xeedf4004:qti.decoder.h263sw, ??(0x7f000044)) ERROR: UnsupportedSetting(0x80001019)
01-01 06:17:44.254   714   918 I OMX_SWVDEC: >>> get_parameter(): OMX_IndexParamVideoPortFormat, port index 1, index 2
01-01 06:17:44.254   714   918 I OMX_SWVDEC: --- get_video_port_format(): index '2' unsupported; no more color formats
01-01 06:17:44.254   714   918 I OMX_SWVDEC: >>> get_extension_index(): 'OMX.google.android.index.configureVideoTunnelMode'
01-01 06:17:44.254   714   918 E OMX_SWVDEC: !!! get_extension_index(): 'OMX.google.android.index.configureVideoTunnelMode': not implemented
01-01 06:17:44.254   714   918 E OMXNodeInstance: getExtensionIndex(0xeedf4004:qti.decoder.h263sw, OMX.google.android.index.configureVideoTunnelMode) ERROR: NotImplemented(0x80001006)
01-01 06:17:44.254   714   918 I OMX_SWVDEC: >>> get_extension_index(): 'OMX.google.android.index.enableAndroidNativeBuffers'
01-01 06:17:44.254   714   918 I OMX_SWVDEC: >>> set_parameter(): OMX_GoogleAndroidIndexEnableAndroidNativeBuffers, enable
01-01 06:17:44.254   714   918 I OMX_SWVDEC: >>> get_extension_index(): 'OMX.google.android.index.allocateNativeHandle'
01-01 06:17:44.254   714   918 E OMX_SWVDEC: !!! get_extension_index(): 'OMX.google.android.index.allocateNativeHandle': not implemented
01-01 06:17:44.254   714   918 I OMX_SWVDEC: >>> get_extension_index(): 'OMX.google.android.index.storeANWBufferInMetadata'
01-01 06:17:44.254   714   918 E OMX_SWVDEC: !!! get_extension_index(): 'OMX.google.android.index.storeANWBufferInMetadata': not implemented
01-01 06:17:44.254   714   918 I OMX_SWVDEC: >>> get_extension_index(): 'OMX.google.android.index.storeMetaDataInBuffers'
01-01 06:17:44.254   714   918 I OMX_SWVDEC: >>> set_parameter(): OMX_QcomIndexParamVideoMetaBufferMode, port index 1, enable
01-01 06:17:44.254   714   918 I OMX_SWVDEC: >>> get_state(): OMX_StateLoaded
01-01 06:17:44.254   714   918 I OMX_SWVDEC: >>> get_state(): OMX_StateLoaded
01-01 06:17:44.254   714   918 I OMX_SWVDEC: >>> component_deinit(): 
01-01 06:17:44.254   714  1832 I OMX_SWVDEC: --- async_thread(): exiting
01-01 06:17:44.254   714   918 I SWVDEC  : >>> swvdec_deinit(): 
01-01 06:17:44.254   714   918 I SWVDEC  : --- set_state(): SWVDEC_STATE_INIT -> SWVDEC_STATE_INVALID
01-01 06:17:44.254   714  1831 I SWVDEC  : --- thread_eventd(): SWVDEC_THREAD_SIGNAL_EXIT
01-01 06:17:44.255   714  1830 I SWVDEC  : --- thread_decoder(): SWVDEC_THREAD_SIGNAL_EXIT
01-01 06:17:44.255   714  1829 I SWVDEC  : --- thread_parser(): SWVDEC_THREAD_SIGNAL_EXIT
01-01 06:17:44.255   714   918 I SWVDEC  : --- swvdec_deinit(): all done, goodbye!
01-01 06:17:44.255   714   918 I OMX_SWVDEC: --- component_deinit(): all done, goodbye!
01-01 06:17:44.257   708   935 I OMXClient: IOmx service obtained
01-01 06:17:44.257   714  1755 I OMXMaster: makeComponentInstance(OMX.google.h263.decoder) in omx@1.0-service process
01-01 06:17:44.263  1833  1833 E Diag_Lib:  Diag_LSM_Init: Failed to open handle to diag driver, error = 13
01-01 06:17:44.263  1833  1833 E Diag_Lib:  Couldn't register with Diag LSM, errno: 13
01-01 06:17:44.252  1676  1676 I m.android.phone: type=1400 audit(0.0:96): avc: denied { read } for name="tp_info" dev="proc" ino=4026532206 scontext=u:r:radio:s0 tcontext=u:object_r:proc_tpinfo:s0 tclass=file permissive=1
01-01 06:17:44.265  1676  1676 D Phone   : writeTouchPadVersionInformation1[Vendor]boe,[FW]0xae,[IC]FT8201
01-01 06:17:44.265  1676  1676 D Phone   : 
01-01 06:17:44.266  1676  1676 D Phone   : send command is:LctReadWriteNV 7240 [Vendor]boe,[FW]0xae,[IC]FT8201
01-01 06:17:44.274  1835  1835 E Diag_Lib:  Diag_LSM_Init: Failed to open handle to diag driver, error = 13
01-01 06:17:44.274  1835  1835 E Diag_Lib:  Couldn't register with Diag LSM, errno: 13
01-01 06:17:44.276   714  1755 E OMXNodeInstance: getExtensionIndex(0xeed9cc00:google.h263.decoder, OMX.google.android.index.configureVideoTunnelMode) ERROR: UnsupportedIndex(0x8000101a)
01-01 06:17:44.276   714  1755 E OMXNodeInstance: getExtensionIndex(0xeed9cc00:google.h263.decoder, OMX.google.android.index.enableAndroidNativeBuffers) ERROR: UnsupportedIndex(0x8000101a)
01-01 06:17:44.279   708   935 I OMXClient: IOmx service obtained
01-01 06:17:44.279   714   918 I OMXMaster: makeComponentInstance(OMX.qcom.video.decoder.hevc) in omx@1.0-service process
01-01 06:17:44.286  1253  1647 W WallpaperManagerService: Cannot extract colors because wallpaper could not be read.
01-01 06:17:44.286  1253  1647 W WallpaperManagerService: Cannot get theme colors because WallpaperColors is null.
01-01 06:17:44.286  1253  1647 W WallpaperManagerService: Cannot extract colors because wallpaper could not be read.
01-01 06:17:44.286  1253  1647 W WallpaperManagerService: Cannot get theme colors because WallpaperColors is null.
01-01 06:17:44.287   714   918 I OMX-VDEC-1080P: Video slvp perflock acquired
01-01 06:17:44.288   714   918 I OMX-VDEC-1080P: component_init: OMX.qcom.video.decoder.hevc : fd=7
01-01 06:17:44.292   714   918 I OMX-VDEC-1080P: omx_vdec::component_init() success : fd=7
01-01 06:17:44.293   714  1755 E OMXNodeInstance: getParameter(0xee608c04:qcom.decoder.hevc, ??(0x7f000044)) ERROR: UnsupportedSetting(0x80001019)
01-01 06:17:44.293   714  1755 E OMXNodeInstance: getParameter(0xee608c04:qcom.decoder.hevc, ??(0x7f000044)) ERROR: UnsupportedSetting(0x80001019)
01-01 06:17:44.293   714  1755 E OMXNodeInstance: getExtensionIndex(0xee608c04:qcom.decoder.hevc, OMX.google.android.index.configureVideoTunnelMode) ERROR: NotImplemented(0x80001006)
01-01 06:17:44.294   714  1755 E OMX-VDEC-1080P: Enable/Disable allocate-native-handle allowed only on input port!
01-01 06:17:44.294   714  1755 E OMX-VDEC-1080P: set_parameter: Error: 0x80001019, setting param 0x7f00005d
01-01 06:17:44.294   714  1755 E OMXNodeInstance: setParameter(0xee608c04:qcom.decoder.hevc, OMX.google.android.index.allocateNativeHandle(0x7f00005d): Output:1 en=0) ERROR: UnsupportedSetting(0x80001019)
01-01 06:17:44.294   714  1755 I OMX-VDEC-1080P: omx_vdec::component_deinit() complete
01-01 06:17:44.294  1253  1647 I StatusBarManagerService: registerStatusBar bar=com.android.internal.statusbar.IStatusBar$Stub$Proxy@c669716
01-01 06:17:44.295   714  1755 I OMX-VDEC-1080P: Exit OMX vdec Destructor: fd=7
01-01 06:17:44.295   714  1755 I OMX-VDEC-1080P: Video slvp perflock released
01-01 06:17:44.298   708   935 I OMXClient: IOmx service obtained
01-01 06:17:44.299   714  1755 I OMXMaster: makeComponentInstance(OMX.google.hevc.decoder) in omx@1.0-service process
01-01 06:17:44.303  1535  1730 I bt_core_module: module_clean_up Cleanup of module "interop_module" completed
01-01 06:17:44.303  1535  1730 I bt_core_module: module_clean_up Cleaning up module "profile_config_module"
01-01 06:17:44.303  1535  1730 I bt_core_module: module_clean_up Cleanup of module "profile_config_module" completed
01-01 06:17:44.303  1535  1730 I bt_btif_core: btif_cleanup_bluetooth finished
01-01 06:17:44.303  1535  1730 I bt_core_module: module_clean_up Cleaning up module "btif_config_module"
01-01 06:17:44.306   714   918 E OMXNodeInstance: getExtensionIndex(0xeed9cc60:google.hevc.decoder, OMX.google.android.index.configureVideoTunnelMode) ERROR: UnsupportedIndex(0x8000101a)
01-01 06:17:44.306   714   918 E OMXNodeInstance: getExtensionIndex(0xeed9cc60:google.hevc.decoder, OMX.google.android.index.enableAndroidNativeBuffers) ERROR: UnsupportedIndex(0x8000101a)
01-01 06:17:44.309   708   935 I OMXClient: IOmx service obtained
01-01 06:17:44.309   714   918 I OMXMaster: makeComponentInstance(OMX.qti.video.decoder.mpeg4sw) in omx@1.0-service process
01-01 06:17:44.311   714   918 I OMX_SWVDEC: >>> component_init(): 'OMX.qti.video.decoder.mpeg4sw', version date: 2017-10-06T11:32:51+0530
01-01 06:17:44.311   714   918 I SWVDEC  : >>> swvdec_init(): MPEG-4 codec, version date: 2016-06-21T15:09:36+0530
01-01 06:17:44.311   714   918 I SWVDEC  : --- set_state(): SWVDEC_STATE_INVALID -> SWVDEC_STATE_INIT
01-01 06:17:44.312   714   918 I OMX_SWVDEC: --- set_frame_dimensions(): 1920 x 1080
01-01 06:17:44.312   714   918 I SWVDEC  : >>> swvdec_setproperty(): 
01-01 06:17:44.312   714   918 I SWVDEC  : --- set_frame_dimensions(): 1920 x 1080
01-01 06:17:44.312   714   918 I OMX_SWVDEC: --- set_frame_attributes(): 'OMX_QCOM_COLOR_FormatYUV420PackedSemiPlanar32m': stride 1920, scanlines 1088, size 3133440
01-01 06:17:44.312   714   918 I SWVDEC  : >>> swvdec_setproperty(): 
01-01 06:17:44.312   714   918 I SWVDEC  : --- set_frame_attributes(): semiplanar NV12, stride 1920, scanlines 1088, size 3133440
01-01 06:17:44.312   714   918 I SWVDEC  : >>> swvdec_getproperty(): 
01-01 06:17:44.312   714   918 I SWVDEC  : --- get_property(): buffer requirements ip: 3133440 bytes x (1 to 32), 128-byte aligned
01-01 06:17:44.312   714   918 I OMX_SWVDEC: --- get_buffer_requirements_swvdec(): ip port: 3133440 bytes x 5, 128-byte aligned
01-01 06:17:44.312   714   918 I SWVDEC  : >>> swvdec_getproperty(): 
01-01 06:17:44.312   714   918 I SWVDEC  : --- get_property(): buffer requirements op: 3133440 bytes x (3 to 32), 128-byte aligned
01-01 06:17:44.312   714   918 I OMX_SWVDEC: --- get_buffer_requirements_swvdec(): op port: 3133440 bytes x 3, 128-byte aligned
01-01 06:17:44.312   714  1853 I OMX_SWVDEC: --- async_thread(): created
01-01 06:17:44.312   714   918 I OMX_SWVDEC: --- component_init(): OMX_StateInvalid -> OMX_StateLoaded
01-01 06:17:44.312   714   918 I OMX_SWVDEC: >>> set_callbacks(): 
01-01 06:17:44.312   714   918 I OMX_SWVDEC: >>> set_parameter(): OMX_IndexParamStandardComponentRole 'video_decoder.mpeg4'
01-01 06:17:44.313   714  1755 I OMX_SWVDEC: >>> get_parameter(): OMX_IndexParamVideoProfileLevelQuerySupported, port index 0, profile index 0
01-01 06:17:44.313   714  1755 I OMX_SWVDEC: --- get_supported_profilelevel(): MPEG-4 simple profile, level 5
01-01 06:17:44.313   714  1755 I OMX_SWVDEC: >>> get_parameter(): OMX_IndexParamVideoProfileLevelQuerySupported, port index 0, profile index 1
01-01 06:17:44.313   714  1755 I OMX_SWVDEC: --- get_supported_profilelevel(): MPEG-4 advanced simple profile, level 5
01-01 06:17:44.313   714  1755 I OMX_SWVDEC: >>> get_parameter(): OMX_IndexParamVideoProfileLevelQuerySupported, port index 0, profile index 2
01-01 06:17:44.313   714  1755 I OMX_SWVDEC: --- get_supported_profilelevel(): profile index '2' unsupported; no more profiles
01-01 06:17:44.313   714  1755 I OMX_SWVDEC: >>> get_parameter(): OMX_IndexParamVideoPortFormat, port index 1, index 0
01-01 06:17:44.313   714  1755 I OMX_SWVDEC: --- get_video_port_format(): color format 0x7fa30c04, compression format 0x00000000
01-01 06:17:44.313   714  1755 I OMX_SWVDEC: >>> get_extension_index(): 'OMX.google.android.index.describeColorFormat'
01-01 06:17:44.313   714  1755 I OMX_SWVDEC: >>> get_extension_index(): 'OMX.google.android.index.storeMetaDataInBuffers'
01-01 06:17:44.313   714  1755 I OMX_SWVDEC: >>> get_extension_index(): 'OMX.google.android.index.storeANWBufferInMetadata'
01-01 06:17:44.313   714  1755 E OMX_SWVDEC: !!! get_extension_index(): 'OMX.google.android.index.storeANWBufferInMetadata': not implemented
01-01 06:17:44.313   714  1755 I OMX_SWVDEC: >>> get_extension_index(): 'OMX.google.android.index.prepareForAdaptivePlayback'
01-01 06:17:44.313   714  1755 I OMX_SWVDEC: >>> get_extension_index(): 'OMX.google.android.index.configureVideoTunnelMode'
01-01 06:17:44.313   714  1755 E OMX_SWVDEC: !!! get_extension_index(): 'OMX.google.android.index.configureVideoTunnelMode': not implemented
01-01 06:17:44.313   714  1755 I OMX_SWVDEC: >>> get_extension_index(): 'OMX.google.android.index.useAndroidNativeBuffer2'
01-01 06:17:44.313   714  1755 I OMX_SWVDEC: >>> get_extension_index(): 'OMX.google.android.index.useAndroidNativeBuffer'
01-01 06:17:44.313   714  1755 I OMX_SWVDEC: >>> get_extension_index(): 'OMX.google.android.index.enableAndroidNativeBuffers'
01-01 06:17:44.313   714  1755 I OMX_SWVDEC: >>> get_extension_index(): 'OMX.google.android.index.allocateNativeHandle'
01-01 06:17:44.313   714  1755 E OMX_SWVDEC: !!! get_extension_index(): 'OMX.google.android.index.allocateNativeHandle': not implemented
01-01 06:17:44.313   714  1755 I OMX_SWVDEC: >>> get_extension_index(): 'OMX.google.android.index.getAndroidNativeBufferUsage'
01-01 06:17:44.313   714  1755 I OMX_SWVDEC: >>> get_parameter(): OMX_QcomIndexFlexibleYUVDescription
01-01 06:17:44.313   714  1755 I OMX_SWVDEC: >>> get_parameter(): OMX_IndexParamVideoPortFormat, port index 1, index 1
01-01 06:17:44.313   714  1755 I OMX_SWVDEC: --- get_video_port_format(): color format 0x00000015, compression format 0x00000000
01-01 06:17:44.313   714  1755 I OMX_SWVDEC: >>> get_extension_index(): 'OMX.google.android.index.describeColorFormat'
01-01 06:17:44.313   714  1755 I OMX_SWVDEC: >>> get_parameter(): OMX_QcomIndexFlexibleYUVDescription
01-01 06:17:44.313   714  1755 E OMXNodeInstance: getParameter(0xeedf4004:qti.decoder.mpeg4sw, ??(0x7f000044)) ERROR: UnsupportedSetting(0x80001019)
01-01 06:17:44.314   714  1755 I OMX_SWVDEC: >>> get_parameter(): OMX_IndexParamVideoPortFormat, port index 1, index 2
01-01 06:17:44.314   714  1755 I OMX_SWVDEC: --- get_video_port_format(): index '2' unsupported; no more color formats
01-01 06:17:44.314   714  1755 I OMX_SWVDEC: >>> get_extension_index(): 'OMX.google.android.index.configureVideoTunnelMode'
01-01 06:17:44.314   714  1755 E OMX_SWVDEC: !!! get_extension_index(): 'OMX.google.android.index.configureVideoTunnelMode': not implemented
01-01 06:17:44.314   714  1755 E OMXNodeInstance: getExtensionIndex(0xeedf4004:qti.decoder.mpeg4sw, OMX.google.android.index.configureVideoTunnelMode) ERROR: NotImplemented(0x80001006)
01-01 06:17:44.314   714  1755 I OMX_SWVDEC: >>> get_extension_index(): 'OMX.google.android.index.enableAndroidNativeBuffers'
01-01 06:17:44.314  1535  1730 I bt_core_module: module_clean_up Cleanup of module "btif_config_module" completed
01-01 06:17:44.314   714  1755 I OMX_SWVDEC: >>> set_parameter(): OMX_GoogleAndroidIndexEnableAndroidNativeBuffers, enable
01-01 06:17:44.314   714  1755 I OMX_SWVDEC: >>> get_extension_index(): 'OMX.google.android.index.allocateNativeHandle'
01-01 06:17:44.314   714  1755 E OMX_SWVDEC: !!! get_extension_index(): 'OMX.google.android.index.allocateNativeHandle': not implemented
01-01 06:17:44.314   714  1755 I OMX_SWVDEC: >>> get_extension_index(): 'OMX.google.android.index.storeANWBufferInMetadata'
01-01 06:17:44.314   714  1755 E OMX_SWVDEC: !!! get_extension_index(): 'OMX.google.android.index.storeANWBufferInMetadata': not implemented
