01-01 06:18:28.335  1695  1695 D SA_DH   : onPause: unregister mRedPointShowReceiver......
01-01 06:18:28.340  1253  1325 W WindowManager: sjj_wm ------Add window package : com.android.documentsui
01-01 06:18:28.356  1253  1277 I ActivityManager: Start proc 2844:com.android.documentsui/u0a27 for activity com.android.documentsui/.files.FilesActivity
01-01 06:18:28.356  2844  2844 I Zygote  : seccomp disabled by setenforce 0
01-01 06:18:28.422  2844  2844 I Perf    : Connecting to perf service.
01-01 06:18:28.502  1253  1277 I ActivityManager: Start proc 2861:com.android.externalstorage/u0a31 for content provider com.android.externalstorage/.ExternalStorageProvider
01-01 06:18:28.504  2861  2861 I Zygote  : seccomp disabled by setenforce 0
01-01 06:18:28.557  2844  2844 D FilesActivity: Created new state object: State{action=1, acceptMimes=[*/*], allowMultiple=true, localOnly=false, showDeviceStorageOption=true, showAdvanced=false, stack=DocumentStack{root=null, docStack=[], stackTouched=false}, dirConfigs={}, excludedAuthorities=[], openableOnly=false, sortModel=SortModel{dimensions={16908304=SortDimension{id=16908304, labelId=2131755226, dataType=0, sortCapability=0, defaultSortDirection=1, sortDirection=0, visibility=4}, 16908310=SortDimension{id=16908310, labelId=2131755224, dataType=0, sortCapability=3, defaultSortDirection=1, sortDirection=0, visibility=0}, 2131296333=SortDimension{id=2131296333, labelId=2131755222, dataType=1, sortCapability=3, defaultSortDirection=2, sortDirection=0, visibility=0}, 2131296375=SortDimension{id=2131296375, labelId=2131755223, dataType=0, sortCapability=3, defaultSortDirection=1, sortDirection=0, visibility=0}, 2131296509=SortDimension{id=2131296509, labelId=2131755225, dataType=1, sortCapability=3, defaultSortDirection=1, sortDirection=0, visibility=0}}, defaultDimensionId=0, sortedDimension=null}}
01-01 06:18:28.558  2844  2844 D DrawerController: Calculated drawer width:320.0
01-01 06:18:28.563  2861  2861 I Perf    : Connecting to perf service.
01-01 06:18:28.566  2844  2844 D Metrics : docsui_launch_action: 7
01-01 06:18:28.568  2844  2844 D Metrics : docsui_browse_root: 4
01-01 06:18:28.574  2861  2861 D ExternalStorage: After updating volumes, found 3 active roots
01-01 06:18:28.579  2844  2844 D ManagerActionHandler: Launching with root URI.
01-01 06:18:28.580  2844  2844 D ManagerActionHandler: Launched to root for browsing.
01-01 06:18:28.580  2844  2881 D LoadRootTask: Loading root: content://com.android.externalstorage.documents/root/BE05-07F0
01-01 06:18:28.628  1253  1277 I ActivityManager: Start proc 2885:com.android.mtp/u0a18 for content provider com.android.mtp/.MtpDocumentsProvider
01-01 06:18:28.630  2885  2885 I Zygote  : seccomp disabled by setenforce 0
01-01 06:18:28.683  2885  2885 I Perf    : Connecting to perf service.
01-01 06:18:28.762  2844  2844 D OpenGLRenderer: Skia GL Pipeline
01-01 06:18:28.766  2844  2903 D ProvidersAccess: Matched roots: [Root{authority=null, rootId=null, title=最近, isUsb=false, isSd=false, isMtp=false} @ content:/root/null, Root{authority=com.android.providers.downloads.documents, rootId=downloads, title=下载, isUsb=false, isSd=false, isMtp=false} @ content://com.android.providers.downloads.documents/root/downloads, Root{authority=com.android.providers.media.documents, rootId=images_root, title=图片, isUsb=false, isSd=false, isMtp=false} @ content://com.android.providers.media.documents/root/images_root, Root{authority=com.android.providers.media.documents, rootId=videos_root, title=视频, isUsb=false, isSd=false, isMtp=false} @ content://com.android.providers.media.documents/root/videos_root, Root{authority=com.android.providers.media.documents, rootId=audio_root, title=音频, isUsb=false, isSd=false, isMtp=false} @ content://com.android.providers.media.documents/root/audio_root, Root{authority=com.android.externalstorage.documents, rootId=BE05-07F0, title=SD卡, isUsb=false, isSd=true, isMtp=false} @ content://com.android.externalstorage.documents/root/BE05-07F0, Root{authority=com.android.externalstorage.documents, rootId=home, title=文档, isUsb=false, isSd=false, isMtp=false} @ content://com.android.externalstorage.documents/root/home]
01-01 06:18:28.774  1253  1551 W WindowManager: sjj_wm ------Add window package : com.android.documentsui
01-01 06:18:28.775  2844  2844 I ProvidersCache: Updating roots due to change at content://com.android.externalstorage.documents
01-01 06:18:28.783  2844  2844 D LoadRootTask: Loaded root: Root{authority=com.android.externalstorage.documents, rootId=BE05-07F0, title=SD卡, isUsb=false, isSd=true, isMtp=false} @ content://com.android.externalstorage.documents/root/BE05-07F0
01-01 06:18:28.783  2844  2844 W ActionModeController: Tried to finish a null action mode.
01-01 06:18:28.784  2844  2844 D DocumentStack: Root changed to: Root{authority=com.android.externalstorage.documents, rootId=BE05-07F0, title=SD卡, isUsb=false, isSd=true, isMtp=false} @ content://com.android.externalstorage.documents/root/BE05-07F0
01-01 06:18:28.829  2844  2904 I Adreno  : QUALCOMM build                   : ec481e8, I206150521a
01-01 06:18:28.829  2844  2904 I Adreno  : Build Date                       : 01/16/19
01-01 06:18:28.829  2844  2904 I Adreno  : OpenGL ES Shader Compiler Version: EV031.25.03.02
01-01 06:18:28.829  2844  2904 I Adreno  : Local Branch                     : 
01-01 06:18:28.829  2844  2904 I Adreno  : Remote Branch                    : 
01-01 06:18:28.829  2844  2904 I Adreno  : Remote Branch                    : 
01-01 06:18:28.829  2844  2904 I Adreno  : Reconstruct Branch               : 
01-01 06:18:28.829  2844  2904 I Adreno  : Build Config                     : S L 6.0.7 AArch64
01-01 06:18:28.834  2844  2904 I Adreno  : PFP: 0x005ff112, ME: 0x005ff066
01-01 06:18:28.841  2844  2904 I ConfigStore: android::hardware::configstore::V1_0::ISurfaceFlingerConfigs::hasWideColorDisplay retrieved: 0
01-01 06:18:28.841  2844  2904 I ConfigStore: android::hardware::configstore::V1_0::ISurfaceFlingerConfigs::hasHDRDisplay retrieved: 0
01-01 06:18:28.842  2844  2904 I OpenGLRenderer: Initialized EGL, version 1.4
01-01 06:18:28.842  2844  2904 D OpenGLRenderer: Swap behavior 2
01-01 06:18:28.937  2844  2903 D ProvidersAccess: Matched roots: [Root{authority=null, rootId=null, title=最近, isUsb=false, isSd=false, isMtp=false} @ content:/root/null, Root{authority=com.android.providers.downloads.documents, rootId=downloads, title=下载, isUsb=false, isSd=false, isMtp=false} @ content://com.android.providers.downloads.documents/root/downloads, Root{authority=com.android.providers.media.documents, rootId=images_root, title=图片, isUsb=false, isSd=false, isMtp=false} @ content://com.android.providers.media.documents/root/images_root, Root{authority=com.android.providers.media.documents, rootId=videos_root, title=视频, isUsb=false, isSd=false, isMtp=false} @ content://com.android.providers.media.documents/root/videos_root, Root{authority=com.android.providers.media.documents, rootId=audio_root, title=音频, isUsb=false, isSd=false, isMtp=false} @ content://com.android.providers.media.documents/root/audio_root, Root{authority=com.android.externalstorage.documents, rootId=BE05-07F0, title=SD卡, isUsb=false, isSd=true, isMtp=false} @ content://com.android.externalstorage.documents/root/BE05-07F0, Root{authority=com.android.externalstorage.documents, rootId=home, title=文档, isUsb=false, isSd=false, isMtp=false} @ content://com.android.externalstorage.documents/root/home]
01-01 06:18:28.938  2844  2844 D DocumentStack: Adding doc to stack: DocumentInfo{docId=BE05-07F0:, name=BE05-07F0, mimeType=vnd.android.document/directory, isContainer=true, isDirectory=true, isArchive=false, isInArchive=false, isPartial=false, isVirtual=false, isDeleteSupported=true, isCreateSupported=true, isRenameSupported=true, isMetadataSupported=false} @ content://com.android.externalstorage.documents/document/BE05-07F0%3A
01-01 06:18:28.939  2844  2844 D DirectoryFragment: Showing directory: content://com.android.externalstorage.documents/document/BE05-07F0%3A
01-01 06:18:28.939  2844  2844 D DirectoryFragment: Creating new fragment for directory: content://com.android.externalstorage.documents/document/BE05-07F0%3A
01-01 06:18:29.030   571  1289 I chatty  : uid=1000(system) Binder:571_4 expire 4 lines
01-01 06:18:29.040  2844  2844 D AbstractActionHandler: Creating new directory loader for: content://com.android.externalstorage.documents/document/BE05-07F0%3A
01-01 06:18:29.071  2844  2844 D AbstractActionHandler: Loader has finished for: content://com.android.externalstorage.documents/document/BE05-07F0%3A
01-01 06:18:29.071  2844  2844 I Model   : Updating model with new result set.
01-01 06:18:29.072  2844  2844 D DirectoryFragment: Received model update. Loading=false
01-01 06:18:29.140  2844  2844 D Metrics : docsui_startup_ms: 622
01-01 06:18:31.320  2844  2844 D ActionModeController: Starting action mode.
01-01 06:18:31.369   445   445 W hwservicemanager: getTransport: Cannot find entry android.hardware.vibrator@1.2::IVibrator/default in either framework or device manifest.
01-01 06:18:32.353  2844  2844 D Metrics : docsui_menu_action: 13
01-01 06:18:32.403  1253  1646 W WindowManager: sjj_wm ------Add window package : com.android.documentsui
01-01 06:18:32.420   571   657 I chatty  : uid=1000(system) Binder:571_2 expire 4 lines
01-01 06:18:33.341  2844  2844 D ActionModeController: Handling action mode destroyed.
01-01 06:18:33.346  2844  2844 D FileOperations: Handling generic 'start' call.
01-01 06:18:33.360   571   571 I chatty  : uid=1000(system) /system/bin/surfaceflinger expire 45 lines
01-01 06:18:33.382  2844  2904 D OpenGLRenderer: endAllActiveAnimators on 0x7559fd9400 (RippleDrawable) with handle 0x7559f16da0
01-01 06:18:33.396  1253  1277 I ActivityManager: Start proc 2911:com.android.documentsui:com.android.documentsui.services/u0a27 for service com.android.documentsui/.services.FileOperationService
01-01 06:18:33.401  2911  2911 I Zygote  : seccomp disabled by setenforce 0
01-01 06:18:33.479  2911  2911 I Perf    : Connecting to perf service.
01-01 06:18:33.515  2911  2911 D FileOperationService: Created.
01-01 06:18:33.518  2911  2911 D FileOperationService: onStartCommand: 136567-0 with serviceId 1
01-01 06:18:33.522  2911  2911 D FileOperationService: Scheduling job 136567-0.
01-01 06:18:33.523  2911  2930 D FileOperationService: onStart: 136567-0
01-01 06:18:33.524  2911  2930 D FileOperationService: Set foreground job to 136567-0
01-01 06:18:33.528  2911  2930 D FileOperationService: Posting notification for 136567-0
01-01 06:18:33.547  2911  2930 D DeleteJob: Deleting document @ content://com.android.externalstorage.documents/document/BE05-07F0%3ASHIPPING_LLD35024_T006_0423_FUSED%20(1).zip
01-01 06:18:33.698  2844  2844 D AbstractActionHandler: Loader has finished for: content://com.android.externalstorage.documents/document/BE05-07F0%3A
01-01 06:18:33.698  2844  2844 I Model   : Updating model with new result set.
01-01 06:18:33.699  2844  2844 D DirectoryFragment: Received model update. Loading=false
01-01 06:18:33.721  2911  2930 D Metrics : docsui_fileop_system: 8
01-01 06:18:33.723  2911  2930 D FileOperationService: onFinished: 136567-0
01-01 06:18:33.723  2911  2930 D FileOperationService: deleteJob: 136567-0
01-01 06:18:33.725  2911  2930 D FileOperationService: Stop foreground
01-01 06:18:33.729  2911  2911 D FileOperationService: Canceling notification for 136567-0
01-01 06:18:33.730  2911  2911 D FileOperationService: Shutting down. Last serviceId was 1
01-01 06:18:33.731  2911  2911 D FileOperationService: Stopping service: true
01-01 06:18:33.731  2911  2911 D FileOperationService: Shutting down executor.
01-01 06:18:33.732  2911  2911 D FileOperationService: Destroyed.
01-01 06:18:35.234  2844  2844 D Metrics : docsui_root_visited_in_manager: 5
01-01 06:18:35.235  2844  2844 W ActionModeController: Tried to finish a null action mode.
01-01 06:18:35.236  2844  2844 D DocumentStack: Root changed to: Root{authority=com.android.providers.downloads.documents, rootId=downloads, title=下载, isUsb=false, isSd=false, isMtp=false} @ content://com.android.providers.downloads.documents/root/downloads
01-01 06:18:35.266  2844  2844 D DocumentStack: Adding doc to stack: DocumentInfo{docId=downloads, name=下载, mimeType=vnd.android.document/directory, isContainer=true, isDirectory=true, isArchive=false, isInArchive=false, isPartial=false, isVirtual=false, isDeleteSupported=false, isCreateSupported=true, isRenameSupported=false, isMetadataSupported=false} @ content://com.android.providers.downloads.documents/document/downloads
01-01 06:18:35.266  2844  2844 D DirectoryFragment: Showing directory: content://com.android.providers.downloads.documents/document/downloads
01-01 06:18:35.266  2844  2844 D DirectoryFragment: Creating new fragment for directory: content://com.android.providers.downloads.documents/document/downloads
01-01 06:18:35.323  2844  2844 D DirectoryFragment: Received model update. Loading=false
01-01 06:18:35.334  2844  2844 D AbstractActionHandler: Creating new directory loader for: content://com.android.providers.downloads.documents/document/downloads
01-01 06:18:35.335  2844  2844 D AbstractActionHandler: Creating new directory loader for: content://com.android.providers.downloads.documents/document/downloads
01-01 06:18:35.414  2844  2844 D AbstractActionHandler: Loader has finished for: content://com.android.providers.downloads.documents/document/downloads
01-01 06:18:35.414  2844  2844 I Model   : Updating model with new result set.
01-01 06:18:35.414  2844  2844 D DirectoryFragment: Received model update. Loading=false
01-01 06:18:37.179  1253  1253 V SettingsProvider: Notifying for 0: content://settings/system/screen_brightness
01-01 06:18:42.482  2844  2844 D Metrics : docsui_root_visited_in_manager: 5
01-01 06:18:43.138  1253  1253 I ActivityManager: Killing 2441:com.android.calendar/u0a63 (adj 906): empty #17
01-01 06:18:43.140  1253  1278 I chatty  : uid=1000(system) ActivityManager expire 11 lines
01-01 06:18:43.231   477   477 I Zygote  : Process 2441 exited due to signal (9)
01-01 06:18:43.540  1253  2944 I chatty  : uid=1000 system_server expire 7 lines
01-01 06:18:43.578  2844  2844 D ActionModeController: Starting action mode.
01-01 06:18:43.595  1253  1646 I chatty  : uid=1000(system) Binder:1253_5 expire 8 lines
01-01 06:18:44.541  1253  1646 W WindowManager: sjj_wm ------Add window package : com.android.documentsui
01-01 06:18:44.853   571   571 I chatty  : uid=1000(system) /system/bin/surfaceflinger expire 89 lines
01-01 06:18:46.139  2844  2844 D Metrics : docsui_menu_action: 11
01-01 06:18:46.147  1253  1646 I ActivityManager: START u0 {act=com.android.documentsui.PICK_COPY_DESTINATION dat= cmp=com.android.documentsui/.picker.PickActivity (has extras)} from uid 10027
01-01 06:18:46.161  2844  2844 D ActionModeController: Handling action mode destroyed.
01-01 06:18:46.211  2844  2844 W ActivityThread: handleWindowVisibility: no activity for token android.os.BinderProxy@f1333cb
01-01 06:18:46.226  2844  2844 D PickActivity: Created new state object: State{action=2, acceptMimes=[*/*], allowMultiple=false, localOnly=false, showDeviceStorageOption=true, showAdvanced=false, stack=DocumentStack{root=null, docStack=[], stackTouched=false}, dirConfigs={}, excludedAuthorities=[], openableOnly=false, sortModel=SortModel{dimensions={16908304=SortDimension{id=16908304, labelId=2131755226, dataType=0, sortCapability=0, defaultSortDirection=1, sortDirection=0, visibility=4}, 16908310=SortDimension{id=16908310, labelId=2131755224, dataType=0, sortCapability=3, defaultSortDirection=1, sortDirection=0, visibility=0}, 2131296333=SortDimension{id=2131296333, labelId=2131755222, dataType=1, sortCapability=3, defaultSortDirection=2, sortDirection=0, visibility=0}, 2131296375=SortDimension{id=2131296375, labelId=2131755223, dataType=0, sortCapability=3, defaultSortDirection=1, sortDirection=0, visibility=0}, 2131296509=SortDimension{id=2131296509, labelId=2131755225, dataType=1, sortCapability=3, defaultSortDirection=1, sortDirection=0, visibility=0}}, defaultDimensionId=0, sortedDimension=null}}
01-01 06:18:46.227  2844  2844 D DrawerController: Calculated drawer width:320.0
01-01 06:18:46.227  2844  2844 D Metrics : docsui_launch_action: 8
01-01 06:18:46.234  2844  2844 D PickerActionHandler: Launching directly into Home directory for copy destination.
01-01 06:18:46.234  2844  2938 D LoadRootTask: Loading root: content://com.android.providers.downloads.documents/root/downloads
01-01 06:18:46.244  2844  2906 D ProvidersAccess: Matched roots: [Root{authority=com.android.providers.downloads.documents, rootId=downloads, title=下载, isUsb=false, isSd=false, isMtp=false} @ content://com.android.providers.downloads.documents/root/downloads, Root{authority=com.android.externalstorage.documents, rootId=BE05-07F0, title=SD卡, isUsb=false, isSd=true, isMtp=false} @ content://com.android.externalstorage.documents/root/BE05-07F0, Root{authority=com.android.externalstorage.documents, rootId=home, title=文档, isUsb=false, isSd=false, isMtp=false} @ content://com.android.externalstorage.documents/root/home]
01-01 06:18:46.248  1253  1646 W WindowManager: sjj_wm ------Add window package : com.android.documentsui
01-01 06:18:46.264  2844  2844 D LoadRootTask: Loaded root: Root{authority=com.android.providers.downloads.documents, rootId=downloads, title=下载, isUsb=false, isSd=false, isMtp=false} @ content://com.android.providers.downloads.documents/root/downloads
01-01 06:18:46.264  2844  2844 W ActionModeController: Tried to finish a null action mode.
01-01 06:18:46.264  2844  2844 D DocumentStack: Root changed to: Root{authority=com.android.providers.downloads.documents, rootId=downloads, title=下载, isUsb=false, isSd=false, isMtp=false} @ content://com.android.providers.downloads.documents/root/downloads
01-01 06:18:46.357  2844  2844 D DocumentStack: Adding doc to stack: DocumentInfo{docId=downloads, name=下载, mimeType=vnd.android.document/directory, isContainer=true, isDirectory=true, isArchive=false, isInArchive=false, isPartial=false, isVirtual=false, isDeleteSupported=false, isCreateSupported=true, isRenameSupported=false, isMetadataSupported=false} @ content://com.android.providers.downloads.documents/document/downloads
01-01 06:18:46.357  2844  2844 D DirectoryFragment: Showing directory: content://com.android.providers.downloads.documents/document/downloads
01-01 06:18:46.357  2844  2844 D DirectoryFragment: Creating new fragment for directory: content://com.android.providers.downloads.documents/document/downloads
01-01 06:18:46.362  2844  2904 D OpenGLRenderer: endAllActiveAnimators on 0x755a5ddd00 (MenuPopupWindow$MenuDropDownListView) with handle 0x755922fa00
01-01 06:18:46.398  2844  2844 D AbstractActionHandler: Creating new directory loader for: content://com.android.providers.downloads.documents/document/downloads
01-01 06:18:46.429  2844  2844 D AbstractActionHandler: Loader has finished for: content://com.android.providers.downloads.documents/document/downloads
01-01 06:18:46.430  2844  2844 I Model   : Updating model with new result set.
01-01 06:18:46.430  2844  2844 D DirectoryFragment: Received model update. Loading=false
01-01 06:18:46.456  2844  2844 D Metrics : docsui_startup_ms: 241
01-01 06:18:46.559   571   657 W SurfaceFlinger: Attempting to destroy on removed layer: PopupWindow:b607df4#0
01-01 06:18:46.560   571   571 I ConfigStore: android::hardware::configstore::V1_0::ISurfaceFlingerConfigs::hasHDRDisplay retrieved: 0
01-01 06:18:46.561   571   571 I ConfigStore: android::hardware::configstore::V1_0::ISurfaceFlingerConfigs::hasHDRDisplay retrieved: 0
01-01 06:18:46.708   571   571 I ConfigStore: android::hardware::configstore::V1_0::ISurfaceFlingerConfigs::hasHDRDisplay retrieved: 0
01-01 06:18:47.561   571   571 I ConfigStore: android::hardware::configstore::V1_0::ISurfaceFlingerConfigs::hasHDRDisplay retrieved: 0
01-01 06:18:47.878  2844  2844 D Metrics : docsui_root_visited_in_picker: 4
01-01 06:18:47.878  2844  2844 W ActionModeController: Tried to finish a null action mode.
01-01 06:18:47.879  2844  2844 D DocumentStack: Root changed to: Root{authority=com.android.externalstorage.documents, rootId=BE05-07F0, title=SD卡, isUsb=false, isSd=true, isMtp=false} @ content://com.android.externalstorage.documents/root/BE05-07F0
01-01 06:18:47.914  2844  2844 D DocumentStack: Adding doc to stack: DocumentInfo{docId=BE05-07F0:, name=BE05-07F0, mimeType=vnd.android.document/directory, isContainer=true, isDirectory=true, isArchive=false, isInArchive=false, isPartial=false, isVirtual=false, isDeleteSupported=true, isCreateSupported=true, isRenameSupported=true, isMetadataSupported=false} @ content://com.android.externalstorage.documents/document/BE05-07F0%3A
01-01 06:18:47.915  2844  2844 D DirectoryFragment: Showing directory: content://com.android.externalstorage.documents/document/BE05-07F0%3A
01-01 06:18:47.915  2844  2844 D DirectoryFragment: Creating new fragment for directory: content://com.android.externalstorage.documents/document/BE05-07F0%3A
01-01 06:18:47.968  2844  2844 D DirectoryFragment: Received model update. Loading=false
01-01 06:18:47.976  2844  2844 D AbstractActionHandler: Creating new directory loader for: content://com.android.externalstorage.documents/document/BE05-07F0%3A
01-01 06:18:47.978  2844  2844 D AbstractActionHandler: Creating new directory loader for: content://com.android.externalstorage.documents/document/BE05-07F0%3A
01-01 06:18:48.012  2844  2844 D AbstractActionHandler: Loader has finished for: content://com.android.externalstorage.documents/document/BE05-07F0%3A
01-01 06:18:48.012  2844  2844 I Model   : Updating model with new result set.
01-01 06:18:48.012  2844  2844 D DirectoryFragment: Received model update. Loading=false
01-01 06:18:48.412   571   571 I ConfigStore: android::hardware::configstore::V1_0::ISurfaceFlingerConfigs::hasHDRDisplay retrieved: 0
01-01 06:18:48.414   571   571 I ConfigStore: android::hardware::configstore::V1_0::ISurfaceFlingerConfigs::hasHDRDisplay retrieved: 0
01-01 06:18:49.205  2844  2844 D PickerActionHandler: onFinished() [content://com.android.externalstorage.documents/document/BE05-07F0%3A]
01-01 06:18:49.211  1253  1265 I chatty  : uid=1000(system) Binder:1253_2 expire 4 lines
01-01 06:18:49.228  1253  1646 I ActivityManager: Killing 2559:com.android.managedprovisioning/u0a21 (adj 906): empty #17
01-01 06:18:49.247  2844  2844 D FileOperations: Handling generic 'start' call.
01-01 06:18:49.266  2911  2911 D FileOperationService: Created.
01-01 06:18:49.268  2911  2911 D FileOperationService: onStartCommand: 152466-0 with serviceId 1
01-01 06:18:49.270  2844  2905 D ProvidersAccess: Matched roots: [Root{authority=null, rootId=null, title=最近, isUsb=false, isSd=false, isMtp=false} @ content:/root/null, Root{authority=com.android.providers.downloads.documents, rootId=downloads, title=下载, isUsb=false, isSd=false, isMtp=false} @ content://com.android.providers.downloads.documents/root/downloads, Root{authority=com.android.providers.media.documents, rootId=images_root, title=图片, isUsb=false, isSd=false, isMtp=false} @ content://com.android.providers.media.documents/root/images_root, Root{authority=com.android.providers.media.documents, rootId=videos_root, title=视频, isUsb=false, isSd=false, isMtp=false} @ content://com.android.providers.media.documents/root/videos_root, Root{authority=com.android.providers.media.documents, rootId=audio_root, title=音频, isUsb=false, isSd=false, isMtp=false} @ content://com.android.providers.media.documents/root/audio_root, Root{authority=com.android.externalstorage.documents, rootId=BE05-07F0, title=SD卡, isUsb=false, isSd=true, isMtp=false} @ content://com.android.externalstorage.documents/root/BE05-07F0, Root{authority=com.android.externalstorage.documents, rootId=home, title=文档, isUsb=false, isSd=false, isMtp=false} @ content://com.android.externalstorage.documents/root/home]
01-01 06:18:49.273  2911  2911 D FileOperationService: Scheduling job 152466-0.
01-01 06:18:49.275  2911  2951 D FileOperationService: onStart: 152466-0
01-01 06:18:49.275  2911  2951 D FileOperationService: Set foreground job to 152466-0
01-01 06:18:49.280  2911  2951 D FileOperationService: Posting notification for 152466-0
01-01 06:18:49.313   477   477 I Zygote  : Process 2559 exited due to signal (9)
01-01 06:18:49.358  2911  2951 D CopyJob : Copying SHIPPING_LLD35024_T006_0423_FUSED.zip (content://com.android.providers.downloads.documents/document/1) to BE05-07F0 (content://com.android.externalstorage.documents/document/BE05-07F0%3A)
01-01 06:18:49.359  2911  2951 D CopyJob : Doing byte copy of document: DocumentInfo{docId=1, name=SHIPPING_LLD35024_T006_0423_FUSED.zip, mimeType=application/zip, isContainer=true, isDirectory=false, isArchive=true, isInArchive=false, isPartial=false, isVirtual=false, isDeleteSupported=true, isCreateSupported=false, isRenameSupported=true, isMetadataSupported=false} @ content://com.android.providers.downloads.documents/document/1
01-01 06:18:49.502  2844  2881 W DirectoryLoader: Failed to query
01-01 06:18:49.502  2844  2881 W DirectoryLoader: android.os.OperationCanceledException: The operation has been canceled.
01-01 06:18:49.502  2844  2881 W DirectoryLoader: 	at android.os.CancellationSignal.throwIfCanceled(CancellationSignal.java:54)
01-01 06:18:49.502  2844  2881 W DirectoryLoader: 	at android.content.ContentProviderClient.query(ContentProviderClient.java:159)
01-01 06:18:49.502  2844  2881 W DirectoryLoader: 	at com.android.documentsui.DirectoryLoader.loadInBackground(DirectoryLoader.java:125)
01-01 06:18:49.502  2844  2881 W DirectoryLoader: 	at com.android.documentsui.DirectoryLoader.loadInBackground(DirectoryLoader.java:51)
01-01 06:18:49.502  2844  2881 W DirectoryLoader: 	at android.content.AsyncTaskLoader.onLoadInBackground(AsyncTaskLoader.java:319)
01-01 06:18:49.502  2844  2881 W DirectoryLoader: 	at android.content.AsyncTaskLoader$LoadTask.doInBackground(AsyncTaskLoader.java:73)
01-01 06:18:49.502  2844  2881 W DirectoryLoader: 	at android.content.AsyncTaskLoader$LoadTask.doInBackground(AsyncTaskLoader.java:61)
01-01 06:18:49.502  2844  2881 W DirectoryLoader: 	at android.os.AsyncTask$2.call(AsyncTask.java:333)
01-01 06:18:49.502  2844  2881 W DirectoryLoader: 	at java.util.concurrent.FutureTask.run(FutureTask.java:266)
01-01 06:18:49.502  2844  2881 W DirectoryLoader: 	at com.android.documentsui.ProviderExecutor.run(ProviderExecutor.java:104)
01-01 06:18:49.526  2911  2951 D Metrics : docsui_file_copied: 3
01-01 06:18:49.533  2844  2844 D AbstractActionHandler: Loader has finished for: content://com.android.externalstorage.documents/document/BE05-07F0%3A
01-01 06:18:49.533  2844  2844 I Model   : Updating model with new result set.
01-01 06:18:49.534  2844  2844 D DirectoryFragment: Received model update. Loading=false
01-01 06:18:49.797   571   571 I ConfigStore: android::hardware::configstore::V1_0::ISurfaceFlingerConfigs::hasHDRDisplay retrieved: 0
01-01 06:18:59.584  1253  1253 V SettingsProvider: Notifying for 0: content://settings/system/screen_brightness
01-01 06:18:59.839   571   571 I ConfigStore: android::hardware::configstore::V1_0::ISurfaceFlingerConfigs::hasHDRDisplay retrieved: 0
01-01 06:19:00.139   571   571 I ConfigStore: android::hardware::configstore::V1_0::ISurfaceFlingerConfigs::hasHDRDisplay retrieved: 0
01-01 06:19:03.615   571   571 I chatty  : uid=1000(system) /system/bin/surfaceflinger identical 30 lines
01-01 06:19:04.130  1253  1285 I PowerManagerService: Nap time (uid 1000)...
01-01 06:19:04.130  1253  1285 I PowerManagerService: Going to sleep due to screen timeout (uid 1000)...
01-01 06:19:04.130  1253  1253 W UsageStatsService: Event reported without a package name
01-01 06:19:04.134  1574  1800 I chatty  : uid=10034(com.android.systemui) Binder:1574_4 expire 4 lines
01-01 06:19:04.201  1253  1285 I DisplayPowerController: Blocking screen off
01-01 06:19:04.202  1253  1285 I DisplayPowerController: Unblocked screen off after 1 ms
01-01 06:19:04.212   540   540 I health@2.0-serv: type=1400 audit(0.0:136): avc: denied { read } for name="present" dev="sysfs" ino=34539 scontext=u:r:hal_health_default:s0 tcontext=u:object_r:sysfs:s0 tclass=file permissive=1
01-01 06:19:04.212   540   540 I health@2.0-serv: type=1400 audit(0.0:137): avc: denied { open } for path="/sys/devices/platform/soc/78b6000.i2c/i2c-2/2-0055/power_supply/bq27541/present" dev="sysfs" ino=34539 scontext=u:r:hal_health_default:s0 tcontext=u:object_r:sysfs:s0 tclass=file permissive=1
01-01 06:19:04.212   540   540 I health@2.0-serv: type=1400 audit(0.0:138): avc: denied { getattr } for path="/sys/devices/platform/soc/78b6000.i2c/i2c-2/2-0055/power_supply/bq27541/present" dev="sysfs" ino=34539 scontext=u:r:hal_health_default:s0 tcontext=u:object_r:sysfs:s0 tclass=file permissive=1
01-01 06:19:04.229  1253  1348 D BatteryService: charger,turn off the led
01-01 06:19:04.232  2191  2349 I chatty  : uid=1000(system) BatteryTemperat expire 1 line
01-01 06:19:04.233  2191  2350 I chatty  : uid=1000(system) BatteryChargeTi expire 3 lines
01-01 06:19:04.233  1574  1574 I chatty  : uid=10034(com.android.systemui) expire 26 lines
01-01 06:19:04.234  1574  1574 D PowerUI : xxbuckets   .....20 .. 15 .. 10 .. 5 .. 1
01-01 06:19:04.235  1574  1574 D PowerUI : level          49 --> 49
01-01 06:19:04.235  1574  1574 D PowerUI : status         3 --> 3
01-01 06:19:04.235  1574  1574 D PowerUI : plugType       0 --> 0
01-01 06:19:04.235  1574  1574 D PowerUI : invalidCharger 0 --> 0
01-01 06:19:04.235  1574  1574 D PowerUI : bucket         1 --> 1
01-01 06:19:04.235  1574  1574 D PowerUI : plugged        false --> false
01-01 06:19:04.235  1574  1574 D PowerUI : batteryTemperature   300
01-01 06:19:04.235  1574  1574 D PowerUI : charger_health 0
01-01 06:19:04.235  1574  1574 D PowerUI : dismissVoltageOverWarning
01-01 06:19:04.236  1253  1279 E KernelCpuSpeedReader: Failed to read cpu-freq: /sys/devices/system/cpu/cpu0/cpufreq/stats/time_in_state (No such file or directory)
01-01 06:19:04.236  1253  1279 W KernelCpuProcReader: File not exist: /proc/uid_cpupower/time_in_state
01-01 06:19:04.237  1253  1279 W KernelCpuProcReader: File not exist: /proc/uid_cpupower/concurrent_active_time
01-01 06:19:04.237  1253  1279 W KernelCpuProcReader: File not exist: /proc/uid_cpupower/concurrent_policy_time
01-01 06:19:04.244  1253  1285 I chatty  : uid=1000(system) PowerManagerSer expire 1 line
01-01 06:19:04.280  1253  1532 I chatty  : uid=1000(system) PhotonicModulat expire 2 lines
01-01 06:19:04.280   571   571 D SurfaceFlinger: Set power mode=0, type=0 flinger=0x792003d000
01-01 06:19:04.280  1253  1283 I DisplayManagerService: Display device changed state: "内置屏幕", OFF
01-01 06:19:04.281   539  2108 I SDM     : DisplayBase::SetDisplayState: Set state = 0, display 0
01-01 06:19:04.300  1253  1350 I chatty  : uid=1000(system) InputReader expire 7 lines
01-01 06:19:04.418  1253  1263 I chatty  : uid=1000(system) HeapTaskDaemon expire 1 line
01-01 06:19:04.845   571   571 D SurfaceFlinger: Finished set power mode=0, type=0
01-01 06:19:04.845   543   543 E QTI PowerHAL: Failed to acquire lock for hint_id: 1040.
01-01 06:19:04.846   543   543 I QTI PowerHAL: Got set_interactive hint
01-01 06:19:04.846   543   543 I QTI PowerHAL: Got set_interactive hint on= 0, count= 4
01-01 06:19:04.846   543   543 E QTI PowerHAL: Error opening /sys/kernel/hbtp/display_pwr: No such file or directory
01-01 06:19:04.847  1253  1285 I DreamManagerService: Entering dreamland.
01-01 06:19:04.847  1253  1285 I PowerManagerService: Dozing...
01-01 06:19:04.848  1253  1281 I DreamController: Starting dream: name=ComponentInfo{com.android.systemui/com.android.systemui.doze.DozeService}, isTest=false, canDoze=true, userId=0
01-01 06:19:04.852  1253  1281 I chatty  : uid=1000(system) android.fg expire 3 lines
01-01 06:19:04.853  1253  1281 D AutofillManagerService: Close system dialogs
01-01 06:19:04.905  1574  1948 I chatty  : uid=10034(com.android.systemui) Binder:1574_5 expire 2 lines
01-01 06:19:04.909  1253  1366 I chatty  : uid=1000(system) WifiStateMachin expire 2 lines
01-01 06:19:04.925  1253  1277 I ActivityManager: Start proc 2956:com.dolby.daxappui/u0a49 for service com.dolby.daxappui/.DaxTileService
01-01 06:19:04.926  2956  2956 I Zygote  : seccomp disabled by setenforce 0
01-01 06:19:04.954  1253  1650 I chatty  : uid=1000(system) Binder:1253_8 expire 12 lines
01-01 06:19:05.018  2956  2956 I Perf    : Connecting to perf service.
01-01 06:19:05.030   568  2333 E AudioFlinger: createEffect() unknown output thread
01-01 06:19:05.030  2956  2956 E AudioEffect: set(): AudioFlinger could not create effect ec7178ec-e5e1-4432-a3f4-4657e6795210 / 9d4921da-8225-4f29-aefa-39537a04bcaa, status: -22
01-01 06:19:05.030  2956  2956 E AudioEffects-JNI: AudioEffect initCheck failed -3
01-01 06:19:05.030  2956  2956 E AudioEffect-JAVA: Error code -3 when initializing AudioEffect.
01-01 06:19:05.031  2956  2956 D AndroidRuntime: Shutting down VM
01-01 06:19:05.031  2956  2956 E AndroidRuntime: FATAL EXCEPTION: main
01-01 06:19:05.031  2956  2956 E AndroidRuntime: Process: com.dolby.daxappui, PID: 2956
01-01 06:19:05.031  2956  2956 E AndroidRuntime: java.lang.RuntimeException: Unable to create service com.dolby.daxappui.DaxTileService: java.lang.RuntimeException: Cannot initialize effect engine for type: ec7178ec-e5e1-4432-a3f4-4657e6795210 Error: -3
01-01 06:19:05.031  2956  2956 E AndroidRuntime: 	at android.app.ActivityThread.handleCreateService(ActivityThread.java:3545)
01-01 06:19:05.031  2956  2956 E AndroidRuntime: 	at android.app.ActivityThread.access$1300(ActivityThread.java:200)
01-01 06:19:05.031  2956  2956 E AndroidRuntime: 	at android.app.ActivityThread$H.handleMessage(ActivityThread.java:1667)
01-01 06:19:05.031  2956  2956 E AndroidRuntime: 	at android.os.Handler.dispatchMessage(Handler.java:106)
01-01 06:19:05.031  2956  2956 E AndroidRuntime: 	at android.os.Looper.loop(Looper.java:193)
01-01 06:19:05.031  2956  2956 E AndroidRuntime: 	at android.app.ActivityThread.main(ActivityThread.java:6697)
01-01 06:19:05.031  2956  2956 E AndroidRuntime: 	at java.lang.reflect.Method.invoke(Native Method)
01-01 06:19:05.031  2956  2956 E AndroidRuntime: 	at com.android.internal.os.RuntimeInit$MethodAndArgsCaller.run(RuntimeInit.java:493)
01-01 06:19:05.031  2956  2956 E AndroidRuntime: 	at com.android.internal.os.ZygoteInit.main(ZygoteInit.java:858)
01-01 06:19:05.031  2956  2956 E AndroidRuntime: Caused by: java.lang.RuntimeException: Cannot initialize effect engine for type: ec7178ec-e5e1-4432-a3f4-4657e6795210 Error: -3
01-01 06:19:05.031  2956  2956 E AndroidRuntime: 	at android.media.audiofx.AudioEffect.<init>(AudioEffect.java:423)
01-01 06:19:05.031  2956  2956 E AndroidRuntime: 	at com.dolby.dax.DolbyAudioEffect.<init>(DolbyAudioEffect.java:107)
01-01 06:19:05.031  2956  2956 E AndroidRuntime: 	at com.dolby.daxappui.DaxTileService.onCreate(DaxTileService.java:160)
01-01 06:19:05.031  2956  2956 E AndroidRuntime: 	at android.app.ActivityThread.handleCreateService(ActivityThread.java:3533)
01-01 06:19:05.031  2956  2956 E AndroidRuntime: 	... 8 more
01-01 06:19:05.035  2956  2956 I Process : Sending signal. PID: 2956 SIG: 9
01-01 06:19:05.051  1659  1659 D DPMJ    : |SERVICE| DPM received action android.intent.action.SCREEN_OFF
01-01 06:19:05.054  2248  2248 E LibSecureUISvc: svc_sock_send_message(suisvc): invalid remote socket suitch
01-01 06:19:05.054  2248  2248 E LibSecureUISvc: svc_sock_send_message(suisvc): invalid remote socket suilst
01-01 06:19:05.055  1253  2471 I chatty  : uid=1000(system) IzatProvider expire 3 lines
01-01 06:19:05.055   551   551 V LocSvc_HIDL_IzatSubscription: [screenStatusUpdate][575] [HS] <<<<= [HC]
01-01 06:19:05.055   551  1618 I LocSvc_SystemStatusOsObserver: DataItem: IS_SCREEN_ON: false >> IZAT-MANAGER
01-01 06:19:05.055   551  2491 I LocSvc_libulp: ulp_msg_process_system_update: systemEvent:6 
01-01 06:19:05.111  1253  1650 I ActivityManager: Process com.dolby.daxappui (pid 2956) has died: fore BFGS
01-01 06:19:05.112  1253  1650 W ActivityManager: Scheduling restart of crashed service com.dolby.daxappui/.DaxTileService in 1000ms
01-01 06:19:05.112   477   477 I Zygote  : Process 2956 exited due to signal (9)
01-01 06:19:05.112  1253  1278 I chatty  : uid=1000(system) ActivityManager expire 4 lines
01-01 06:19:06.124  2973  2973 I Zygote  : seccomp disabled by setenforce 0
01-01 06:19:06.125  1253  1277 I ActivityManager: Start proc 2973:com.dolby.daxappui/u0a49 for service com.dolby.daxappui/.DaxTileService
01-01 06:19:06.179  2973  2973 I Perf    : Connecting to perf service.
01-01 06:19:06.187   568  2333 E AudioFlinger: createEffect() unknown output thread
01-01 06:19:06.188  2973  2973 E AudioEffect: set(): AudioFlinger could not create effect ec7178ec-e5e1-4432-a3f4-4657e6795210 / 9d4921da-8225-4f29-aefa-39537a04bcaa, status: -22
01-01 06:19:06.188  2973  2973 E AudioEffects-JNI: AudioEffect initCheck failed -3
01-01 06:19:06.188  2973  2973 E AudioEffect-JAVA: Error code -3 when initializing AudioEffect.
01-01 06:19:06.188  2973  2973 D AndroidRuntime: Shutting down VM
01-01 06:19:06.189  2973  2973 E AndroidRuntime: FATAL EXCEPTION: main
01-01 06:19:06.189  2973  2973 E AndroidRuntime: Process: com.dolby.daxappui, PID: 2973
01-01 06:19:06.189  2973  2973 E AndroidRuntime: java.lang.RuntimeException: Unable to create service com.dolby.daxappui.DaxTileService: java.lang.RuntimeException: Cannot initialize effect engine for type: ec7178ec-e5e1-4432-a3f4-4657e6795210 Error: -3
01-01 06:19:06.189  2973  2973 E AndroidRuntime: 	at android.app.ActivityThread.handleCreateService(ActivityThread.java:3545)
01-01 06:19:06.189  2973  2973 E AndroidRuntime: 	at android.app.ActivityThread.access$1300(ActivityThread.java:200)
01-01 06:19:06.189  2973  2973 E AndroidRuntime: 	at android.app.ActivityThread$H.handleMessage(ActivityThread.java:1667)
01-01 06:19:06.189  2973  2973 E AndroidRuntime: 	at android.os.Handler.dispatchMessage(Handler.java:106)
01-01 06:19:06.189  2973  2973 E AndroidRuntime: 	at android.os.Looper.loop(Looper.java:193)
01-01 06:19:06.189  2973  2973 E AndroidRuntime: 	at android.app.ActivityThread.main(ActivityThread.java:6697)
01-01 06:19:06.189  2973  2973 E AndroidRuntime: 	at java.lang.reflect.Method.invoke(Native Method)
01-01 06:19:06.189  2973  2973 E AndroidRuntime: 	at com.android.internal.os.RuntimeInit$MethodAndArgsCaller.run(RuntimeInit.java:493)
01-01 06:19:06.189  2973  2973 E AndroidRuntime: 	at com.android.internal.os.ZygoteInit.main(ZygoteInit.java:858)
01-01 06:19:06.189  2973  2973 E AndroidRuntime: Caused by: java.lang.RuntimeException: Cannot initialize effect engine for type: ec7178ec-e5e1-4432-a3f4-4657e6795210 Error: -3
01-01 06:19:06.189  2973  2973 E AndroidRuntime: 	at android.media.audiofx.AudioEffect.<init>(AudioEffect.java:423)
01-01 06:19:06.189  2973  2973 E AndroidRuntime: 	at com.dolby.dax.DolbyAudioEffect.<init>(DolbyAudioEffect.java:107)
01-01 06:19:06.189  2973  2973 E AndroidRuntime: 	at com.dolby.daxappui.DaxTileService.onCreate(DaxTileService.java:160)
01-01 06:19:06.189  2973  2973 E AndroidRuntime: 	at android.app.ActivityThread.handleCreateService(ActivityThread.java:3533)
01-01 06:19:06.189  2973  2973 E AndroidRuntime: 	... 8 more
01-01 06:19:06.192  2973  2973 I Process : Sending signal. PID: 2973 SIG: 9
01-01 06:19:06.250   477   477 I Zygote  : Process 2973 exited due to signal (9)
01-01 06:19:06.251  1253  1646 I ActivityManager: Process com.dolby.daxappui (pid 2973) has died: fore BFGS
01-01 06:19:06.251  1253  1646 W ActivityManager: Scheduling restart of crashed service com.dolby.daxappui/.DaxTileService in 1800000ms
01-01 06:19:09.140  1574  1574 I chatty  : uid=10034(com.android.systemui) expire 21 lines
01-01 06:19:09.145  1253  1646 W UsageStatsService: Event reported without a package name
01-01 06:19:09.151  1253  1275 V UsbDeviceManager: onKeyguardStateChanged: isShowing:true secure:false user:0
01-01 06:19:09.174  1574  1574 V KeyguardStatusView: refresh statusview showing:true
01-01 06:19:09.182  1574  1574 V KeyguardDisplayManager: show
01-01 06:19:09.245  1253  1279 E KernelCpuSpeedReader: Failed to read cpu-freq: /sys/devices/system/cpu/cpu0/cpufreq/stats/time_in_state (No such file or directory)
01-01 06:19:21.662   530   530 I healthd : type=1400 audit(0.0:139): avc: denied { read } for name="present" dev="sysfs" ino=34539 scontext=u:r:healthd:s0 tcontext=u:object_r:sysfs:s0 tclass=file permissive=1
01-01 06:19:21.662   530   530 I healthd : type=1400 audit(0.0:140): avc: denied { open } for path="/sys/devices/platform/soc/78b6000.i2c/i2c-2/2-0055/power_supply/bq27541/present" dev="sysfs" ino=34539 scontext=u:r:healthd:s0 tcontext=u:object_r:sysfs:s0 tclass=file permissive=1
01-01 06:19:21.662   530   530 I healthd : type=1400 audit(0.0:141): avc: denied { getattr } for path="/sys/devices/platform/soc/78b6000.i2c/i2c-2/2-0055/power_supply/bq27541/present" dev="sysfs" ino=34539 scontext=u:r:healthd:s0 tcontext=u:object_r:sysfs:s0 tclass=file permissive=1
01-01 06:19:27.952   711   881 E storaged: getDiskStats failed with result NOT_SUPPORTED and size 0
01-01 06:20:02.742   540   540 I health@2.0-serv: type=1400 audit(0.0:142): avc: denied { read } for name="present" dev="sysfs" ino=34539 scontext=u:r:hal_health_default:s0 tcontext=u:object_r:sysfs:s0 tclass=file permissive=1
01-01 06:20:02.742   540   540 I health@2.0-serv: type=1400 audit(0.0:143): avc: denied { open } for path="/sys/devices/platform/soc/78b6000.i2c/i2c-2/2-0055/power_supply/bq27541/present" dev="sysfs" ino=34539 scontext=u:r:hal_health_default:s0 tcontext=u:object_r:sysfs:s0 tclass=file permissive=1
01-01 06:20:02.742   540   540 I health@2.0-serv: type=1400 audit(0.0:144): avc: denied { getattr } for path="/sys/devices/platform/soc/78b6000.i2c/i2c-2/2-0055/power_supply/bq27541/present" dev="sysfs" ino=34539 scontext=u:r:hal_health_default:s0 tcontext=u:object_r:sysfs:s0 tclass=file permissive=1
01-01 06:20:02.743  1253  1350 I PowerManagerService: Waking up from dozing (uid=1000 reason=android.policy:POWER)...
01-01 06:20:02.744  1253  1253 W UsageStatsService: Event reported without a package name
01-01 06:20:02.764  1253  1285 I DisplayPowerController: Blocking screen on until initial contents have been drawn.
01-01 06:20:02.764  1253  1348 D BatteryService: charger,turn off the led
01-01 06:20:02.767  1253  1279 E KernelCpuSpeedReader: Failed to read cpu-freq: /sys/devices/system/cpu/cpu0/cpufreq/stats/time_in_state (No such file or directory)
01-01 06:20:02.775  1574  1948 I chatty  : uid=10034(com.android.systemui) Binder:1574_5 expire 2 lines
01-01 06:20:02.775  1574  1574 I chatty  : uid=10034(com.android.systemui) expire 6 lines
01-01 06:20:02.778  2191  2349 I chatty  : uid=1000(system) BatteryTemperat expire 4 lines
01-01 06:20:02.779  2191  2350 I chatty  : uid=1000(system) BatteryChargeTi expire 5 lines
01-01 06:20:02.779   543   543 E QTI PowerHAL: Failed to acquire lock for hint_id: 1041.
01-01 06:20:02.779  1574  1948 I chatty  : uid=10034(com.android.systemui) Binder:1574_5 expire 1 line
01-01 06:20:02.779   543   543 I QTI PowerHAL: Got set_interactive hint
01-01 06:20:02.779   543   543 I QTI PowerHAL: Got set_interactive hint on= 1, count= 5
01-01 06:20:02.779   543   543 E QTI PowerHAL: Error opening /sys/kernel/hbtp/display_pwr: No such file or directory
01-01 06:20:02.780  1574  1574 D PowerUI : xxbuckets   .....20 .. 15 .. 10 .. 5 .. 1
01-01 06:20:02.780  1253  1283 I DisplayManagerService: Display device changed state: "内置屏幕", ON
01-01 06:20:02.780   571   571 D SurfaceFlinger: Set power mode=2, type=0 flinger=0x792003d000
01-01 06:20:02.780  1574  1574 D PowerUI : level          49 --> 49
01-01 06:20:02.780  1574  1574 D PowerUI : status         3 --> 3
01-01 06:20:02.780  1574  1574 D PowerUI : plugType       0 --> 0
01-01 06:20:02.780  1574  1574 D PowerUI : invalidCharger 0 --> 0
01-01 06:20:02.780  1574  1574 D PowerUI : bucket         1 --> 1
01-01 06:20:02.780  1574  1574 D PowerUI : plugged        false --> false
01-01 06:20:02.780  1574  1574 D PowerUI : batteryTemperature   295
01-01 06:20:02.780   539  2108 I SDM     : DisplayBase::SetDisplayState: Set state = 1, display 0
01-01 06:20:02.780  1574  1574 D PowerUI : charger_health 0
01-01 06:20:02.781  1574  1574 D PowerUI : dismissVoltageOverWarning
01-01 06:20:02.800  1574  1574 I chatty  : uid=10034(com.android.systemui) expire 6 lines
01-01 06:20:02.835  1253  1253 V SettingsProvider: Notifying for 0: content://settings/system/screen_brightness
01-01 06:20:02.927  1253  1285 I DisplayPowerController: Unblocked screen on after 163 ms
01-01 06:20:02.929  1253  1350 W ContextImpl: Calling a method in the system process without a qualified user: android.app.ContextImpl.sendBroadcast:1005 com.android.server.policy.PhoneWindowManager.interceptPowerKeyUp:1534 com.android.server.policy.PhoneWindowManager.interceptKeyBeforeQueueing:6649 com.android.server.wm.InputMonitor.interceptKeyBeforeQueueing:478 com.android.server.input.InputManagerService.interceptKeyBeforeQueueing:1842 
01-01 06:20:02.936  1253  1350 W ContextImpl: Calling a method in the system process without a qualified user: android.app.ContextImpl.sendBroadcast:1005 com.android.server.policy.PhoneWindowManager.cancelPendingPowerKeyAction:1581 com.android.server.policy.PhoneWindowManager.interceptPowerKeyUp:1540 com.android.server.policy.PhoneWindowManager.interceptKeyBeforeQueueing:6649 com.android.server.wm.InputMonitor.interceptKeyBeforeQueueing:478 
01-01 06:20:02.936  1253  1350 I chatty  : uid=1000(system) InputReader expire 1 line
01-01 06:20:03.050  1253  1253 I chatty  : uid=1000 system_server expire 13 lines
01-01 06:20:03.230   571   571 D SurfaceFlinger: Finished set power mode=2, type=0
01-01 06:20:03.230  1253  1532 I chatty  : uid=1000(system) PhotonicModulat expire 2 lines
01-01 06:20:03.234  1574  1591 I chatty  : uid=10034(com.android.systemui) Binder:1574_3 expire 1 line
01-01 06:20:03.235  1253  1285 W PowerManagerService: Screen on took 505 ms
01-01 06:20:03.235  1253  1285 I DreamManagerService: Gently waking up from dream.
01-01 06:20:03.236  1253  1281 I DreamManagerService: Performing gentle wake from dream.
01-01 06:20:03.342  1574  1574 I chatty  : uid=10034(com.android.systemui) expire 17 lines
01-01 06:20:03.344  1253  1649 I DreamManagerService: Leaving dreamland.
01-01 06:20:03.344  1253  1281 I DreamManagerService: Performing gentle wake from dream.
01-01 06:20:03.344  1253  1281 I DreamController: Stopping dream: name=ComponentInfo{com.android.systemui/com.android.systemui.doze.DozeService}, isTest=false, canDoze=true, userId=0
01-01 06:20:03.493  1659  1659 D DPMJ    : |SERVICE| DPM received action android.intent.action.SCREEN_ON
01-01 06:20:03.495  1253  2471 I chatty  : uid=1000(system) IzatProvider expire 3 lines
01-01 06:20:03.495   551   551 V LocSvc_HIDL_IzatSubscription: [screenStatusUpdate][575] [HS] <<<<= [HC]
01-01 06:20:03.496   551  1618 I LocSvc_SystemStatusOsObserver: DataItem: IS_SCREEN_ON: true >> IZAT-MANAGER
01-01 06:20:03.496   551  2491 I LocSvc_libulp: ulp_msg_process_system_update: systemEvent:0 
01-01 06:20:03.496   551  2491 I LocSvc_libulp: ulp_msg_process_start_req, at ulp state = 1
01-01 06:20:04.252  1253  1275 W ActivityManager: Stopping service due to app idle: u0a27 -1m14s994ms com.android.documentsui/.services.FileOperationService
01-01 06:20:04.292  2911  2911 D FileOperationService: Shutting down executor.
01-01 06:20:04.292  2911  2911 D FileOperationService: Destroyed.
01-01 06:20:04.295  1253  1649 I ActivityManager: Killing 2596:com.android.onetimeinitializer/u0a32 (adj 906): empty #17
01-01 06:20:04.296  1253  1278 I chatty  : uid=1000(system) ActivityManager expire 7 lines
01-01 06:20:04.296  1253  1649 I ActivityManager: Killing 2540:com.android.exchange/u0a64 (adj 906): empty #18
01-01 06:20:04.370   477   477 I Zygote  : Process 2596 exited due to signal (9)
01-01 06:20:04.390   477   477 I Zygote  : Process 2540 exited due to signal (9)
01-01 06:20:05.984  1253  1276 I chatty  : uid=1000(system) android.ui expire 3 lines
01-01 06:20:05.984  1253  1276 W ContextImpl: Calling a method in the system process without a qualified user: android.app.ContextImpl.sendBroadcast:1005 com.android.server.policy.PhoneWindowManager$16.run:6944 android.os.Handler.handleCallback:873 android.os.Handler.dispatchMessage:99 android.os.Looper.loop:193 
01-01 06:20:05.995  1676  1676 E capsensor: sar ==2
01-01 06:20:05.995  1676  1676 D capsensor: PhoneAppBroadcastReceiver value is 2
01-01 06:20:06.007  1904  1904 D QcrilMsgTunnelIfaceManager: handleMessage what = 3
01-01 06:20:06.009  1904  1904 I QcrilOemhookMsgTunnel: [0]invokeOemRilRequestRaw: serial=1000 length=17
01-01 06:20:06.009  1904  1904 E QcrilOemhookMsgTunnel: [0]oemHookService is not running.
01-01 06:20:06.013  1904  1904 E QcRilRequest: [1000] < OEM_HOOK_RAW error: com.android.internal.telephony.CommandException: RADIO_NOT_AVAILABLE
01-01 06:20:06.013  1904  1904 D QcrilMsgTunnelIfaceManager: handleMessage what = 4
01-01 06:20:06.013  1904  1904 E QcrilMsgTunnelIfaceManager: OEM_RIL_REQUEST_ASYNC_DONE Error received :com.android.internal.telephony.CommandException: RADIO_NOT_AVAILABLE
01-01 06:20:06.013  1676  1700 W onOemHookException: mPhoneId: 0
01-01 06:20:07.844  1253  1253 V SettingsProvider: Notifying for 0: content://settings/system/screen_brightness
01-01 06:20:09.299  1574  1574 I ndroid.systemu: Explicit concurrent copying GC freed 3499(225KB) AllocSpace objects, 2(40KB) LOS objects, 77% free, 3MB/15MB, paused 94us total 65.267ms
