01-01 06:20:09.838  1574  1574 I ndroid.systemu: Explicit concurrent copying GC freed 3522(238KB) AllocSpace objects, 5(100KB) LOS objects, 77% free, 3MB/15MB, paused 91us total 65.504ms
01-01 06:20:10.379  1574  1574 I ndroid.systemu: Explicit concurrent copying GC freed 3613(225KB) AllocSpace objects, 3(60KB) LOS objects, 77% free, 3MB/15MB, paused 95us total 64.831ms
01-01 06:20:10.922  1574  1574 I ndroid.systemu: Explicit concurrent copying GC freed 3548(256KB) AllocSpace objects, 2(40KB) LOS objects, 77% free, 3MB/15MB, paused 93us total 63.818ms
01-01 06:20:11.463  1574  1574 I ndroid.systemu: Explicit concurrent copying GC freed 3587(223KB) AllocSpace objects, 4(80KB) LOS objects, 77% free, 3MB/15MB, paused 94us total 63.360ms
01-01 06:20:12.009  1574  1574 I ndroid.systemu: Explicit concurrent copying GC freed 3598(256KB) AllocSpace objects, 3(60KB) LOS objects, 77% free, 3MB/15MB, paused 92us total 63.934ms
01-01 06:20:12.538  1574  1574 I ndroid.systemu: Explicit concurrent copying GC freed 3490(241KB) AllocSpace objects, 2(40KB) LOS objects, 77% free, 3MB/15MB, paused 94us total 65.851ms
01-01 06:20:13.079  1574  1574 I ndroid.systemu: Explicit concurrent copying GC freed 3622(269KB) AllocSpace objects, 5(100KB) LOS objects, 77% free, 3MB/15MB, paused 112us total 63.732ms
01-01 06:20:13.623  1574  1574 I ndroid.systemu: Explicit concurrent copying GC freed 3632(239KB) AllocSpace objects, 5(100KB) LOS objects, 77% free, 3MB/15MB, paused 178us total 63.396ms
01-01 06:20:14.164  1574  1574 I ndroid.systemu: Explicit concurrent copying GC freed 3656(257KB) AllocSpace objects, 5(100KB) LOS objects, 77% free, 3MB/15MB, paused 92us total 62.781ms
01-01 06:20:14.710  1574  1574 I ndroid.systemu: Explicit concurrent copying GC freed 3607(224KB) AllocSpace objects, 5(100KB) LOS objects, 77% free, 3MB/15MB, paused 91us total 64.084ms
01-01 06:20:15.250  1574  1574 I ndroid.systemu: Explicit concurrent copying GC freed 3659(272KB) AllocSpace objects, 4(80KB) LOS objects, 77% free, 3MB/15MB, paused 95us total 63.489ms
01-01 06:20:15.797  1574  1574 I ndroid.systemu: Explicit concurrent copying GC freed 3616(224KB) AllocSpace objects, 5(100KB) LOS objects, 77% free, 3MB/15MB, paused 93us total 65.939ms
01-01 06:20:15.897  1253  1253 V SettingsProvider: Notifying for 0: content://settings/system/screen_brightness
01-01 06:20:16.314  1574  1574 I ndroid.systemu: Explicit concurrent copying GC freed 3669(255KB) AllocSpace objects, 5(100KB) LOS objects, 77% free, 3MB/15MB, paused 116us total 67.747ms
01-01 06:20:16.730  1253  1285 I PowerManagerService: Nap time (uid 1000)...
01-01 06:20:16.730  1253  1285 I PowerManagerService: Going to sleep due to screen timeout (uid 1000)...
01-01 06:20:16.731  1253  1253 W UsageStatsService: Event reported without a package name
01-01 06:20:16.737  1574  1587 D KeyguardViewMediator: onStartedGoingToSleep(3)
01-01 06:20:16.738  1574  1587 D KeyguardViewMediator: notifyStartedGoingToSleep
01-01 06:20:16.740  1574  1574 V KeyguardUpdateMonitor: startListeningForFingerprint()
01-01 06:20:16.741  1574  1574 D KeyguardViewMediator: handleNotifyStartedGoingToSleep
01-01 06:20:16.742  1574  1574 I vol.Events: writeEvent dismiss_dialog volume_controller
01-01 06:20:16.747   571   571 I ConfigStore: android::hardware::configstore::V1_0::ISurfaceFlingerConfigs::hasHDRDisplay retrieved: 0
01-01 06:20:16.792  1253  1285 I DisplayPowerController: Blocking screen off
01-01 06:20:16.792  1253  1285 I DisplayPowerController: Unblocked screen off after 0 ms
01-01 06:20:16.810  1253  1348 D BatteryService: charger,turn off the led
01-01 06:20:16.813  1253  1279 E KernelCpuSpeedReader: Failed to read cpu-freq: /sys/devices/system/cpu/cpu0/cpufreq/stats/time_in_state (No such file or directory)
01-01 06:20:16.821  1574  1591 D KeyguardViewMediator: notifyScreenTurnedOff
01-01 06:20:16.822  2191  2349 I chatty  : uid=1000(system) BatteryTemperat expire 4 lines
01-01 06:20:16.823  2191  2350 I chatty  : uid=1000(system) BatteryChargeTi expire 3 lines
01-01 06:20:16.855  1574  1574 I ndroid.systemu: Explicit concurrent copying GC freed 3612(273KB) AllocSpace objects, 2(40KB) LOS objects, 77% free, 3MB/15MB, paused 98us total 68.070ms
01-01 06:20:16.858  1574  1574 D KeyguardUpdateMonitor: received broadcast android.intent.action.BATTERY_CHANGED
01-01 06:20:16.859  1574  1574 D PowerUI : xxbuckets   .....20 .. 15 .. 10 .. 5 .. 1
01-01 06:20:16.859  1574  1574 D PowerUI : level          49 --> 49
01-01 06:20:16.859  1574  1574 D PowerUI : status         3 --> 3
01-01 06:20:16.859  1574  1574 D PowerUI : plugType       0 --> 0
01-01 06:20:16.859  1574  1574 D PowerUI : invalidCharger 0 --> 0
01-01 06:20:16.859  1574  1574 D PowerUI : bucket         1 --> 1
01-01 06:20:16.859  1574  1574 D PowerUI : plugged        false --> false
01-01 06:20:16.859  1574  1574 D PowerUI : batteryTemperature   300
01-01 06:20:16.860  1574  1574 D PowerUI : charger_health 0
01-01 06:20:16.860  1574  1574 D PowerUI : dismissVoltageOverWarning
01-01 06:20:16.861  1574  1574 D KeyguardViewMediator: handleNotifyScreenTurnedOff
01-01 06:20:16.862  1574  1574 D ==>shaoxinbo: resetInitState  mCurrentState = 10
01-01 06:20:16.864  1574  1574 E KeyguardIndication: computeIndication mHandler.sendMessageDelayed
01-01 06:20:16.871   571   571 D SurfaceFlinger: Set power mode=0, type=0 flinger=0x792003d000
01-01 06:20:16.871  1253  1283 I DisplayManagerService: Display device changed state: "内置屏幕", OFF
01-01 06:20:16.871   539   840 I SDM     : DisplayBase::SetDisplayState: Set state = 0, display 0
01-01 06:20:16.876  1253  1350 I chatty  : uid=1000(system) InputReader expire 1 line
01-01 06:20:16.925  1574  1574 I ndroid.systemu: Explicit concurrent copying GC freed 1636(163KB) AllocSpace objects, 4(80KB) LOS objects, 77% free, 3MB/15MB, paused 108us total 55.894ms
01-01 06:20:16.926  1574  1574 D StatusBar: disable<e i a s b H R c s > disable2<q i n >
01-01 06:20:16.926  1574  1574 D StatusBar: disable<e i a s b H R c s > disable2<q i n >
01-01 06:20:16.926  1574  1574 D KeyguardUpdateMonitor: handleBatteryUpdate
01-01 06:20:17.398  1574  1574 I ndroid.systemu: Explicit concurrent copying GC freed 3408(208KB) AllocSpace objects, 0(0B) LOS objects, 77% free, 3MB/15MB, paused 93us total 64.319ms
01-01 06:20:17.435   571   571 D SurfaceFlinger: Finished set power mode=0, type=0
01-01 06:20:17.435  1253  1532 I chatty  : uid=1000(system) PhotonicModulat expire 1 line
01-01 06:20:17.435   543   543 E QTI PowerHAL: Failed to acquire lock for hint_id: 1040.
01-01 06:20:17.435   543   543 I QTI PowerHAL: Got set_interactive hint
01-01 06:20:17.435   543   543 I QTI PowerHAL: Got set_interactive hint on= 0, count= 6
01-01 06:20:17.435   543   543 E QTI PowerHAL: Error opening /sys/kernel/hbtp/display_pwr: No such file or directory
01-01 06:20:17.436  1253  1285 I DreamManagerService: Entering dreamland.
01-01 06:20:17.436  1253  1285 I PowerManagerService: Dozing...
01-01 06:20:17.437  1253  1281 I DreamController: Starting dream: name=ComponentInfo{com.android.systemui/com.android.systemui.doze.DozeService}, isTest=false, canDoze=true, userId=0
01-01 06:20:17.441  1253  1281 I chatty  : uid=1000(system) android.fg expire 3 lines
01-01 06:20:17.441  1253  1281 D AutofillManagerService: Close system dialogs
01-01 06:20:17.446  1574  1574 I vol.Events: writeEvent dismiss_dialog volume_controller
01-01 06:20:17.448  1574  1574 V KeyguardUpdateMonitor: *** register callback for com.android.systemui.doze.DozeUi$1@2c18f0d
01-01 06:20:17.448  1574  1574 V KeyguardUpdateMonitor: *** unregister callback for null
01-01 06:20:17.451  1574  1574 V KeyguardUpdateMonitor: startListeningForFingerprint()
01-01 06:20:17.456  1574  1574 D StatusBar: disable<e i a s b H R c s > disable2<q i n >
01-01 06:20:17.456  1574  1574 D StatusBar: disable<e i a s b H R c s > disable2<q i n >
01-01 06:20:17.457  1574  1574 E KeyguardIndication: computeIndication mHandler.sendMessageDelayed
01-01 06:20:17.461  1574  1574 E KeyguardIndication: computeIndication mHandler.sendMessageDelayed
01-01 06:20:17.467  1574  1574 D StatusBar: disable<e i a s b H R c s > disable2<q i n >
01-01 06:20:17.467  1574  1574 D StatusBar: disable<e i a s b H R c s > disable2<q i n >
01-01 06:20:17.468  1574  1574 D KeyguardViewMediator: adjustStatusBarLocked: mShowing=true mOccluded=false isSecure=false force=false --> flags=0x1200000
01-01 06:20:17.469  1574  1574 D KeyguardViewBase: show()
01-01 06:20:17.469  1574  1574 V KeyguardSecurityView: showPrimarySecurityScreen(turningOff=false)
01-01 06:20:17.469  1574  1574 D KeyguardSecurityView: showSecurityScreen(None)
01-01 06:20:17.471  1574  1574 D StatusBar: disable<e i a s b H R c s > disable2<q i n >
01-01 06:20:17.471  1574  1574 D StatusBar: disable<e i a s b H R c s > disable2<q i n >
01-01 06:20:17.472  1574  1574 E KeyguardIndication: computeIndication mHandler.sendMessageDelayed
01-01 06:20:17.475  1574  1574 D StatusBar: disable<e i a s b H R c s > disable2<q i n >
01-01 06:20:17.476  1574  1574 D StatusBar: disable<e i a s b H R c s > disable2<q i n >
01-01 06:20:17.479  1574  1948 D KeyguardViewMediator: onFinishedGoingToSleep(3)
01-01 06:20:17.480  1574  1948 D KeyguardViewMediator: notifyFinishedGoingToSleep
01-01 06:20:17.480  1574  1948 E KeyguardViewMediator: resetStateLocked
01-01 06:20:17.481  1253  1366 I chatty  : uid=1000(system) WifiStateMachin expire 1 line
01-01 06:20:17.490  1574  1574 D KeyguardUpdateMonitor: handleKeyguardReset
01-01 06:20:17.491  1574  1574 V KeyguardUpdateMonitor: startListeningForFingerprint()
01-01 06:20:17.492  1574  1574 D KeyguardViewMediator: handleNotifyFinishedGoingToSleep
01-01 06:20:17.492  1574  1574 D KeyguardViewMediator: handleReset
01-01 06:20:17.493  1574  1574 D StatusBar: disable<e i a s b H R c s > disable2<q i n >
01-01 06:20:17.493  1574  1574 D StatusBar: disable<e i a s b H R c s > disable2<q i n >
01-01 06:20:17.494  1574  1574 E KeyguardIndication: computeIndication mHandler.sendMessageDelayed
01-01 06:20:17.498  1574  1574 D StatusBar: disable<e i a s b H R c s > disable2<q i n >
01-01 06:20:17.498  1574  1574 D StatusBar: disable<e i a s b H R c s > disable2<q i n >
01-01 06:20:17.499  1574  1574 D KeyguardViewMediator: adjustStatusBarLocked: mShowing=true mOccluded=false isSecure=false force=false --> flags=0x1200000
01-01 06:20:17.499  1574  1574 D KeyguardViewBase: show()
01-01 06:20:17.500  1574  1574 V KeyguardSecurityView: showPrimarySecurityScreen(turningOff=false)
01-01 06:20:17.500  1574  1574 D KeyguardSecurityView: showSecurityScreen(None)
01-01 06:20:17.501  1574  1574 V KeyguardStatusView: Schedule setEnableMarquee: Disable
01-01 06:20:17.501  1574  1574 V KeyguardStatusView: Disable transport text marquee
01-01 06:20:17.502  1574  1574 V KeyguardUpdateMonitor: startListeningForFingerprint()
01-01 06:20:17.503  1574  1574 D StatusBar: disable<e i a s b H R c s > disable2<q i n >
01-01 06:20:17.503  1574  1574 D StatusBar: disable<e i a s b H R c s > disable2<q i n >
01-01 06:20:17.504  1574  1574 E KeyguardIndication: computeIndication mHandler.sendMessageDelayed
01-01 06:20:17.507  1574  1574 D StatusBar: disable<e i a s b H R c s > disable2<q i n >
01-01 06:20:17.507  1574  1574 D StatusBar: disable<e i a s b H R c s > disable2<q i n >
01-01 06:20:17.510  1574  1574 I vol.Events: writeEvent dismiss_dialog screen_off
01-01 06:20:17.511  1574  1574 D KeyguardUpdateMonitor: handleKeyguardReset
01-01 06:20:17.511  1574  1574 V KeyguardUpdateMonitor: startListeningForFingerprint()
01-01 06:20:17.516  1659  1659 D DPMJ    : |SERVICE| DPM received action android.intent.action.SCREEN_OFF
01-01 06:20:17.518  2248  2248 E LibSecureUISvc: svc_sock_send_message(suisvc): invalid remote socket suitch
01-01 06:20:17.518  2248  2248 E LibSecureUISvc: svc_sock_send_message(suisvc): invalid remote socket suilst
01-01 06:20:17.519  1253  2471 I chatty  : uid=1000(system) IzatProvider expire 3 lines
01-01 06:20:17.520   551   551 V LocSvc_HIDL_IzatSubscription: [screenStatusUpdate][575] [HS] <<<<= [HC]
01-01 06:20:17.520   551  1618 I LocSvc_SystemStatusOsObserver: DataItem: IS_SCREEN_ON: false >> IZAT-MANAGER
01-01 06:20:17.520   551  2491 I LocSvc_libulp: ulp_msg_process_system_update: systemEvent:6 
01-01 06:20:22.437  1253  1279 E KernelCpuSpeedReader: Failed to read cpu-freq: /sys/devices/system/cpu/cpu0/cpufreq/stats/time_in_state (No such file or directory)
01-01 06:20:27.952   711   881 E storaged: getDiskStats failed with result NOT_SUPPORTED and size 0
01-01 06:20:30.384  1253  1263 I chatty  : uid=1000(system) HeapTaskDaemon expire 1 line
01-01 06:21:11.072  1253  1279 E KernelCpuSpeedReader: Failed to read cpu-freq: /sys/devices/system/cpu/cpu0/cpufreq/stats/time_in_state (No such file or directory)
01-01 06:21:27.960  1253  1348 D BatteryService: charger,turn off the led
01-01 06:21:27.961   711   881 E storaged: getDiskStats failed with result NOT_SUPPORTED and size 0
01-01 06:21:27.962  1574  1574 D KeyguardUpdateMonitor: received broadcast android.intent.action.BATTERY_CHANGED
01-01 06:21:27.962  2191  2349 I chatty  : uid=1000(system) BatteryTemperat expire 8 lines
01-01 06:21:27.963  2191  2350 I chatty  : uid=1000(system) BatteryChargeTi expire 12 lines
01-01 06:21:27.964  1574  1574 D KeyguardUpdateMonitor: handleBatteryUpdate
01-01 06:21:27.964  1574  1574 D PowerUI : xxbuckets   .....20 .. 15 .. 10 .. 5 .. 1
01-01 06:21:27.964  1574  1574 D PowerUI : level          49 --> 49
01-01 06:21:27.964  1574  1574 D PowerUI : status         3 --> 3
01-01 06:21:27.964  1574  1574 D PowerUI : plugType       0 --> 0
01-01 06:21:27.964  1574  1574 D PowerUI : invalidCharger 0 --> 0
01-01 06:21:27.964  1574  1574 D PowerUI : bucket         1 --> 1
01-01 06:21:27.964  1574  1574 D PowerUI : plugged        false --> false
01-01 06:21:27.964  1574  1574 D PowerUI : batteryTemperature   294
01-01 06:21:27.964  1574  1574 D PowerUI : charger_health 0
01-01 06:21:27.964  1574  1574 D PowerUI : dismissVoltageOverWarning
01-01 06:21:52.845  1253  1350 I chatty  : uid=1000(system) InputReader expire 14 lines
01-01 06:21:52.849  1253  1350 I PowerManagerService: Waking up from dozing (uid=1000 reason=android.policy:POWER)...
01-01 06:21:52.849  1253  1253 W UsageStatsService: Event reported without a package name
01-01 06:21:52.865  1253  1285 I DisplayPowerController: Blocking screen on until initial contents have been drawn.
01-01 06:21:52.865  1253  1348 D BatteryService: charger,turn off the led
01-01 06:21:52.868  1253  1279 E KernelCpuSpeedReader: Failed to read cpu-freq: /sys/devices/system/cpu/cpu0/cpufreq/stats/time_in_state (No such file or directory)
01-01 06:21:52.875  1574  1948 D KeyguardViewMediator: notifyScreenOn
01-01 06:21:52.875  1574  1574 D KeyguardViewMediator: handleNotifyScreenTurningOn
01-01 06:21:52.875  1574  1948 D KeyguardViewMediator: onStartedWakingUp, seq = 6
01-01 06:21:52.875  1574  1948 D KeyguardViewMediator: notifyStartedWakingUp
01-01 06:21:52.879  1574  1574 D KeyguardViewMediator: handleNotifyWakingUp
01-01 06:21:52.880  1574  1574 V KeyguardUpdateMonitor: startListeningForFingerprint()
01-01 06:21:52.881  1574  1574 V KeyguardStatusView: Schedule setEnableMarquee: Enable
01-01 06:21:52.898  1574  1574 E KeyguardIndication: computeIndication mHandler.sendMessageDelayed
01-01 06:21:52.906  1574  1574 E KeyguardIndication: computeIndication mHandler.sendMessageDelayed
01-01 06:21:52.985  1574  1574 I ndroid.systemu: Explicit concurrent copying GC freed 264199(9MB) AllocSpace objects, 3(60KB) LOS objects, 75% free, 3MB/15MB, paused 98us total 72.429ms
01-01 06:21:52.985  1574  1574 D StatusBar: disable<e i a s b H R c s > disable2<q i n >
01-01 06:21:52.986  1574  1574 D StatusBar: disable<e i a s b H R c s > disable2<q i n >
01-01 06:21:52.986  1574  1574 D KeyguardUpdateMonitor: received broadcast android.intent.action.BATTERY_CHANGED
01-01 06:21:52.987  1574  1574 D PowerUI : xxbuckets   .....20 .. 15 .. 10 .. 5 .. 1
01-01 06:21:52.987  1574  1574 D PowerUI : level          49 --> 49
01-01 06:21:52.987  1574  1574 D PowerUI : status         3 --> 3
01-01 06:21:52.987  1574  1574 D PowerUI : plugType       0 --> 0
01-01 06:21:52.987  1574  1574 D PowerUI : invalidCharger 0 --> 0
01-01 06:21:52.987  1574  1574 D PowerUI : bucket         1 --> 1
01-01 06:21:52.987  1574  1574 D PowerUI : plugged        false --> false
01-01 06:21:52.987  1574  1574 D PowerUI : batteryTemperature   295
01-01 06:21:52.987  1574  1574 D PowerUI : charger_health 0
01-01 06:21:52.988  1574  1574 D PowerUI : dismissVoltageOverWarning
01-01 06:21:53.034  1574  1574 D KeyguardUpdateMonitor: handleBatteryUpdate
01-01 06:21:53.071  1253  1350 W ContextImpl: Calling a method in the system process without a qualified user: android.app.ContextImpl.sendBroadcast:1005 com.android.server.policy.PhoneWindowManager.interceptPowerKeyUp:1534 com.android.server.policy.PhoneWindowManager.interceptKeyBeforeQueueing:6649 com.android.server.wm.InputMonitor.interceptKeyBeforeQueueing:478 com.android.server.input.InputManagerService.interceptKeyBeforeQueueing:1842 
01-01 06:21:53.076  1253  1350 W ContextImpl: Calling a method in the system process without a qualified user: android.app.ContextImpl.sendBroadcast:1005 com.android.server.policy.PhoneWindowManager.cancelPendingPowerKeyAction:1581 com.android.server.policy.PhoneWindowManager.interceptPowerKeyUp:1540 com.android.server.policy.PhoneWindowManager.interceptKeyBeforeQueueing:6649 com.android.server.wm.InputMonitor.interceptKeyBeforeQueueing:478 
01-01 06:21:54.883  1574  1574 V KeyguardStatusView: Enable transport text marquee
01-01 06:22:02.926  1253  1275 W BroadcastQueue: Timeout of broadcast BroadcastRecord{d751b39 u-1 android.intent.action.SCREEN_ON} - receiver=android.app.LoadedApk$ReceiverDispatcher$InnerReceiver@a5e2e92, started 10044ms ago
01-01 06:22:02.926  1253  1275 W BroadcastQueue: Receiver during timeout of BroadcastRecord{d751b39 u-1 android.intent.action.SCREEN_ON} : BroadcastFilter{8e50460 u0 ReceiverList{3368063 1253 system/1000/u0 local:a5e2e92}}
01-01 06:22:12.937  1253  1275 W BroadcastQueue: Timeout of broadcast BroadcastRecord{d751b39 u-1 android.intent.action.SCREEN_ON} - receiver=android.app.LoadedApk$ReceiverDispatcher$InnerReceiver@cf84853, started 10010ms ago
01-01 06:22:12.937  1253  1275 W BroadcastQueue: Receiver during timeout of BroadcastRecord{d751b39 u-1 android.intent.action.SCREEN_ON} : BroadcastFilter{bb9ae89 u0 ReceiverList{ef24590 1253 system/1000/u0 local:cf84853}}
01-01 06:22:22.947  1253  1275 W BroadcastQueue: Timeout of broadcast BroadcastRecord{d751b39 u-1 android.intent.action.SCREEN_ON} - receiver=android.app.LoadedApk$ReceiverDispatcher$InnerReceiver@137d40e, started 10010ms ago
01-01 06:22:22.947  1253  1275 W BroadcastQueue: Receiver during timeout of BroadcastRecord{d751b39 u-1 android.intent.action.SCREEN_ON} : BroadcastFilter{62e7c3c u0 ReceiverList{835be2f 1253 system/1000/u0 local:137d40e}}
01-01 06:22:27.962   711   881 E storaged: getDiskStats failed with result NOT_SUPPORTED and size 0
01-01 06:22:32.955  1253  1275 W BroadcastQueue: Timeout of broadcast BroadcastRecord{d751b39 u-1 android.intent.action.SCREEN_ON} - receiver=android.app.LoadedApk$ReceiverDispatcher$InnerReceiver@f348e2b, started 10007ms ago
01-01 06:22:32.955  1253  1275 W BroadcastQueue: Receiver during timeout of BroadcastRecord{d751b39 u-1 android.intent.action.SCREEN_ON} : BroadcastFilter{b264421 u-1 ReceiverList{cf3d288 1253 system/1000/u-1 local:f348e2b}}
01-01 06:22:42.965  1253  1275 W BroadcastQueue: Timeout of broadcast BroadcastRecord{d751b39 u-1 android.intent.action.SCREEN_ON} - receiver=android.app.LoadedApk$ReceiverDispatcher$InnerReceiver@dd5652c, started 10010ms ago
01-01 06:22:42.965  1253  1275 W BroadcastQueue: Receiver during timeout of BroadcastRecord{d751b39 u-1 android.intent.action.SCREEN_ON} : BroadcastFilter{d170d8a u0 ReceiverList{4b7abf5 1253 system/1000/u0 local:dd5652c}}
01-01 06:22:43.625  1253  1589 I chatty  : uid=1000(system) watchdog expire 35 lines
01-01 06:22:43.780  1253  1258 I chatty  : uid=1000(system) Signal Catcher expire 5 lines
01-01 06:22:43.782   809   809 I /system/bin/tombstoned: registered intercept for pid 1253 and type kDebuggerdJavaBacktrace
01-01 06:22:44.007  1253  1351 I chatty  : uid=1000(system) hidl_ssvc_poll expire 1 line
01-01 06:22:49.199   809   809 I /system/bin/tombstoned: received crash request for pid 1253
01-01 06:22:49.199   809   809 I /system/bin/tombstoned: found intercept fd 512 for pid 1253 and type kDebuggerdJavaBacktrace
01-01 06:22:49.202   809   809 I /system/bin/tombstoned: registered intercept for pid 528 and type kDebuggerdNativeBacktrace
01-01 06:22:49.226   528   528 I libc    : Requested dump for tid 528 (audio@2.0-servi)
01-01 06:22:49.322  3022  3022 I crash_dump32: obtaining output fd from tombstoned, type: kDebuggerdNativeBacktrace
01-01 06:22:49.323   809   809 I /system/bin/tombstoned: received crash request for pid 528
01-01 06:22:49.323   809   809 I /system/bin/tombstoned: found intercept fd 512 for pid 528 and type kDebuggerdNativeBacktrace
01-01 06:22:49.323  3022  3022 I crash_dump32: performing dump of process 528 (target tid = 528)
01-01 06:22:49.364   809   809 I /system/bin/tombstoned: registered intercept for pid 544 and type kDebuggerdNativeBacktrace
01-01 06:22:49.365   544   544 I libc    : Requested dump for tid 544 (sensors@1.0-ser)
01-01 06:22:49.415  3027  3027 I crash_dump64: obtaining output fd from tombstoned, type: kDebuggerdNativeBacktrace
01-01 06:22:49.416   809   809 I /system/bin/tombstoned: received crash request for pid 544
01-01 06:22:49.416   809   809 I /system/bin/tombstoned: found intercept fd 512 for pid 544 and type kDebuggerdNativeBacktrace
01-01 06:22:49.416  3027  3027 I crash_dump64: performing dump of process 544 (target tid = 544)
01-01 06:22:49.470   809   809 I /system/bin/tombstoned: registered intercept for pid 531 and type kDebuggerdNativeBacktrace
01-01 06:22:49.471   531   531 I libc    : Requested dump for tid 531 (bluetooth@1.0-s)
01-01 06:22:49.492  3032  3032 I crash_dump64: obtaining output fd from tombstoned, type: kDebuggerdNativeBacktrace
01-01 06:22:49.492   809   809 I /system/bin/tombstoned: received crash request for pid 531
01-01 06:22:49.492   809   809 I /system/bin/tombstoned: found intercept fd 512 for pid 531 and type kDebuggerdNativeBacktrace
01-01 06:22:49.492  3032  3032 I crash_dump64: performing dump of process 531 (target tid = 531)
01-01 06:22:49.500   809   809 I /system/bin/tombstoned: registered intercept for pid 532 and type kDebuggerdNativeBacktrace
01-01 06:22:49.501   532   532 I libc    : Requested dump for tid 532 (provider@2.4-se)
01-01 06:22:49.540  3037  3037 I crash_dump32: obtaining output fd from tombstoned, type: kDebuggerdNativeBacktrace
01-01 06:22:49.541   809   809 I /system/bin/tombstoned: received crash request for pid 532
01-01 06:22:49.541   809   809 I /system/bin/tombstoned: found intercept fd 512 for pid 532 and type kDebuggerdNativeBacktrace
01-01 06:22:49.541  3037  3037 I crash_dump32: performing dump of process 532 (target tid = 532)
01-01 06:22:49.594   809   809 I /system/bin/tombstoned: registered intercept for pid 714 and type kDebuggerdNativeBacktrace
01-01 06:22:49.595   809   809 I /system/bin/tombstoned: received crash request for pid 714
01-01 06:22:49.595   809   809 I /system/bin/tombstoned: found intercept fd 512 for pid 714 and type kDebuggerdNativeBacktrace
01-01 06:22:49.744   809   809 I /system/bin/tombstoned: registered intercept for pid 539 and type kDebuggerdNativeBacktrace
01-01 06:22:49.744   539   539 I libc    : Requested dump for tid 539 (composer@2.1-se)
01-01 06:22:49.772  3042  3042 I crash_dump64: obtaining output fd from tombstoned, type: kDebuggerdNativeBacktrace
01-01 06:22:49.772   809   809 I /system/bin/tombstoned: received crash request for pid 539
01-01 06:22:49.772   809   809 I /system/bin/tombstoned: found intercept fd 512 for pid 539 and type kDebuggerdNativeBacktrace
01-01 06:22:49.772  3042  3042 I crash_dump64: performing dump of process 539 (target tid = 539)
01-01 06:22:49.801   809   809 I /system/bin/tombstoned: registered intercept for pid 568 and type kDebuggerdNativeBacktrace
01-01 06:22:49.801   568   568 I libc    : Requested dump for tid 568 (audioserver)
01-01 06:22:49.830  3048  3048 I crash_dump32: obtaining output fd from tombstoned, type: kDebuggerdNativeBacktrace
01-01 06:22:49.830   809   809 I /system/bin/tombstoned: received crash request for pid 568
01-01 06:22:49.830   809   809 I /system/bin/tombstoned: found intercept fd 512 for pid 568 and type kDebuggerdNativeBacktrace
01-01 06:22:49.831  3048  3048 I crash_dump32: performing dump of process 568 (target tid = 568)
01-01 06:22:49.880   809   809 I /system/bin/tombstoned: registered intercept for pid 571 and type kDebuggerdNativeBacktrace
01-01 06:22:49.881   571   571 I libc    : Requested dump for tid 571 (surfaceflinger)
01-01 06:22:49.912  3053  3053 I crash_dump64: obtaining output fd from tombstoned, type: kDebuggerdNativeBacktrace
01-01 06:22:49.913   809   809 I /system/bin/tombstoned: received crash request for pid 571
01-01 06:22:49.913   809   809 I /system/bin/tombstoned: found intercept fd 512 for pid 571 and type kDebuggerdNativeBacktrace
01-01 06:22:49.913  3053  3053 I crash_dump64: performing dump of process 571 (target tid = 571)
01-01 06:22:49.953   809   809 I /system/bin/tombstoned: registered intercept for pid 683 and type kDebuggerdNativeBacktrace
01-01 06:22:49.955   683   683 I libc    : Requested dump for tid 683 (drmserver)
01-01 06:22:49.981  3059  3059 I crash_dump32: obtaining output fd from tombstoned, type: kDebuggerdNativeBacktrace
01-01 06:22:49.981   809   809 I /system/bin/tombstoned: received crash request for pid 683
01-01 06:22:49.981   809   809 I /system/bin/tombstoned: found intercept fd 512 for pid 683 and type kDebuggerdNativeBacktrace
01-01 06:22:49.982  3059  3059 I crash_dump32: performing dump of process 683 (target tid = 683)
01-01 06:22:50.010   809   809 I /system/bin/tombstoned: registered intercept for pid 693 and type kDebuggerdNativeBacktrace
01-01 06:22:50.011   693   693 I libc    : Requested dump for tid 693 (mediadrmserver)
01-01 06:22:50.033  3065  3065 I crash_dump64: obtaining output fd from tombstoned, type: kDebuggerdNativeBacktrace
01-01 06:22:50.033   809   809 I /system/bin/tombstoned: received crash request for pid 693
01-01 06:22:50.033   809   809 I /system/bin/tombstoned: found intercept fd 512 for pid 693 and type kDebuggerdNativeBacktrace
01-01 06:22:50.033  3065  3065 I crash_dump64: performing dump of process 693 (target tid = 693)
01-01 06:22:50.045   809   809 I /system/bin/tombstoned: registered intercept for pid 706 and type kDebuggerdNativeBacktrace
01-01 06:22:50.058   809   809 I /system/bin/tombstoned: received crash request for pid 706
01-01 06:22:50.059   809   809 I /system/bin/tombstoned: found intercept fd 512 for pid 706 and type kDebuggerdNativeBacktrace
01-01 06:22:50.101   809   809 I /system/bin/tombstoned: registered intercept for pid 707 and type kDebuggerdNativeBacktrace
01-01 06:22:50.102   707   707 I libc    : Requested dump for tid 707 (mediametrics)
01-01 06:22:50.127  3071  3071 I crash_dump64: obtaining output fd from tombstoned, type: kDebuggerdNativeBacktrace
01-01 06:22:50.127   809   809 I /system/bin/tombstoned: received crash request for pid 707
01-01 06:22:50.127   809   809 I /system/bin/tombstoned: found intercept fd 512 for pid 707 and type kDebuggerdNativeBacktrace
01-01 06:22:50.129  3071  3071 I crash_dump64: performing dump of process 707 (target tid = 707)
01-01 06:22:50.142   809   809 I /system/bin/tombstoned: registered intercept for pid 708 and type kDebuggerdNativeBacktrace
01-01 06:22:50.143   708   708 I libc    : Requested dump for tid 708 (mediaserver)
01-01 06:22:50.169  3076  3076 I crash_dump32: obtaining output fd from tombstoned, type: kDebuggerdNativeBacktrace
01-01 06:22:50.170   809   809 I /system/bin/tombstoned: received crash request for pid 708
01-01 06:22:50.170   809   809 I /system/bin/tombstoned: found intercept fd 512 for pid 708 and type kDebuggerdNativeBacktrace
01-01 06:22:50.170  3076  3076 I crash_dump32: performing dump of process 708 (target tid = 708)
01-01 06:22:50.201   809   809 I /system/bin/tombstoned: registered intercept for pid 714 and type kDebuggerdNativeBacktrace
01-01 06:22:50.201   809   809 I /system/bin/tombstoned: received crash request for pid 714
01-01 06:22:50.201   809   809 I /system/bin/tombstoned: found intercept fd 512 for pid 714 and type kDebuggerdNativeBacktrace
01-01 06:22:50.243  2649  2649 D Midtest.NvDealService:  stop self! 
01-01 06:22:50.246  2649  2649 D Midtest.NvDealService:  onDestroy! 
01-01 06:22:50.249  1253  2786 I ActivityManager: Killing 2614:com.android.packageinstaller/u0a25 (adj 906): empty #17
01-01 06:22:50.250  1253  1278 I chatty  : uid=1000(system) ActivityManager expire 4 lines
01-01 06:22:50.311   477   477 I Zygote  : Process 2614 exited due to signal (9)
01-01 06:22:50.353   809   809 I /system/bin/tombstoned: registered intercept for pid 1994 and type kDebuggerdNativeBacktrace
01-01 06:22:50.354  1994  1994 I libc    : Requested dump for tid 1994 (cameraserver)
01-01 06:22:50.383  3081  3081 I crash_dump32: obtaining output fd from tombstoned, type: kDebuggerdNativeBacktrace
01-01 06:22:50.383   809   809 I /system/bin/tombstoned: received crash request for pid 1994
01-01 06:22:50.383   809   809 I /system/bin/tombstoned: found intercept fd 512 for pid 1994 and type kDebuggerdNativeBacktrace
01-01 06:22:50.384  3081  3081 I crash_dump32: performing dump of process 1994 (target tid = 1994)
01-01 06:22:50.408   809   809 I /system/bin/tombstoned: registered intercept for pid 2725 and type kDebuggerdNativeBacktrace
01-01 06:22:50.409  2725  2725 I libc    : Requested dump for tid 2725 (droid.bluetooth)
01-01 06:22:50.457  3086  3086 I crash_dump64: obtaining output fd from tombstoned, type: kDebuggerdNativeBacktrace
01-01 06:22:50.458   809   809 I /system/bin/tombstoned: received crash request for pid 2725
01-01 06:22:50.458   809   809 I /system/bin/tombstoned: found intercept fd 512 for pid 2725 and type kDebuggerdNativeBacktrace
01-01 06:22:50.458  3086  3086 I crash_dump64: performing dump of process 2725 (target tid = 2725)
01-01 06:22:58.755  2911  2951 W ParcelFileDescriptor: Peer didn't provide a comm channel; unable to check for errors
01-01 06:22:58.756  2911  2951 D Metrics : docsui_fileop_system: 3
01-01 06:22:58.757  2911  2951 D FileOperationService: onFinished: 152466-0
01-01 06:22:58.848  1253  2781 I chatty  : uid=1000(system) PhotonicModulat expire 1 line
01-01 06:22:58.849  1253  1532 I chatty  : uid=1000(system) PhotonicModulat expire 5 lines
01-01 06:22:58.849  1253  1286 I chatty  : uid=1000(system) BatteryStats_wa expire 1 line
01-01 06:22:58.849   543   543 E QTI PowerHAL: Failed to acquire lock for hint_id: 1041.
01-01 06:22:58.849   543   543 I QTI PowerHAL: Got set_interactive hint
01-01 06:22:58.850   543   543 I QTI PowerHAL: Got set_interactive hint on= 1, count= 7
01-01 06:22:58.850   543   543 E QTI PowerHAL: Error opening /sys/kernel/hbtp/display_pwr: No such file or directory
01-01 06:22:58.850  1253  1253 I chatty  : uid=1000 system_server expire 1 line
01-01 06:22:58.851  1253  1253 W Looper  : Slow dispatch took 65969ms main h=android.app.ActivityThread$H c=android.app.-$$Lambda$LoadedApk$ReceiverDispatcher$Args$_BumDX2UKsnxLVrE6UJsJZkotuA@2717b3a m=0
01-01 06:22:58.851  1253  1253 W Looper  : Slow delivery took 65969ms main h=com.android.server.AlarmManagerService$AlarmHandler c=null m=4
01-01 06:22:58.851  1253  2786 I chatty  : uid=1000(system) Binder:1253_B expire 1 line
01-01 06:22:58.852   571   571 D SurfaceFlinger: Set power mode=2, type=0 flinger=0x792003d000
01-01 06:22:58.852  1253  2196 I chatty  : uid=1000(system) Binder:1253_A expire 1 line
01-01 06:22:58.852  1253  1281 I chatty  : uid=1000(system) android.fg expire 1 line
01-01 06:22:58.852  1253  1350 I PowerManagerService: Nap time (uid 1000)...
01-01 06:22:58.853  1253  1283 I chatty  : uid=1000(system) android.display expire 1 line
01-01 06:22:58.853  1253  1285 I chatty  : uid=1000(system) PowerManagerSer expire 1 line
01-01 06:22:58.857   539   539 I SDM     : DisplayBase::SetDisplayState: Set state = 1, display 0
01-01 06:22:58.858  1253  1283 I DisplayManagerService: Display device changed state: "内置屏幕", ON
01-01 06:22:58.870  1253  1650 I chatty  : uid=1000(system) Binder:1253_8 expire 1 line
01-01 06:22:58.871  1253  1275 I chatty  : uid=1000(system) ActivityManager expire 4 lines
01-01 06:22:58.872  1253  1275 W BroadcastQueue: Timeout of broadcast BroadcastRecord{d751b39 u-1 android.intent.action.SCREEN_ON} - receiver=android.app.LoadedApk$ReceiverDispatcher$InnerReceiver@e7ac712, started 15906ms ago
01-01 06:22:58.872  1253  1275 W BroadcastQueue: Receiver during timeout of BroadcastRecord{d751b39 u-1 android.intent.action.SCREEN_ON} : BroadcastFilter{d5c90e0 u0 ReceiverList{cda6ee3 1253 system/1000/u0 local:e7ac712}}
01-01 06:22:58.872  1253  1875 I chatty  : uid=1000(system) Binder:1253_9 expire 1 line
01-01 06:22:58.876  1253  1253 V SettingsProvider: Notifying for 0: content://settings/system/screen_brightness
01-01 06:22:58.881  1253  1350 W ContextImpl: Calling a method in the system process without a qualified user: android.app.ContextImpl.sendBroadcast:1005 com.android.server.policy.PhoneWindowManager.interceptPowerKeyUp:1534 com.android.server.policy.PhoneWindowManager.interceptKeyBeforeQueueing:6649 com.android.server.wm.InputMonitor.interceptKeyBeforeQueueing:478 com.android.server.input.InputManagerService.interceptKeyBeforeQueueing:1842 
01-01 06:22:58.888  1253  1366 I chatty  : uid=1000(system) WifiStateMachin expire 1 line
01-01 06:22:58.897  1253  1350 W ContextImpl: Calling a method in the system process without a qualified user: android.app.ContextImpl.sendBroadcast:1005 com.android.server.policy.PhoneWindowManager.cancelPendingPowerKeyAction:1581 com.android.server.policy.PhoneWindowManager.interceptPowerKeyUp:1540 com.android.server.policy.PhoneWindowManager.interceptKeyBeforeQueueing:6649 com.android.server.wm.InputMonitor.interceptKeyBeforeQueueing:478 
01-01 06:22:58.899  2263  2263 D MediaScannerReceiver: action: android.intent.action.MEDIA_SCANNER_SCAN_FILE path: /storage/BE05-07F0/SHIPPING_LLD35024_T006_0423_FUSED (1).zip
01-01 06:22:58.905  1253  1285 I DisplayPowerController: Unblocked screen on after 66041 ms
01-01 06:22:58.912  1253  1350 I WindowManager: Suppressed redundant power key press while already in the process of turning the screen on.
01-01 06:22:58.912  1253  1350 I chatty  : uid=1000(system) InputReader expire 25 lines
01-01 06:22:58.915  1253  1350 W ContextImpl: Calling a method in the system process without a qualified user: android.app.ContextImpl.sendBroadcast:1005 com.android.server.policy.PhoneWindowManager.interceptPowerKeyUp:1534 com.android.server.policy.PhoneWindowManager.interceptKeyBeforeQueueing:6649 com.android.server.wm.InputMonitor.interceptKeyBeforeQueueing:478 com.android.server.input.InputManagerService.interceptKeyBeforeQueueing:1842 
01-01 06:22:58.922  1253  1350 W ContextImpl: Calling a method in the system process without a qualified user: android.app.ContextImpl.sendBroadcast:1005 com.android.server.policy.PhoneWindowManager.cancelPendingPowerKeyAction:1581 com.android.server.policy.PhoneWindowManager.interceptPowerKeyUp:1540 com.android.server.policy.PhoneWindowManager.interceptKeyBeforeQueueing:6649 com.android.server.wm.InputMonitor.interceptKeyBeforeQueueing:478 
01-01 06:22:58.932   540   540 I chatty  : uid=1000(system) health@2.0-serv expire 6 lines
01-01 06:22:58.933  1253  1350 D WindowManager: powerPress: eventTime=338104 interactive=true count=1 beganFromNonInteractive=false mShortPressOnPowerBehavior=1
01-01 06:22:58.933  1253  1350 I PowerManagerService: Going to sleep due to power button (uid 1000)...
01-01 06:22:58.935  2911  2951 D FileOperationService: deleteJob: 152466-0
01-01 06:22:58.936  2911  2951 D FileOperationService: Stop foreground
01-01 06:22:58.937  1253  1350 I PowerManagerService: Waking up from dozing (uid=1000 reason=android.policy:POWER)...
01-01 06:22:58.949  1253  1932 D BatteryService: charger,turn off the led
01-01 06:22:58.952  1253  1279 E KernelCpuSpeedReader: Failed to read cpu-freq: /sys/devices/system/cpu/cpu0/cpufreq/stats/time_in_state (No such file or directory)
01-01 06:22:58.958  1253  1279 D KernelUidCpuTimeReader: Removing uids 1037-1037
01-01 06:22:58.966  1253  1350 I PowerManagerService: Nap time (uid 1000)...
01-01 06:22:58.967  1253  1350 W ContextImpl: Calling a method in the system process without a qualified user: android.app.ContextImpl.sendBroadcast:1005 com.android.server.policy.PhoneWindowManager.interceptPowerKeyUp:1534 com.android.server.policy.PhoneWindowManager.interceptKeyBeforeQueueing:6649 com.android.server.wm.InputMonitor.interceptKeyBeforeQueueing:478 com.android.server.input.InputManagerService.interceptKeyBeforeQueueing:1842 
01-01 06:22:58.969  1574  3003 D KeyguardViewMediator: notifyScreenTurnedOff
01-01 06:22:58.969  1574  1574 D KeyguardViewMediator: handleNotifyScreenTurnedOff
01-01 06:22:58.970  1574  1574 D ==>shaoxinbo: resetInitState  mCurrentState = 10
01-01 06:22:58.973  1574  1574 E KeyguardIndication: computeIndication mHandler.sendMessageDelayed
01-01 06:22:58.981  1253  1932 D BatteryService: charger,turn off the led
01-01 06:22:58.982  1253  1285 I DisplayPowerController: Blocking screen on until initial contents have been drawn.
01-01 06:22:58.983  1253  1279 E KernelCpuSpeedReader: Failed to read cpu-freq: /sys/devices/system/cpu/cpu0/cpufreq/stats/time_in_state (No such file or directory)
01-01 06:22:58.984  1253  1350 W ContextImpl: Calling a method in the system process without a qualified user: android.app.ContextImpl.sendBroadcast:1005 com.android.server.policy.PhoneWindowManager.cancelPendingPowerKeyAction:1581 com.android.server.policy.PhoneWindowManager.interceptPowerKeyUp:1540 com.android.server.policy.PhoneWindowManager.interceptKeyBeforeQueueing:6649 com.android.server.wm.InputMonitor.interceptKeyBeforeQueueing:478 
01-01 06:22:58.986  1574  3003 D KeyguardViewMediator: notifyScreenOn
01-01 06:22:58.996  1253  1350 W ContextImpl: Calling a method in the system process without a qualified user: android.app.ContextImpl.sendBroadcast:1005 com.android.server.policy.PhoneWindowManager.interceptPowerKeyUp:1534 com.android.server.policy.PhoneWindowManager.interceptKeyBeforeQueueing:6649 com.android.server.wm.InputMonitor.interceptKeyBeforeQueueing:478 com.android.server.input.InputManagerService.interceptKeyBeforeQueueing:1842 
01-01 06:22:58.998  1253  1350 W ContextImpl: Calling a method in the system process without a qualified user: android.app.ContextImpl.sendBroadcast:1005 com.android.server.policy.PhoneWindowManager.cancelPendingPowerKeyAction:1581 com.android.server.policy.PhoneWindowManager.interceptPowerKeyUp:1540 com.android.server.policy.PhoneWindowManager.interceptKeyBeforeQueueing:6649 com.android.server.wm.InputMonitor.interceptKeyBeforeQueueing:478 
01-01 06:22:59.000  1253  1350 I WindowManager: Suppressed redundant power key press while already in the process of turning the screen on.
01-01 06:22:59.004  1253  1350 W ContextImpl: Calling a method in the system process without a qualified user: android.app.ContextImpl.sendBroadcast:1005 com.android.server.policy.PhoneWindowManager.interceptPowerKeyUp:1534 com.android.server.policy.PhoneWindowManager.interceptKeyBeforeQueueing:6649 com.android.server.wm.InputMonitor.interceptKeyBeforeQueueing:478 com.android.server.input.InputManagerService.interceptKeyBeforeQueueing:1842 
01-01 06:22:59.007  1253  1350 W ContextImpl: Calling a method in the system process without a qualified user: android.app.ContextImpl.sendBroadcast:1005 com.android.server.policy.PhoneWindowManager.cancelPendingPowerKeyAction:1581 com.android.server.policy.PhoneWindowManager.interceptPowerKeyUp:1540 com.android.server.policy.PhoneWindowManager.interceptKeyBeforeQueueing:6649 com.android.server.wm.InputMonitor.interceptKeyBeforeQueueing:478 
01-01 06:22:59.009  1253  1350 I WindowManager: Suppressed redundant power key press while already in the process of turning the screen on.
01-01 06:22:59.011  1253  1281 W Looper  : Slow dispatch took 45488ms android.fg h=android.os.Handler c=com.android.server.Watchdog$HandlerChecker@6b231a7 m=0
01-01 06:22:59.030  1253  1253 W UsageStatsService: Event reported without a package name
01-01 06:22:59.035  1253  1253 V SettingsProvider: Notifying for 0: content://settings/system/screen_brightness
01-01 06:22:59.042  1253  1253 W UsageStatsService: Event reported without a package name
01-01 06:22:59.043  1574  1591 D KeyguardViewMediator: onStartedGoingToSleep(2)
01-01 06:22:59.045  1574  1591 D KeyguardViewMediator: notifyStartedGoingToSleep
01-01 06:22:59.047  1574  1591 D KeyguardViewMediator: onFinishedGoingToSleep(2)
01-01 06:22:59.048  1574  1591 D KeyguardViewMediator: notifyFinishedGoingToSleep
01-01 06:22:59.048  1574  1591 E KeyguardViewMediator: resetStateLocked
01-01 06:22:59.049  1253  1253 W UsageStatsService: Event reported without a package name
01-01 06:22:59.050  1574  1591 D KeyguardViewMediator: onStartedWakingUp, seq = 7
01-01 06:22:59.050  1574  1591 D KeyguardViewMediator: notifyStartedWakingUp
01-01 06:22:59.054  1574  1574 I ndroid.systemu: Explicit concurrent copying GC freed 16531(684KB) AllocSpace objects, 0(0B) LOS objects, 77% free, 3MB/15MB, paused 109us total 63.949ms
01-01 06:22:59.054  1574  1574 D StatusBar: disable<e i a s b H R c s > disable2<q i n >
01-01 06:22:59.055  1574  1574 D StatusBar: disable<e i a s b H R c s > disable2<q i n >
01-01 06:22:59.055  1574  1574 D KeyguardViewMediator: handleNotifyScreenTurningOn
01-01 06:22:59.055  2191  2349 I chatty  : uid=1000(system) BatteryTemperat expire 12 lines
01-01 06:22:59.059  2191  2350 I chatty  : uid=1000(system) BatteryChargeTi expire 8 lines
01-01 06:22:59.064  1574  1574 V KeyguardUpdateMonitor: startListeningForFingerprint()
01-01 06:22:59.064  1574  1574 D KeyguardViewMediator: handleNotifyStartedGoingToSleep
01-01 06:22:59.065  1574  1574 D KeyguardViewMediator: handleNotifyFinishedGoingToSleep
01-01 06:22:59.065  1574  1574 D KeyguardViewMediator: handleReset
01-01 06:22:59.068  1574  1574 E KeyguardIndication: computeIndication mHandler.sendMessageDelayed
01-01 06:22:59.105  1253  1253 V SettingsProvider: Notifying for 0: content://settings/system/screen_brightness
01-01 06:22:59.136  1574  1574 I ndroid.systemu: Explicit concurrent copying GC freed 1621(110KB) AllocSpace objects, 0(0B) LOS objects, 76% free, 3MB/15MB, paused 91us total 58.727ms
01-01 06:22:59.136  1574  1574 D StatusBar: disable<e i a s b H R c s > disable2<q i n >
01-01 06:22:59.136  1574  1574 D StatusBar: disable<e i a s b H R c s > disable2<q i n >
01-01 06:22:59.137  1574  1574 D KeyguardViewMediator: adjustStatusBarLocked: mShowing=true mOccluded=false isSecure=false force=false --> flags=0x1200000
01-01 06:22:59.138  1574  1574 D KeyguardViewBase: show()
01-01 06:22:59.138  1574  1574 V KeyguardSecurityView: showPrimarySecurityScreen(turningOff=false)
01-01 06:22:59.138  1574  1574 D KeyguardSecurityView: showSecurityScreen(None)
01-01 06:22:59.139  1574  1574 V KeyguardStatusView: Schedule setEnableMarquee: Disable
01-01 06:22:59.139  1574  1574 V KeyguardStatusView: Disable transport text marquee
01-01 06:22:59.141  1574  1574 V KeyguardUpdateMonitor: startListeningForFingerprint()
01-01 06:22:59.143  1574  1574 E KeyguardIndication: computeIndication mHandler.sendMessageDelayed
01-01 06:22:59.199  1253  1263 I chatty  : uid=1000(system) HeapTaskDaemon expire 1 line
01-01 06:22:59.211  1574  1574 I ndroid.systemu: Explicit concurrent copying GC freed 1241(98KB) AllocSpace objects, 0(0B) LOS objects, 75% free, 3MB/15MB, paused 108us total 61.354ms
01-01 06:22:59.212  1574  1574 D StatusBar: disable<e i a s b H R c s > disable2<q i n >
01-01 06:22:59.212  1574  1574 D StatusBar: disable<e i a s b H R c s > disable2<q i n >
01-01 06:22:59.212  1574  1574 D KeyguardViewMediator: handleNotifyWakingUp
01-01 06:22:59.213  1574  1574 V KeyguardUpdateMonitor: startListeningForFingerprint()
01-01 06:22:59.214  1574  1574 V KeyguardStatusView: Schedule setEnableMarquee: Enable
01-01 06:22:59.216  1574  1574 E KeyguardIndication: computeIndication mHandler.sendMessageDelayed
01-01 06:22:59.281  1574  1574 I ndroid.systemu: Explicit concurrent copying GC freed 1828(146KB) AllocSpace objects, 0(0B) LOS objects, 75% free, 3MB/15MB, paused 94us total 59.172ms
01-01 06:22:59.281  1574  1574 D StatusBar: disable<e i a s b H R c s > disable2<q i n >
01-01 06:22:59.281  1574  1574 D StatusBar: disable<e i a s b H R c s > disable2<q i n >
01-01 06:22:59.282  1574  1574 D KeyguardUpdateMonitor: received broadcast android.intent.action.BATTERY_CHANGED
01-01 06:22:59.282  1574  1574 D PowerUI : xxbuckets   .....20 .. 15 .. 10 .. 5 .. 1
01-01 06:22:59.282  1574  1574 D PowerUI : level          49 --> 49
01-01 06:22:59.282  1574  1574 D PowerUI : status         3 --> 3
01-01 06:22:59.282  1574  1574 D PowerUI : plugType       0 --> 0
01-01 06:22:59.282  1574  1574 D PowerUI : invalidCharger 0 --> 0
01-01 06:22:59.283  1574  1574 D PowerUI : bucket         1 --> 1
01-01 06:22:59.283  1574  1574 D PowerUI : plugged        false --> false
01-01 06:22:59.283  1574  1574 D PowerUI : batteryTemperature   292
01-01 06:22:59.283  1574  1574 D PowerUI : charger_health 0
01-01 06:22:59.283  1574  1574 D PowerUI : dismissVoltageOverWarning
01-01 06:22:59.283  1253  1253 W Looper  : Drained
01-01 06:22:59.284  1574  1574 D KeyguardUpdateMonitor: received broadcast android.intent.action.BATTERY_CHANGED
01-01 06:22:59.320   571   571 D SurfaceFlinger: Finished set power mode=2, type=0
01-01 06:22:59.337  1574  1574 D PowerUI : xxbuckets   .....20 .. 15 .. 10 .. 5 .. 1
01-01 06:22:59.337  1574  1574 D PowerUI : level          49 --> 49
01-01 06:22:59.337  1574  1574 D PowerUI : status         3 --> 3
01-01 06:22:59.337  1574  1574 D PowerUI : plugType       0 --> 0
01-01 06:22:59.337  1574  1574 D PowerUI : invalidCharger 0 --> 0
01-01 06:22:59.337  1574  1574 D PowerUI : bucket         1 --> 1
01-01 06:22:59.337  1574  1574 D PowerUI : plugged        false --> false
01-01 06:22:59.337  1574  1574 D PowerUI : batteryTemperature   294
01-01 06:22:59.338  1574  1574 D PowerUI : charger_health 0
01-01 06:22:59.338  1574  1574 D PowerUI : dismissVoltageOverWarning
01-01 06:22:59.340  1574  1574 I vol.Events: writeEvent dismiss_dialog volume_controller
01-01 06:22:59.343  1574  1574 D KeyguardUpdateMonitor: handleKeyguardReset
01-01 06:22:59.343  1659  1659 D DPMJ    : |SERVICE| DPM received action android.intent.action.SCREEN_ON
01-01 06:22:59.343  1574  1574 V KeyguardUpdateMonitor: startListeningForFingerprint()
01-01 06:22:59.345  1574  1574 D KeyguardUpdateMonitor: handleBatteryUpdate
01-01 06:22:59.345  1574  1574 D KeyguardUpdateMonitor: handleBatteryUpdate
01-01 06:22:59.346  1253  1285 I DisplayPowerController: Unblocked screen on after 363 ms
01-01 06:22:59.347  1253  2471 I chatty  : uid=1000(system) IzatProvider expire 12 lines
01-01 06:22:59.347  1574  1800 D KeyguardViewMediator: notifyScreenTurnedOn
01-01 06:22:59.348   551   551 V LocSvc_HIDL_IzatSubscription: [screenStatusUpdate][575] [HS] <<<<= [HC]
01-01 06:22:59.348   551  1618 I LocSvc_SystemStatusOsObserver: DataItem: IS_SCREEN_ON: true >> IZAT-MANAGER
01-01 06:22:59.348   551  2491 I LocSvc_libulp: ulp_msg_process_system_update: systemEvent:0 
01-01 06:22:59.348   551  2491 I LocSvc_libulp: ulp_msg_process_start_req, at ulp state = 1
01-01 06:22:59.348  1253  1285 I PowerManagerService: Going to sleep due to screen timeout (uid 1000)...
01-01 06:22:59.349  1253  1285 I DreamManagerService: Gently waking up from dream.
01-01 06:22:59.349  1253  1281 I DreamManagerService: Performing gentle wake from dream.
01-01 06:22:59.351  1574  1800 D KeyguardViewMediator: onStartedGoingToSleep(3)
01-01 06:22:59.351  1253  1285 I DisplayPowerController: Blocking screen off
01-01 06:22:59.352  1253  1285 I DisplayPowerController: Unblocked screen off after 0 ms
01-01 06:22:59.353  1574  1800 D KeyguardViewMediator: notifyStartedGoingToSleep
01-01 06:22:59.363  1253  1932 D BatteryService: charger,turn off the led
01-01 06:22:59.364  1253  1279 E KernelCpuSpeedReader: Failed to read cpu-freq: /sys/devices/system/cpu/cpu0/cpufreq/stats/time_in_state (No such file or directory)
01-01 06:22:59.365  1574  1800 D KeyguardViewMediator: notifyScreenTurnedOff
01-01 06:22:59.416  1574  1574 I ndroid.systemu: Explicit concurrent copying GC freed 3167(223KB) AllocSpace objects, 0(0B) LOS objects, 75% free, 3MB/15MB, paused 79us total 60.572ms
01-01 06:22:59.486  1574  1574 I ndroid.systemu: Explicit concurrent copying GC freed 697(100KB) AllocSpace objects, 0(0B) LOS objects, 75% free, 3MB/15MB, paused 100us total 64.134ms
01-01 06:22:59.528  1253  1283 I DisplayManagerService: Display device changed state: "内置屏幕", OFF
01-01 06:22:59.533  1253  1350 I chatty  : uid=1000(system) InputReader expire 4 lines
01-01 06:22:59.554  1574  1574 I ndroid.systemu: Explicit concurrent copying GC freed 613(67KB) AllocSpace objects, 0(0B) LOS objects, 75% free, 3MB/15MB, paused 90us total 63.223ms
01-01 06:22:59.621  1574  1574 I ndroid.systemu: Explicit concurrent copying GC freed 628(115KB) AllocSpace objects, 0(0B) LOS objects, 75% free, 3MB/15MB, paused 83us total 62.307ms
01-01 06:22:59.629   571   571 D SurfaceFlinger: Set power mode=0, type=0 flinger=0x792003d000
01-01 06:22:59.629   539  2108 I SDM     : DisplayBase::SetDisplayState: Set state = 0, display 0
